03-18 02:26:53.875 D/ZenLog  ( 1609): config: readXml,ZenModeConfig[user=0,allowCalls=true,allowRepeatCallers=false,allowMessages=false,allowCallsFrom=contacts,allowMessagesFrom=contacts,allowReminders=true,allowEvents=true,allowWhenScreenOff=true,allowWhenScreenOn=true,automaticRules={EVENTS_DEFAULT_RULE=ZenRule[enabled=false,snoozing=false,name=Event,zenMode=ZEN_MODE_ALARMS,conditionId=condition://android/event?userId=-10000&calendar=&reply=1,condition=Condition[id=condition://android/event?userId=-10000&calendar=&reply=1,summary=...,line1=...,line2=...,icon=0,state=STATE_FALSE,flags=2],component=ComponentInfo{android/com.android.server.notification.EventConditionProvider},id=EVENTS_DEFAULT_RULE,creationTime=1552639615742,enabler=null], SCHEDULED_DEFAULT_RULE_1=ZenRule[enabled=false,snoozing=false,name=Weeknight,zenMode=ZEN_MODE_ALARMS,conditionId=condition://android/schedule?days=1.2.3.4.5&start=22.0&end=7.0&exitAtAlarm=false,condition=Condition[id=condition://android/schedule?days=1.2.3.4.5&start=22.0&end=7.0&exitAtAlarm=false,summary=...,line1=...,line2=...,icon=0,state=STATE_TRUE,flags=2],component=ComponentInfo{android/com.android.server.notification.ScheduleConditionProvider},id=SCHEDULED_DEFAULT_RULE_1,creationTime=1552639615742,enabler=null], SCHEDULED_DEFAULT_RULE_2=ZenRule[enabled=false,snoozing=false,name=Weekend,zenMode=ZEN_MODE_ALARMS,conditionId=condition://android/schedule?days=6.7&start=23.30&end=10.0&exitAtAlarm=false,condition=Condition[id=condition://android/schedule?days=6.7&start=23.30&end=10.0&exitAtAlarm=false,summary=...,line1=...,line2=...,icon=0,state=STATE_FALSE,flags=2],component=ComponentInfo{android/com.android.server.notification.ScheduleConditionProvider},id=SCHEDULED_DEFAULT_RULE_2,creationTime=1552639615742,enabler=null]},manualRule=null],Diff[automaticRule[EVENTS_DEFAULT_RULE].condition:null->Condition[id=condition://android/event?userId=-10000&calendar=&reply=1,summary=...,line1=...,line2=...,icon=0,state=STATE_FALSE,flags=2],automaticRule[EVENTS_DEFAULT_RULE].creationTime:1552876013870->1552639615742,automaticRule[SCHEDULED_DEFAULT_RULE_1].condition:null->Condition[id=condition://android/schedule?days=1.2.3.4.5&start=22.0&end=7.0&exitAtAlarm=false,summary=...,line1=...,line2=...,icon=0,state=STATE_TRUE,flags=2],automaticRule[SCHEDULED_DEFAULT_RULE_1].creationTime:1552876013870->1552639615742,automaticRule[SCHEDULED_DEFAULT_RULE_2].condition:null->Condition[id=condition://android/schedule?days=6.7&start=23.30&end=10.0&exitAtAlarm=false,summary=...,line1=...,line2=...,icon=0,state=STATE_FALSE,flags=2],automaticRule[SCHEDULED_DEFAULT_RULE_2].creationTime:1552876013870->1552639615742]
03-18 02:26:53.877 I/NotificationListeners( 1609): Read notification listener permissions from xml
03-18 02:26:53.877 I/ConditionProviders( 1609): Read condition provider permissions from xml
03-18 02:26:53.877 I/ConditionProviders( 1609): Read condition provider permissions from xml
03-18 02:26:53.878 D/ZenLog  ( 1609): set_zen_mode: off,init
03-18 02:26:53.882 D/SystemServerTiming( 1609): StartNotificationManager took to complete: 23ms
03-18 02:26:53.882 I/SystemServer( 1609): StartDeviceMonitor
03-18 02:26:53.882 I/SystemServiceManager( 1609): Starting com.android.server.storage.DeviceStorageMonitorService
03-18 02:26:53.884 D/SystemServerTiming( 1609): StartDeviceMonitor took to complete: 2ms
03-18 02:26:53.884 I/SystemServer( 1609): StartLocationManagerService
03-18 02:26:53.886 D/SystemServerTiming( 1609): StartLocationManagerService took to complete: 2ms
03-18 02:26:53.886 I/SystemServer( 1609): StartCountryDetectorService
03-18 02:26:53.887 D/SystemServerTiming( 1609): StartCountryDetectorService took to complete: 1ms
03-18 02:26:53.887 I/SystemServer( 1609): StartSearchManagerService
03-18 02:26:53.887 I/SystemServiceManager( 1609): Starting com.android.server.search.SearchManagerService$Lifecycle
03-18 02:26:53.889 D/SystemServerTiming( 1609): StartSearchManagerService took to complete: 2ms
03-18 02:26:53.889 I/SystemServer( 1609): StartWallpaperManagerService
03-18 02:26:53.889 I/SystemServiceManager( 1609): Starting com.android.server.wallpaper.WallpaperManagerService$Lifecycle
03-18 02:26:53.891 I/WallpaperManagerService( 1609): No static wallpaper imagery; defaults will be shown
03-18 02:26:53.894 D/SystemServerTiming( 1609): StartWallpaperManagerService took to complete: 5ms
03-18 02:26:53.894 I/SystemServer( 1609): StartAudioService
03-18 02:26:53.894 I/SystemServiceManager( 1609): Starting com.android.server.audio.AudioService$Lifecycle
03-18 02:26:53.902 W/TelecomManager( 1609): Telecom Service not found.
03-18 02:26:53.903 D/PermissionCache( 1123): checking android.permission.MODIFY_AUDIO_SETTINGS for uid=1000 => granted (830 us)
03-18 02:26:53.903 D/AudioPolicyManagerCustom( 1123): setForceUse() usage 4, config 0, mPhoneState 0
03-18 02:26:53.904 D/AudioPolicyManagerCustom( 1123): setForceUse() usage 3, config 8, mPhoneState 0
03-18 02:26:53.904 D/AudioPolicyManagerCustom( 1123): setForceUse() usage 6, config 0, mPhoneState 0
03-18 02:26:53.907 W/AudioFlinger( 1123): no wake lock to update, system not ready yet
03-18 02:26:53.907 W/AudioFlinger( 1123): no wake lock to update, system not ready yet
03-18 02:26:53.908 W/AudioFlinger( 1123): no wake lock to update, system not ready yet
03-18 02:26:53.908 W/AudioFlinger( 1123): no wake lock to update, system not ready yet
03-18 02:26:53.909 D/audio_hw_primary(  787): adev_set_mic_mute state 0
03-18 02:26:53.910 W/DeviceHAL(  787): Device 0xed16b700 set_mic_mute: Function not implemented
03-18 02:26:53.910 W/DeviceHAL(  787): Device 0xeb9aa500 set_mic_mute: Function not implemented
03-18 02:26:53.943 D/SystemServerTiming( 1609): StartAudioService took to complete: 49ms
03-18 02:26:53.943 I/SystemServer( 1609): StartDockObserver
03-18 02:26:53.944 I/SystemServiceManager( 1609): Starting com.android.server.DockObserver
03-18 02:26:53.944 W/DockObserver( 1609): This kernel does not have dock station support
03-18 02:26:53.945 D/SystemServerTiming( 1609): StartDockObserver took to complete: 1ms
03-18 02:26:53.945 I/SystemServer( 1609): StartWiredAccessoryManager
03-18 02:26:53.946 W/WiredAccessoryManager( 1609): This kernel does not have usb audio support
03-18 02:26:53.947 W/WiredAccessoryManager( 1609): This kernel does not have DP audio support
03-18 02:26:53.947 D/SystemServerTiming( 1609): StartWiredAccessoryManager took to complete: 2ms
03-18 02:26:53.947 I/SystemServer( 1609): StartMidiManager
03-18 02:26:53.947 I/SystemServiceManager( 1609): Starting com.android.server.midi.MidiService$Lifecycle
03-18 02:26:53.949 W/usb@1.0-service(  802): type=1400 audit(0.0:67): avc: denied { dac_override } for capability=1 scontext=u:r:hal_usb_default:s0 tcontext=u:r:hal_usb_default:s0 tclass=capability permissive=0
03-18 02:26:53.949 W/usb@1.0-service(  802): type=1400 audit(0.0:68): avc: denied { dac_override } for capability=1 scontext=u:r:hal_usb_default:s0 tcontext=u:r:hal_usb_default:s0 tclass=capability permissive=0
03-18 02:26:53.949 D/SystemServerTiming( 1609): StartMidiManager took to complete: 2ms
03-18 02:26:53.949 I/SystemServer( 1609): StartUsbService
03-18 02:26:53.950 I/SystemServiceManager( 1609): Starting com.android.server.usb.UsbService$Lifecycle
03-18 02:26:53.952 I/UsbHostManager( 1609): SimuRegisterRecv...
03-18 02:26:53.952 I/UsbHostManager( 1609): EthernetStateRegisterRecv...
03-18 02:26:53.954 E/UsbDeviceManager( 1609): failed to write to /sys/class/android_usb/android0/f_rndis/ethaddr
03-18 02:26:53.957 I/zygote64( 1609): Looking for service android.hidl.manager@1.0::IServiceManager/default
03-18 02:26:53.958 D/        ( 1119): PlayerBase::PlayerBase()
03-18 02:26:53.959 I/zygote64( 1609): Starting thread pool.
03-18 02:26:53.959 D/        ( 1119): TrackPlayerBase::TrackPlayerBase()
03-18 02:26:53.959 I/libOpenSLES( 1119): Emulating old channel mask behavior (ignoring positional mask 0x3, using default mask 0x3 based on channel count of 2)
03-18 02:26:53.959 W/AudioTrack( 1119): notificationFrames=-16 clamped to the range -1 to -8
03-18 02:26:53.960 I/zygote64( 1609): Looking for service android.hardware.usb@1.0::IUsb/default
03-18 02:26:53.961 I/UsbPortManager( 1609): Usb hal service started android.hardware.usb@1.0::IUsb default
03-18 02:26:53.961 D/compress_voip(  787): voice_extn_compress_voip_out_get_parameters: enter
03-18 02:26:53.961 I/zygote64( 1609): Starting thread pool.
03-18 02:26:53.963 I/android.hardware.usb@1.0-service(  802): registering callback
03-18 02:26:53.963 I/AudioTrack( 1119): AUDIO_OUTPUT_FLAG_FAST successful; frameCount 1536 -> 1536
03-18 02:26:53.963 D/AudioTrack( 1119): Client defaulted notificationFrames to 192 for frameCount 1536
03-18 02:26:53.963 E/android.hardware.usb@1.0-service(  802): creating thread
03-18 02:26:53.963 I/android.hardware.usb@1.0-service(  802): otg_default
03-18 02:26:53.963 W/Parcel  ( 1609): Attempt to read object from Parcel 0x7361147228 at offset 64 that is not in the object list
03-18 02:26:53.964 I/android.hardware.usb@1.0-service(  802): canChangeMode: 1 canChagedata: 0 canChangePower:0
03-18 02:26:53.965 D/SystemServerTiming( 1609): StartUsbService took to complete: 15ms
03-18 02:26:53.965 I/SystemServer( 1609): StartSerialService
03-18 02:26:53.966 I/ScannerFramework( 1119): [ILightLEDNotification<T>:: ILightLEDNotification() LIGHT HAL has been associated
03-18 02:26:53.966 I/ScannerFramework( 1119): [FeedbackLoader::CreateConfig] Loading platform module 'ILightLEDNotification' with module ID 1
03-18 02:26:53.966 D/SystemServerTiming( 1609): StartSerialService took to complete: 0ms
03-18 02:26:53.966 I/SystemServer( 1609): StartHardwarePropertiesManagerService
03-18 02:26:53.966 I/ScannerFramework( 1119): [AudioFormatConverter<T>::LoadFile] Audio file name /system/media/audio/notifications/decode-short.ogg
03-18 02:26:53.967 V/NuMediaExtractor( 1119): setDataSource fd=18 (/system/media/audio/notifications/decode-short.ogg), offset=0, length=4368
03-18 02:26:53.968 D/HardwarePropertiesManagerService-JNI( 1609): Link to death notification successful
03-18 02:26:53.969 D/SystemServerTiming( 1609): StartHardwarePropertiesManagerService took to complete: 3ms
03-18 02:26:53.969 I/SystemServer( 1609): StartTwilightService
03-18 02:26:53.969 I/SystemServiceManager( 1609): Starting com.android.server.twilight.TwilightService
03-18 02:26:53.969 D/SystemServerTiming( 1609): StartTwilightService took to complete: 0ms
03-18 02:26:53.969 I/SystemServer( 1609): StartNightDisplay
03-18 02:26:53.970 I/SystemServiceManager( 1609): Starting com.android.server.display.NightDisplayService
03-18 02:26:53.970 D/SystemServerTiming( 1609): StartNightDisplay took to complete: 0ms
03-18 02:26:53.970 I/SystemServer( 1609): StartJobScheduler
03-18 02:26:53.970 I/SystemServiceManager( 1609): Starting com.android.server.job.JobSchedulerService
03-18 02:26:53.973 I/ExtendedExtractor( 1130): QTIParser is prefered .. flags 0
03-18 02:26:53.973 I/JobStore( 1609): Read 0 jobs
03-18 02:26:53.973 D/MMParserExtractor( 1130): setExtraFlags called with flags 0 for paser instance 9321a640
03-18 02:26:53.973 I/ExtendedExtractor( 1130): ExtendedExtractor::create 0x729321a640
03-18 02:26:53.973 E/MM_OSAL ( 1130): FileSource::FileSource
03-18 02:26:53.974 E/MM_OSAL ( 1130): FileSource::FileSource m_bEveryThingOK 1
03-18 02:26:53.974 E/MM_OSAL ( 1130): MM_File_Create failed .Efs Error No -1 , File Name /data/mmosal_logmask.cfg , Mode 0
03-18 02:26:53.974 E/MM_OSAL ( 1130): Open or read fail on /data/mmosal_logmask.cfg. Possible permission denied issue. Looking for /data/misc/media/mmosal_logmask.cfg
03-18 02:26:53.974 E/MM_OSAL ( 1130): MM_File_Create failed .Efs Error No -1 , File Name /data/misc/media/mmosal_logmask.cfg , Mode 0
03-18 02:26:53.975 D/ConnectivityService( 1609): requestNetwork for uid/pid:1000/1609 NetworkRequest [ TRACK_DEFAULT id=3, [ Capabilities: INTERNET&NOT_RESTRICTED&TRUSTED&NOT_VPN] ]
03-18 02:26:53.976 E/MediaExtractor( 1119): Trace connect 0x7ae3a66880 0x7a5e84b900
03-18 02:26:53.979 D/SystemServerTiming( 1609): StartJobScheduler took to complete: 9ms
03-18 02:26:53.979 I/SystemServer( 1609): StartSoundTrigger
03-18 02:26:53.979 I/SystemServiceManager( 1609): Starting com.android.server.soundtrigger.SoundTriggerService
03-18 02:26:53.980 D/SystemServerTiming( 1609): StartSoundTrigger took to complete: 1ms
03-18 02:26:53.980 I/SystemServer( 1609): StartTrustManager
03-18 02:26:53.980 I/OMXClient( 1119): Treble IOmx obtained
03-18 02:26:53.981 I/SystemServiceManager( 1609): Starting com.android.server.trust.TrustManagerService
03-18 02:26:53.981 I/OMXMaster( 1138): makeComponentInstance(OMX.google.vorbis.decoder) in omx@1.0-service process
03-18 02:26:53.982 D/SystemServerTiming( 1609): StartTrustManager took to complete: 1ms
03-18 02:26:53.982 I/SystemServer( 1609): StartBackupManager
03-18 02:26:53.982 I/SystemServiceManager( 1609): Starting com.android.server.backup.BackupManagerService$Lifecycle
03-18 02:26:53.983 E/OMXNodeInstance( 1138): getConfig(0xed723680:google.vorbis.decoder, ConfigAndroidVendorExtension(0x6f100004)) ERROR: Undefined(0x80001001)
03-18 02:26:53.984 D/SystemServerTiming( 1609): StartBackupManager took to complete: 2ms
03-18 02:26:53.984 I/SystemServer( 1609): StartAppWidgerService
03-18 02:26:53.984 I/SystemServiceManager( 1609): Starting com.android.server.appwidget.AppWidgetService
03-18 02:26:53.984 W/ExtendedACodec( 1119): Failed to get extension for extradata parameter
03-18 02:26:53.986 W//system/bin/hw/android.hidl.allocator@1.0-service(  786): ashmem_create_region(65307) returning hidl_memory(0x796d42c4b0, 65307)
03-18 02:26:53.987 D/SystemServerTiming( 1609): StartAppWidgerService took to complete: 3ms
03-18 02:26:53.987 I/SystemServer( 1609): StartVoiceRecognitionManager
03-18 02:26:53.988 I/SystemServiceManager( 1609): Starting com.android.server.voiceinteraction.VoiceInteractionManagerService
03-18 02:26:53.989 D/SystemServerTiming( 1609): StartVoiceRecognitionManager took to complete: 1ms
03-18 02:26:53.989 W//system/bin/hw/android.hidl.allocator@1.0-service(  786): ashmem_create_region(65307) returning hidl_memory(0x796d42c4b0, 65307)
03-18 02:26:53.989 I/SystemServer( 1609): StartSensorNotification
03-18 02:26:53.989 I/SystemServiceManager( 1609): Starting com.android.server.SensorNotificationService
03-18 02:26:53.989 D/SystemServerTiming( 1609): StartSensorNotification took to complete: 1ms
03-18 02:26:53.990 I/SystemServer( 1609): StartContextHubSystemService
03-18 02:26:53.990 I/SystemServiceManager( 1609): Starting com.android.server.ContextHubSystemService
03-18 02:26:53.990 D/SystemServerTiming( 1609): StartContextHubSystemService took to complete: 0ms
03-18 02:26:53.990 D/SystemServerInitThreadPool( 1609): Started executing Init ContextHubSystemService
03-18 02:26:53.990 I/SystemServer( 1609): StartDiskStatsService
03-18 02:26:53.991 W//system/bin/hw/android.hidl.allocator@1.0-service(  786): ashmem_create_region(32768) returning hidl_memory(0x796d42c4b0, 32768)
03-18 02:26:53.992 D/SystemServerTiming( 1609): StartDiskStatsService took to complete: 2ms
03-18 02:26:53.992 W//system/bin/hwservicemanager(  638): getTransport: Cannot find entry android.hardware.contexthub@1.0::IContexthub/default in either framework or device manifest.
03-18 02:26:53.992 I/SystemServer( 1609): System::dd_service
03-18 02:26:53.992 E/ContextHubService( 1609): Could not load context hub hal
03-18 02:26:53.992 W/ContextHubService( 1609): No Context Hub Module present
03-18 02:26:53.992 W//system/bin/hw/android.hidl.allocator@1.0-service(  786): ashmem_create_region(32768) returning hidl_memory(0x796d42c4b0, 32768)
03-18 02:26:53.992 D/SystemServerInitThreadPool( 1609): Finished executing Init ContextHubSystemService
03-18 02:26:53.993 D/dd_service( 1609): jar file test
03-18 02:26:53.993 W//system/bin/hw/android.hidl.allocator@1.0-service(  786): ashmem_create_region(32768) returning hidl_memory(0x796d42c4b0, 32768)
03-18 02:26:53.993 W//system/bin/hw/android.hidl.allocator@1.0-service(  786): ashmem_create_region(32768) returning hidl_memory(0x796d42c4b0, 32768)
03-18 02:26:53.995 I/dd_service( 1609): started
03-18 02:26:53.995 D/dd_service( 1609): jar file test
03-18 02:26:53.997 I/dd_service( 1609): started
03-18 02:26:53.998 I/SystemServer( 1609): StartSymbolCameraAccess
03-18 02:26:53.998 I/SystemServer( 1609): System::SymbolCameraAccess
03-18 02:26:53.999 D/SystemServerTiming( 1609): StartSymbolCameraAccess took to complete: 1ms
03-18 02:26:53.999 I/SystemServer( 1609): StartCameraCSPService
03-18 02:26:54.000 I/SystemServer( 1609): System::CameraCSPService
03-18 02:26:54.001 D/CameraService( 1125): ISS Symbol_Camera_property_Available true
03-18 02:26:54.011 D/SystemServerTiming( 1609): StartCameraCSPService took to complete: 11ms
03-18 02:26:54.011 I/SystemServer( 1609): StartNotificationService
03-18 02:26:54.011 I/SystemServer( 1609): System::NotificationService
03-18 02:26:54.013 D/ScannerNotifications( 1609): initialized notification service
03-18 02:26:54.014 D/SystemServerTiming( 1609): StartNotificationService took to complete: 3ms
03-18 02:26:54.014 I/SystemServer( 1609): StartNetworkTimeUpdateService
03-18 02:26:54.014 D/        ( 1119): PlayerBase::PlayerBase()
03-18 02:26:54.015 D/        ( 1119): TrackPlayerBase::TrackPlayerBase()
03-18 02:26:54.015 I/libOpenSLES( 1119): Emulating old channel mask behavior (ignoring positional mask 0x2, using default mask 0x1 based on channel count of 1)
03-18 02:26:54.015 W/AudioTrack( 1119): notificationFrames=-16 clamped to the range -1 to -8
03-18 02:26:54.016 D/SystemServerTiming( 1609): StartNetworkTimeUpdateService took to complete: 2ms
03-18 02:26:54.016 I/SystemServer( 1609): StartCommonTimeManagementService
03-18 02:26:54.017 D/compress_voip(  787): voice_extn_compress_voip_out_get_parameters: enter
03-18 02:26:54.017 D/SystemServerTiming( 1609): StartCommonTimeManagementService took to complete: 1ms
03-18 02:26:54.017 I/SystemServer( 1609): CertBlacklister
03-18 02:26:54.018 I/AudioTrack( 1119): AUDIO_OUTPUT_FLAG_FAST successful; frameCount 1536 -> 1536
03-18 02:26:54.018 D/AudioTrack( 1119): Client defaulted notificationFrames to 192 for frameCount 1536
03-18 02:26:54.018 D/SystemServerTiming( 1609): CertBlacklister took to complete: 0ms
03-18 02:26:54.019 W/Parcel  ( 1609): Attempt to read object from Parcel 0x7361147228 at offset 64 that is not in the object list
03-18 02:26:54.019 I/SystemServer( 1609): StartEmergencyAffordanceService
03-18 02:26:54.019 I/SystemServiceManager( 1609): Starting com.android.server.emergency.EmergencyAffordanceService
03-18 02:26:54.019 E/ScannerFramework( 1119): [LEDNotification<T>::ResetFeedback] Unable to read battery swap mode
03-18 02:26:54.019 I/ScannerFramework( 1119): [ILightLEDNotification<T>::ResetFeedback()] BatterSwap is disabled
03-18 02:26:54.019 D/SystemServerTiming( 1609): StartEmergencyAffordanceService took to complete: 0ms
03-18 02:26:54.019 I/SystemServer( 1609): StartDreamManager
03-18 02:26:54.020 D/qdlights(  797): helios set_light_scan_locked led mode 0, colorRGB=00000000, onMS=0, offMS=0
03-18 02:26:54.020 I/SystemServiceManager( 1609): Starting com.android.server.dreams.DreamManagerService
03-18 02:26:54.021 D/        ( 1119): TrackPlayerBase::~TrackPlayerBase()
03-18 02:26:54.021 D/        ( 1119): PlayerBase::~PlayerBase()
03-18 02:26:54.021 I/ScannerFramework( 1119): [AudioFormatConverter<T>::LoadFile] Audio file name /system/media/audio/notifications/decode-short.ogg
03-18 02:26:54.021 V/NuMediaExtractor( 1119): setDataSource fd=18 (/system/media/audio/notifications/decode-short.ogg), offset=0, length=4368
03-18 02:26:54.021 D/SystemServerTiming( 1609): StartDreamManager took to complete: 2ms
03-18 02:26:54.022 I/SystemServer( 1609): AddGraphicsStatsService
03-18 02:26:54.022 W/Binder  ( 1609): Binder call failed.
03-18 02:26:54.022 W/Binder  ( 1609): java.lang.NullPointerException: Attempt to read from field 'int android.media.PlayerBase$PlayerIdCard.mPlayerType' on a null object reference
03-18 02:26:54.022 W/Binder  ( 1609): 	at android.media.AudioPlaybackConfiguration.<init>(AudioPlaybackConfiguration.java:199)
03-18 02:26:54.022 W/Binder  ( 1609): 	at com.android.server.audio.PlaybackActivityMonitor.trackPlayer(PlaybackActivityMonitor.java:160)
03-18 02:26:54.022 W/Binder  ( 1609): 	at com.android.server.audio.AudioService.trackPlayer(AudioService.java:7210)
03-18 02:26:54.022 W/Binder  ( 1609): 	at android.media.IAudioService$Stub.onTransact(IAudioService.java:799)
03-18 02:26:54.022 W/Binder  ( 1609): 	at android.os.Binder.execTransact(Binder.java:697)
03-18 02:26:54.024 D/SystemServerTiming( 1609): AddGraphicsStatsService took to complete: 2ms
03-18 02:26:54.024 I/SystemServer( 1609): StartPrintManager
03-18 02:26:54.025 I/SystemServiceManager( 1609): Starting com.android.server.print.PrintManagerService
03-18 02:26:54.026 I/ExtendedExtractor( 1130): QTIParser is prefered .. flags 0
03-18 02:26:54.026 D/MMParserExtractor( 1130): setExtraFlags called with flags 0 for paser instance 9321a6e0
03-18 02:26:54.026 I/ExtendedExtractor( 1130): ExtendedExtractor::create 0x729321a6e0
03-18 02:26:54.026 E/MM_OSAL ( 1130): FileSource::FileSource
03-18 02:26:54.027 E/MM_OSAL ( 1130): FileSource::FileSource m_bEveryThingOK 1
03-18 02:26:54.027 E/MM_OSAL ( 1130): MM_File_Create failed .Efs Error No -1 , File Name /data/mmosal_logmask.cfg , Mode 0
03-18 02:26:54.027 E/MM_OSAL ( 1130): Open or read fail on /data/mmosal_logmask.cfg. Possible permission denied issue. Looking for /data/misc/media/mmosal_logmask.cfg
03-18 02:26:54.027 D/SystemServerTiming( 1609): StartPrintManager took to complete: 2ms
03-18 02:26:54.027 E/MM_OSAL ( 1130): MM_File_Create failed .Efs Error No -1 , File Name /data/misc/media/mmosal_logmask.cfg , Mode 0
03-18 02:26:54.027 I/SystemServer( 1609): StartCompanionDeviceManager
03-18 02:26:54.027 I/SystemServiceManager( 1609): Starting com.android.server.companion.CompanionDeviceManagerService
03-18 02:26:54.028 E/MediaExtractor( 1119): Trace connect 0x7ae3a66a00 0x7a5e84bc00
03-18 02:26:54.030 D/SystemServerTiming( 1609): StartCompanionDeviceManager took to complete: 3ms
03-18 02:26:54.030 I/SystemServer( 1609): StartRestrictionManager
03-18 02:26:54.030 I/SystemServiceManager( 1609): Starting com.android.server.restrictions.RestrictionsManagerService
03-18 02:26:54.032 D/SystemServerTiming( 1609): StartRestrictionManager took to complete: 2ms
03-18 02:26:54.032 I/SystemServer( 1609): StartMediaSessionService
03-18 02:26:54.032 I/OMXClient( 1119): Treble IOmx obtained
03-18 02:26:54.032 I/SystemServiceManager( 1609): Starting com.android.server.media.MediaSessionService
03-18 02:26:54.033 I/OMXMaster( 1138): makeComponentInstance(OMX.google.vorbis.decoder) in omx@1.0-service process
03-18 02:26:54.035 E/OMXNodeInstance( 1138): getConfig(0xed723680:google.vorbis.decoder, ConfigAndroidVendorExtension(0x6f100004)) ERROR: Undefined(0x80001001)
03-18 02:26:54.036 D/SystemServerTiming( 1609): StartMediaSessionService took to complete: 4ms
03-18 02:26:54.036 W/ExtendedACodec( 1119): Failed to get extension for extradata parameter
03-18 02:26:54.036 I/SystemServer( 1609): StartMediaResourceMonitor
03-18 02:26:54.036 I/SystemServiceManager( 1609): Starting com.android.server.media.MediaResourceMonitorService
03-18 02:26:54.037 D/SystemServerTiming( 1609): StartMediaResourceMonitor took to complete: 1ms
03-18 02:26:54.037 I/SystemServer( 1609): StartMediaRouterService
03-18 02:26:54.038 W//system/bin/hw/android.hidl.allocator@1.0-service(  786): ashmem_create_region(65307) returning hidl_memory(0x796d42c4b0, 65307)
03-18 02:26:54.038 D/SystemServerTiming( 1609): StartMediaRouterService took to complete: 1ms
03-18 02:26:54.039 I/SystemServer( 1609): StartBackgroundDexOptService
03-18 02:26:54.039 W//system/bin/hw/android.hidl.allocator@1.0-service(  786): ashmem_create_region(65307) returning hidl_memory(0x796d42c4b0, 65307)
03-18 02:26:54.039 W/BackgroundDexOptService( 1609): SysProp pm.dexopt.downgrade_after_inactive_days not set
03-18 02:26:54.039 W//system/bin/hw/android.hidl.allocator@1.0-service(  786): ashmem_create_region(65307) returning hidl_memory(0x796d42c4b0, 65307)
03-18 02:26:54.040 D/SystemServerTiming( 1609): StartBackgroundDexOptService took to complete: 1ms
03-18 02:26:54.040 I/SystemServer( 1609): StartPruneInstantAppsJobService
03-18 02:26:54.040 W//system/bin/hw/android.hidl.allocator@1.0-service(  786): ashmem_create_region(65307) returning hidl_memory(0x796d42c4b0, 65307)
03-18 02:26:54.040 D/SystemServerTiming( 1609): StartPruneInstantAppsJobService took to complete: 0ms
03-18 02:26:54.040 I/SystemServer( 1609): StartShortcutServiceLifecycle
03-18 02:26:54.040 I/SystemServiceManager( 1609): Starting com.android.server.pm.ShortcutService$Lifecycle
03-18 02:26:54.041 W//system/bin/hw/android.hidl.allocator@1.0-service(  786): ashmem_create_region(32768) returning hidl_memory(0x796d42c4b0, 32768)
03-18 02:26:54.043 W//system/bin/hw/android.hidl.allocator@1.0-service(  786): ashmem_create_region(32768) returning hidl_memory(0x796d42c4b0, 32768)
03-18 02:26:54.044 D/SystemServerTiming( 1609): StartShortcutServiceLifecycle took to complete: 4ms
03-18 02:26:54.044 I/SystemServer( 1609): StartLauncherAppsService
03-18 02:26:54.044 I/SystemServiceManager( 1609): Starting com.android.server.pm.LauncherAppsService
03-18 02:26:54.046 D/SystemServerTiming( 1609): StartLauncherAppsService took to complete: 2ms
03-18 02:26:54.046 I/SystemServer( 1609): StartMediaProjectionManager
03-18 02:26:54.046 I/SystemServiceManager( 1609): Starting com.android.server.media.projection.MediaProjectionManagerService
03-18 02:26:54.047 V/MediaRouter( 1609): Adding route: RouteInfo{ name=Phone, description=null, status=null, category=RouteCategory{ name=System types=ROUTE_TYPE_LIVE_AUDIO ROUTE_TYPE_LIVE_VIDEO  groupable=false }, supportedTypes=ROUTE_TYPE_LIVE_AUDIO ROUTE_TYPE_LIVE_VIDEO , presentationDisplay=null }
03-18 02:26:54.049 V/MediaRouter( 1609): Selecting route: RouteInfo{ name=Phone, description=null, status=null, category=RouteCategory{ name=System types=ROUTE_TYPE_LIVE_AUDIO ROUTE_TYPE_LIVE_VIDEO  groupable=false }, supportedTypes=ROUTE_TYPE_LIVE_AUDIO ROUTE_TYPE_LIVE_VIDEO , presentationDisplay=null }
03-18 02:26:54.051 D/SystemServerTiming( 1609): StartMediaProjectionManager took to complete: 5ms
03-18 02:26:54.051 I/SystemServer( 1609): StartCameraServiceProxy
03-18 02:26:54.051 I/SystemServiceManager( 1609): Starting com.android.server.camera.CameraServiceProxy
03-18 02:26:54.053 I/ServiceThread( 1609): Enabled StrictMode logging for CameraService_proxy looper.
03-18 02:26:54.055 D/SystemServerTiming( 1609): StartCameraServiceProxy took to complete: 4ms
03-18 02:26:54.055 I/WindowManager( 1609): SAFE MODE not enabled
03-18 02:26:54.055 I/SystemServer( 1609): StartJitCompilation
03-18 02:26:54.055 D/SystemServerTiming( 1609): StartJitCompilation took to complete: 0ms
03-18 02:26:54.055 I/SystemServer( 1609): StartMmsService
03-18 02:26:54.056 I/SystemServiceManager( 1609): Starting com.android.server.MmsServiceBroker
03-18 02:26:54.057 D/SystemServerTiming( 1609): StartMmsService took to complete: 1ms
03-18 02:26:54.057 I/SystemServer( 1609): StartAutoFillService
03-18 02:26:54.058 I/SystemServiceManager( 1609): Starting com.android.server.autofill.AutofillManagerService
03-18 02:26:54.058 I/AutofillManagerService( 1609): Setting debug to true
03-18 02:26:54.060 D/        ( 1119): PlayerBase::PlayerBase()
03-18 02:26:54.060 D/        ( 1119): TrackPlayerBase::TrackPlayerBase()
03-18 02:26:54.060 I/libOpenSLES( 1119): Emulating old channel mask behavior (ignoring positional mask 0x2, using default mask 0x1 based on channel count of 1)
03-18 02:26:54.060 W/AudioTrack( 1119): notificationFrames=-16 clamped to the range -1 to -8
03-18 02:26:54.061 D/compress_voip(  787): voice_extn_compress_voip_out_get_parameters: enter
03-18 02:26:54.061 D/SystemServerTiming( 1609): StartAutoFillService took to complete: 4ms
03-18 02:26:54.061 I/SystemServer( 1609): MakeVibratorServiceReady
03-18 02:26:54.062 I/AudioTrack( 1119): AUDIO_OUTPUT_FLAG_FAST successful; frameCount 1536 -> 1536
03-18 02:26:54.062 D/AudioTrack( 1119): Client defaulted notificationFrames to 192 for frameCount 1536
03-18 02:26:54.062 W/Parcel  ( 1609): Attempt to read object from Parcel 0x7361147228 at offset 64 that is not in the object list
03-18 02:26:54.062 D/SystemServerTiming( 1609): MakeVibratorServiceReady took to complete: 2ms
03-18 02:26:54.063 I/SystemServer( 1609): MakeLockSettingsServiceReady
03-18 02:26:54.063 I/ScannerFramework( 1119): [ScanningService::main] Initializing scanner type '1'
03-18 02:26:54.064 W/ScannerFramework( 1119): [ScannerContext::UpdateTimer] Beam timer not initialized for Scanner type '1'
03-18 02:26:54.068 W/ScannerFramework( 1119): [ScannerContext::CreateTimerForContext] Timer with id 0 already exists
03-18 02:26:54.069 I/chatty  ( 1119): uid=0(root) /system/bin/ScanningService identical 20 lines
03-18 02:26:54.069 W/ScannerFramework( 1119): [ScannerContext::CreateTimerForContext] Timer with id 0 already exists
03-18 02:26:54.079 I/zygote64( 1609): Looking for service android.hardware.weaver@1.0::IWeaver/default
03-18 02:26:54.080 W//system/bin/hwservicemanager(  638): getTransport: Cannot find entry android.hardware.weaver@1.0::IWeaver/default in either framework or device manifest.
03-18 02:26:54.080 E/zygote64( 1609): service android.hardware.weaver@1.0::IWeaver declares transport method EMPTY but framework expects hwbinder.
03-18 02:26:54.081 I/SyntheticPasswordManager( 1609): Device does not support weaver
03-18 02:26:54.082 E/LockSettingsStorage( 1609): Cannot read file java.io.FileNotFoundException: /data/system/gatekeeper.password.key: open failed: ENOENT (No such file or directory)
03-18 02:26:54.082 E/LockSettingsStorage( 1609): Cannot read file java.io.FileNotFoundException: /data/system/password.key: open failed: ENOENT (No such file or directory)
03-18 02:26:54.083 E/LockSettingsStorage( 1609): Cannot read file java.io.FileNotFoundException: /data/system/gatekeeper.pattern.key: open failed: ENOENT (No such file or directory)
03-18 02:26:54.083 E/libimgkit( 1119): sys_prop RuntimeLogLevel = 0 
03-18 02:26:54.083 E/LockSettingsStorage( 1609): Cannot read file java.io.FileNotFoundException: /data/system/gatekeeper.gesture.key: open failed: ENOENT (No such file or directory)
03-18 02:26:54.083 E/LockSettingsStorage( 1609): Cannot read file java.io.FileNotFoundException: /data/system/gesture.key: open failed: ENOENT (No such file or directory)
03-18 02:26:54.084 D/SystemServerTiming( 1609): MakeLockSettingsServiceReady took to complete: 21ms
03-18 02:26:54.084 I/SystemServer( 1609): StartBootPhaseLockSettingsReady
03-18 02:26:54.084 I/SystemServiceManager( 1609): Starting phase 480
03-18 02:26:54.088 I/DevicePolicyManager( 1609): Set ro.device_owner property to false
03-18 02:26:54.090 D/ScannerFramework( 1119): [DigimarkCWrapper::decGetVersion] +
03-18 02:26:54.090 I/ScannerFramework( 1119): [DigimarkCWrapper::decGetVersion] ImageKit Version: 3.5.0 - 20180212150120
03-18 02:26:54.090 D/ScannerFramework( 1119): [DigimarkCWrapper::decGetVersion] -
03-18 02:26:54.090 D/SystemServerTiming( 1609): StartBootPhaseLockSettingsReady took to complete: 7ms
03-18 02:26:54.091 I/SystemServer( 1609): StartBootPhaseSystemServicesReady
03-18 02:26:54.091 I/SystemServiceManager( 1609): Starting phase 500
03-18 02:26:54.091 E/libimgkit( 1119): sys_prop RuntimeLogLevel = 0 
03-18 02:26:54.091 I/imgdec  ( 1119): OCRVersionString 1.6.0
03-18 02:26:54.091 I/imgdec  ( 1119): DecOpen ImgKit IMGKIT_8.01T01.09
03-18 02:26:54.093 I/ScannerFramework( 1119): [ScanningService::main] Initializing scanner type '0'
03-18 02:26:54.093 W/ScannerFramework( 1119): [ScannerContext::UpdateTimer] Beam timer not initialized for Scanner type '0'
03-18 02:26:54.095 I/VrManagerService( 1609): No default vr listener service found.
03-18 02:26:54.098 W/ScannerFramework( 1119): [ScannerContext::CreateTimerForContext] Timer with id 0 already exists
03-18 02:26:54.098 W/ScannerFramework( 1119): [ScannerContext::CreateTimerForContext] Timer with id 0 already exists
03-18 02:26:54.100 D/ScannerFramework( 1119): [DigimarkCWrapper::decGetVersion] +
03-18 02:26:54.100 I/ScannerFramework( 1119): [DigimarkCWrapper::decGetVersion] ImageKit Version: 3.5.0 - 20180212150120
03-18 02:26:54.100 D/ScannerFramework( 1119): [DigimarkCWrapper::decGetVersion] -
03-18 02:26:54.101 I/imgdec  ( 1119): OCRVersionString 1.6.0
03-18 02:26:54.101 I/imgdec  ( 1119): DecOpen ImgKit IMGKIT_8.01T01.09
03-18 02:26:54.101 I/WifiService( 1609): WifiService starting up with Wi-Fi enabled
03-18 02:26:54.102 I/ScannerFramework( 1119): [ScanningService::main] Initializing scanner type '2'
03-18 02:26:54.102 W/ScannerFramework( 1119): [ScannerContext::UpdateTimer] Beam timer not initialized for Scanner type '2'
03-18 02:26:54.102 W/ScannerFramework( 1119): [ScannerContext::UpdateTimer] BT connection idle timer not initialized
03-18 02:26:54.104 I/zygote64( 1609): Looking for service android.hidl.manager@1.0::IServiceManager/default
03-18 02:26:54.106 I/zygote64( 1609): Starting thread pool.
03-18 02:26:54.107 D/HalDeviceManager( 1609): IWifi registration notification: fqName=android.hardware.wifi@1.0::IWifi, name=default, preexisting=true
03-18 02:26:54.107 W/ScannerFramework( 1119): [ScannerContext::CreateTimerForContext] Timer with id 1 already exists
03-18 02:26:54.107 W/ScannerFramework( 1119): [ScannerContext::CreateTimerForContext] Timer with id 0 already exists
03-18 02:26:54.107 W/ScannerFramework( 1119): [ScannerContext::CreateTimerForContext] Timer with id 1 already exists
03-18 02:26:54.107 W/ScannerFramework( 1119): [ScannerContext::CreateTimerForContext] Timer with id 0 already exists
03-18 02:26:54.107 W/ScannerFramework( 1119): [ScannerContext::CreateTimerForContext] Timer with id 1 already exists
03-18 02:26:54.107 W/ScannerFramework( 1119): [ScannerContext::CreateTimerForContext] Timer with id 0 already exists
03-18 02:26:54.108 W/ScannerFramework( 1119): [ScannerContext::CreateTimerForContext] Timer with id 1 already exists
03-18 02:26:54.108 W/ScannerFramework( 1119): [ScannerContext::CreateTimerForContext] Timer with id 0 already exists
03-18 02:26:54.108 W/ScannerFramework( 1119): [ScannerContext::CreateTimerForContext] Timer with id 1 already exists
03-18 02:26:54.108 W/ScannerFramework( 1119): [ScannerContext::CreateTimerForContext] Timer with id 0 already exists
03-18 02:26:54.108 I/zygote64( 1609): Looking for service android.hardware.wifi@1.0::IWifi/default
03-18 02:26:54.109 I/zygote64( 1609): Starting thread pool.
03-18 02:26:54.110 I/ScannerFramework( 1119): [ScanningService::main] Initializing scanner type '5'
03-18 02:26:54.111 W/ScannerFramework( 1119): [ScannerContext::UpdateTimer] Beam timer not initialized for Scanner type '5'
03-18 02:26:54.111 W/ScannerFramework( 1119): [ScannerContext::UpdateTimer] BT connection idle timer not initialized
03-18 02:26:54.112 D/WifiService( 1609): setWifiEnabled: true pid=1609, uid=1000, package=android
03-18 02:26:54.112 I/WifiService( 1609): setWifiEnabled package=android uid=1000 enable=true
03-18 02:26:54.112 I/WifiScanningService( 1609): Starting wifiscanner
03-18 02:26:54.113 D/WifiController( 1609): WifiController msg { when=0 what=155656 target=com.android.internal.util.StateMachine$SmHandler } deferred for 500ms
03-18 02:26:54.114 I/RttService( 1609): Registering rttmanager
03-18 02:26:54.115 I/EthernetServiceImpl( 1609): Starting Ethernet service
03-18 02:26:54.116 W/ScannerFramework( 1119): [ScannerContext::CreateTimerForContext] Timer with id 1 already exists
03-18 02:26:54.116 W/ScannerFramework( 1119): [ScannerContext::CreateTimerForContext] Timer with id 0 already exists
03-18 02:26:54.116 W/ScannerFramework( 1119): [ScannerContext::CreateTimerForContext] Timer with id 1 already exists
03-18 02:26:54.116 W/ScannerFramework( 1119): [ScannerContext::CreateTimerForContext] Timer with id 0 already exists
03-18 02:26:54.116 W/ScannerFramework( 1119): [ScannerContext::CreateTimerForContext] Timer with id 1 already exists
03-18 02:26:54.116 W/ScannerFramework( 1119): [ScannerContext::CreateTimerForContext] Timer with id 0 already exists
03-18 02:26:54.116 W/ScannerFramework( 1119): [ScannerContext::CreateTimerForContext] Timer with id 1 already exists
03-18 02:26:54.116 W/ScannerFramework( 1119): [ScannerContext::CreateTimerForContext] Timer with id 0 already exists
03-18 02:26:54.116 W/ScannerFramework( 1119): [ScannerContext::CreateTimerForContext] Timer with id 1 already exists
03-18 02:26:54.116 W/ScannerFramework( 1119): [ScannerContext::CreateTimerForContext] Timer with id 0 already exists
03-18 02:26:54.116 W/ScannerFramework( 1119): [ScannerContext::CreateTimerForContext] Timer with id 1 already exists
03-18 02:26:54.116 W/ScannerFramework( 1119): [ScannerContext::CreateTimerForContext] Timer with id 0 already exists
03-18 02:26:54.116 W/ScannerFramework( 1119): [ScannerContext::CreateTimerForContext] Timer with id 1 already exists
03-18 02:26:54.116 W/ScannerFramework( 1119): [ScannerContext::CreateTimerForContext] Timer with id 0 already exists
03-18 02:26:54.116 W/ScannerFramework( 1119): [ScannerContext::CreateTimerForContext] Timer with id 1 already exists
03-18 02:26:54.116 W/ScannerFramework( 1119): [ScannerContext::CreateTimerForContext] Timer with id 0 already exists
03-18 02:26:54.116 W/ScannerFramework( 1119): [ScannerContext::CreateTimerForContext] Timer with id 1 already exists
03-18 02:26:54.116 W/ScannerFramework( 1119): [ScannerContext::CreateTimerForContext] Timer with id 0 already exists
03-18 02:26:54.117 D/ZenLog  ( 1609): config: cleanUpZenRules,ZenModeConfig[user=0,allowCalls=true,allowRepeatCallers=false,allowMessages=false,allowCallsFrom=contacts,allowMessagesFrom=contacts,allowReminders=true,allowEvents=true,allowWhenScreenOff=true,allowWhenScreenOn=true,automaticRules={EVENTS_DEFAULT_RULE=ZenRule[enabled=false,snoozing=false,name=Event,zenMode=ZEN_MODE_ALARMS,conditionId=condition://android/event?userId=-10000&calendar=&reply=1,condition=Condition[id=condition://android/event?userId=-10000&calendar=&reply=1,summary=...,line1=...,line2=...,icon=0,state=STATE_FALSE,flags=2],component=ComponentInfo{android/com.android.server.notification.EventConditionProvider},id=EVENTS_DEFAULT_RULE,creationTime=1552639615742,enabler=null], SCHEDULED_DEFAULT_RULE_1=ZenRule[enabled=false,snoozing=false,name=Weeknight,zenMode=ZEN_MODE_ALARMS,conditionId=condition://android/schedule?days=1.2.3.4.5&start=22.0&end=7.0&exitAtAlarm=false,condition=Condition[id=condition://android/schedule?days=1.2.3.4.5&start=22.0&end=7.0&exitAtAlarm=false,summary=...,line1=...,line2=...,icon=0,state=STATE_TRUE,flags=2],component=ComponentInfo{android/com.android.server.notification.ScheduleConditionProvider},id=SCHEDULED_DEFAULT_RULE_1,creationTime=1552639615742,enabler=null], SCHEDULED_DEFAULT_RULE_2=ZenRule[enabled=false,snoozing=false,name=Weekend,zenMode=ZEN_MODE_ALARMS,conditionId=condition://android/schedule?days=6.7&start=23.30&end=10.0&exitAtAlarm=false,condition=Condition[id=condition://android/schedule?days=6.7&start=23.30&end=10.0&exitAtAlarm=false,summary=...,line1=...,line2=...,icon=0,state=STATE_FALSE,flags=2],component=ComponentInfo{android/com.android.server.notification.ScheduleConditionProvider},id=SCHEDULED_DEFAULT_RULE_2,creationTime=1552639615742,enabler=null]},manualRule=null],Diff[]
03-18 02:26:54.118 D/ZenLog  ( 1609): set_zen_mode: off,onSystemReady
03-18 02:26:54.119 I/ScannerFramework( 1119): [ScanningService::main] Initializing scanner type '6'
03-18 02:26:54.119 W/ScannerFramework( 1119): [ScannerContext::UpdateTimer] Beam timer not initialized for Scanner type '6'
03-18 02:26:54.120 W/ScannerFramework( 1119): [ScannerContext::UpdateTimer] BT connection idle timer not initialized
03-18 02:26:54.122 D/PermissionCache( 1123): checking android.permission.CAPTURE_AUDIO_HOTWORD for uid=1000 => granted (154 us)
03-18 02:26:54.124 W/ScannerFramework( 1119): [ScannerContext::CreateTimerForContext] Timer with id 1 already exists
03-18 02:26:54.124 W/ScannerFramework( 1119): [ScannerContext::CreateTimerForContext] Timer with id 0 already exists
03-18 02:26:54.124 W/ScannerFramework( 1119): [ScannerContext::CreateTimerForContext] Timer with id 1 already exists
03-18 02:26:54.124 W/ScannerFramework( 1119): [ScannerContext::CreateTimerForContext] Timer with id 0 already exists
03-18 02:26:54.124 W/ScannerFramework( 1119): [ScannerContext::CreateTimerForContext] Timer with id 1 already exists
03-18 02:26:54.124 W/ScannerFramework( 1119): [ScannerContext::CreateTimerForContext] Timer with id 0 already exists
03-18 02:26:54.124 D/ContextHubSystemService( 1609): onBootPhase: PHASE_SYSTEM_SERVICES_READY
03-18 02:26:54.124 W/ScannerFramework( 1119): [ScannerContext::CreateTimerForContext] Timer with id 1 already exists
03-18 02:26:54.125 W/ScannerFramework( 1119): [ScannerContext::CreateTimerForContext] Timer with id 0 already exists
03-18 02:26:54.125 W/ScannerFramework( 1119): [ScannerContext::CreateTimerForContext] Timer with id 1 already exists
03-18 02:26:54.125 W/ScannerFramework( 1119): [ScannerContext::CreateTimerForContext] Timer with id 0 already exists
03-18 02:26:54.125 W/ScannerFramework( 1119): [ScannerContext::CreateTimerForContext] Timer with id 1 already exists
03-18 02:26:54.125 W/ScannerFramework( 1119): [ScannerContext::CreateTimerForContext] Timer with id 0 already exists
03-18 02:26:54.125 W/ScannerFramework( 1119): [ScannerContext::CreateTimerForContext] Timer with id 1 already exists
03-18 02:26:54.125 W/ScannerFramework( 1119): [ScannerContext::CreateTimerForContext] Timer with id 0 already exists
03-18 02:26:54.125 W/ScannerFramework( 1119): [ScannerContext::CreateTimerForContext] Timer with id 1 already exists
03-18 02:26:54.125 W/ScannerFramework( 1119): [ScannerContext::CreateTimerForContext] Timer with id 0 already exists
03-18 02:26:54.125 W/ScannerFramework( 1119): [ScannerContext::CreateTimerForContext] Timer with id 1 already exists
03-18 02:26:54.125 W/ScannerFramework( 1119): [ScannerContext::CreateTimerForContext] Timer with id 0 already exists
03-18 02:26:54.125 D/SystemServerTiming( 1609): StartBootPhaseSystemServicesReady took to complete: 34ms
03-18 02:26:54.125 I/SystemServer( 1609): MakeWindowManagerServiceReady
03-18 02:26:54.127 I/ScannerFramework( 1119): [ScanningService::main] Initializing scanner type '9'
03-18 02:26:54.128 I/zygote64( 1609): Looking for service android.hardware.configstore@1.0::ISurfaceFlingerConfigs/default
03-18 02:26:54.128 W/ScannerFramework( 1119): [ScannerContext::UpdateTimer] Beam timer not initialized for Scanner type '9'
03-18 02:26:54.129 I/MSM-irqbalance( 1397): Discovered a new IRQ: 60
03-18 02:26:54.129 I/MSM-irqbalance( 1397): Discovered a new IRQ: 61
03-18 02:26:54.129 I/MSM-irqbalance( 1397): Discovered a new IRQ: 62
03-18 02:26:54.129 I/MSM-irqbalance( 1397): Discovered a new IRQ: 65
03-18 02:26:54.129 I/MSM-irqbalance( 1397): Discovered a new IRQ: 66
03-18 02:26:54.129 I/MSM-irqbalance( 1397): Discovered a new IRQ: 67
03-18 02:26:54.129 I/MSM-irqbalance( 1397): Discovered a new IRQ: 68
03-18 02:26:54.130 I/MSM-irqbalance( 1397): Discovered a new IRQ: 70
03-18 02:26:54.130 I/MSM-irqbalance( 1397): Discovered a new IRQ: 71
03-18 02:26:54.130 I/zygote64( 1609): Starting thread pool.
03-18 02:26:54.130 I/MSM-irqbalance( 1397): Discovered a new IRQ: 72
03-18 02:26:54.130 I/MSM-irqbalance( 1397): Discovered a new IRQ: 73
03-18 02:26:54.131 D/SystemServerTiming( 1609): MakeWindowManagerServiceReady took to complete: 5ms
03-18 02:26:54.132 I/SystemServer( 1609): MakePowerManagerServiceReady
03-18 02:26:54.133 W/ScannerFramework( 1119): [ScannerContext::CreateTimerForContext] Timer with id 1 already exists
03-18 02:26:54.133 W/ScannerFramework( 1119): [ScannerContext::CreateTimerForContext] Timer with id 0 already exists
03-18 02:26:54.133 W/ScannerFramework( 1119): [ScannerContext::CreateTimerForContext] Timer with id 1 already exists
03-18 02:26:54.133 W/ScannerFramework( 1119): [ScannerContext::CreateTimerForContext] Timer with id 0 already exists
03-18 02:26:54.133 W/ScannerFramework( 1119): [ScannerContext::CreateTimerForContext] Timer with id 1 already exists
03-18 02:26:54.133 W/ScannerFramework( 1119): [ScannerContext::CreateTimerForContext] Timer with id 0 already exists
03-18 02:26:54.133 W/ScannerFramework( 1119): [ScannerContext::CreateTimerForContext] Timer with id 1 already exists
03-18 02:26:54.133 W/ScannerFramework( 1119): [ScannerContext::CreateTimerForContext] Timer with id 0 already exists
03-18 02:26:54.133 E/MSM-irqbalance( 1397): WARNING: Cannot find matching virq for hwirq(22).
03-18 02:26:54.133 W/ScannerFramework( 1119): [ScannerContext::CreateTimerForContext] Timer with id 1 already exists
03-18 02:26:54.133 W/ScannerFramework( 1119): [ScannerContext::CreateTimerForContext] Timer with id 0 already exists
03-18 02:26:54.136 I/ScannerFramework( 1119): [ScanningService::main] Initializing scanner type '11'
03-18 02:26:54.136 I/CameraManagerGlobal( 1609): Connecting to camera service
03-18 02:26:54.136 W/ScannerFramework( 1119): [ScannerContext::UpdateTimer] Beam timer not initialized for Scanner type '11'
03-18 02:26:54.141 W/ScannerFramework( 1119): [ScannerContext::CreateTimerForContext] Timer with id 1 already exists
03-18 02:26:54.142 W/ScannerFramework( 1119): [ScannerContext::CreateTimerForContext] Timer with id 0 already exists
03-18 02:26:54.142 W/ScannerFramework( 1119): [ScannerContext::CreateTimerForContext] Timer with id 1 already exists
03-18 02:26:54.142 W/ScannerFramework( 1119): [ScannerContext::CreateTimerForContext] Timer with id 0 already exists
03-18 02:26:54.142 W/ScannerFramework( 1119): [ScannerContext::CreateTimerForContext] Timer with id 1 already exists
03-18 02:26:54.142 W/ScannerFramework( 1119): [ScannerContext::CreateTimerForContext] Timer with id 0 already exists
03-18 02:26:54.142 W/ScannerFramework( 1119): [ScannerContext::CreateTimerForContext] Timer with id 1 already exists
03-18 02:26:54.142 W/ScannerFramework( 1119): [ScannerContext::CreateTimerForContext] Timer with id 0 already exists
03-18 02:26:54.142 W/ScannerFramework( 1119): [ScannerContext::CreateTimerForContext] Timer with id 1 already exists
03-18 02:26:54.142 W/ScannerFramework( 1119): [ScannerContext::CreateTimerForContext] Timer with id 0 already exists
03-18 02:26:54.145 I/ScannerFramework( 1119): [AnalyticsManager::AnalyticsManager] Analytics timer interval not properly configured: Set to Default - 60000
03-18 02:26:54.145 I/ScannerFramework( 1119): [ScanningService::main] Loading LibImagerService.so 
03-18 02:26:54.146 E/ScannerFramework( 1119): [ScanningService::main] Not able to open LibImagerService.so 
03-18 02:26:54.146 I/ScannerFramework( 1119): [ScanningService::main] Init external event supported
03-18 02:26:54.146 D/SystemServerTiming( 1609): MakePowerManagerServiceReady took to complete: 13ms
03-18 02:26:54.146 I/SystemServer( 1609): MakePackageManagerServiceReady
03-18 02:26:54.147 I/ScannerFramework( 1119): [NotificationManager::LoadService] Notification service loading DONE!!!
03-18 02:26:54.149 E/ScannerFramework( 1119): [FileHook::WatchThreadProc] Unable to register file /data/system/datacapture.cfg
03-18 02:26:54.150 I/ScannerFramework( 1119): [ScanningService::main] ScanningService is now ready
03-18 02:26:54.150 E/ScannerFramework( 1119): [ExternalEventHandler::GetImagerLockStatus] getDataCaptureConfig file open ERRORNO : No such file or directory
03-18 02:26:54.150 E/ScannerFramework( 1119): [ExternalEventHandler::GetBackCameraLockStatus] getDataCaptureConfig file open ERRORNO : No such file or directory
03-18 02:26:54.151 E/KernelCpuSpeedReader( 1609): Failed to read cpu-freq: /sys/devices/system/cpu/cpu0/cpufreq/stats/time_in_state (No such file or directory)
03-18 02:26:54.151 E/KernelCpuSpeedReader( 1609): Failed to read cpu-freq: /sys/devices/system/cpu/cpu4/cpufreq/stats/time_in_state (No such file or directory)
03-18 02:26:54.151 W/KeyguardServiceDelegate( 1609): onScreenTurningOn(): no keyguard service!
03-18 02:26:54.152 V/UserDataPreparer( 1609): Found /data/user_de/0 with serial number 0
03-18 02:26:54.152 V/UserDataPreparer( 1609): Found /data/user/0 with serial number 0
03-18 02:26:54.153 V/UserDataPreparer( 1609): Found /data/system_de/0 with serial number 0
03-18 02:26:54.153 V/UserDataPreparer( 1609): Found /data/system_ce/0 with serial number 0
03-18 02:26:54.153 V/UserDataPreparer( 1609): Found /data/misc_ce/0 with serial number 0
03-18 02:26:54.153 D/SystemServerTiming( 1609): MakePackageManagerServiceReady took to complete: 7ms
03-18 02:26:54.153 I/SystemServer( 1609): MakeDisplayManagerServiceReady
03-18 02:26:54.153 D/SystemServerTiming( 1609): MakeDisplayManagerServiceReady took to complete: 0ms
03-18 02:26:54.164 I/ActivityManager( 1609): System now ready
03-18 02:26:54.168 E/HalDeviceManager( 1609): Should have at least 1 chip!
03-18 02:26:54.168 E/HalDeviceManager( 1609): createIface: no chip info found
03-18 02:26:54.180 I/SystemServer( 1609): Making services ready
03-18 02:26:54.180 I/SystemServer( 1609): StartActivityManagerReadyPhase
03-18 02:26:54.180 I/SystemServiceManager( 1609): Starting phase 550
03-18 02:26:54.180 D/BatteryService( 1609): level : 43 / status : 2/Health : 2/Decommission : 0/present : true
03-18 02:26:54.183 D/CompatibilityInfo( 1609): mCompatibilityFlags - 4
03-18 02:26:54.183 D/CompatibilityInfo( 1609): applicationDensity - 240
03-18 02:26:54.183 D/CompatibilityInfo( 1609): applicationScale - 1.0
03-18 02:26:54.214 D/BluetoothManagerService( 1609): Bluetooth boot completed
03-18 02:26:54.215 D/BluetoothManagerService( 1609): Getting adapter name and address
03-18 02:26:54.215 D/BluetoothManagerService( 1609): MESSAGE_GET_NAME_AND_ADDRESS
