03-18 02:26:50.221 D/msm8916_platform(  787): platform_init:DSD playback is supported
03-18 02:26:50.221 D/msm8916_platform(  787): platform_set_native_support:napb: native audio playback enabled in (Multiple) mode
03-18 02:26:50.222 I/OMXClient( 1132): Treble IOmx obtained
03-18 02:26:50.223 I/OMXMaster( 1138): makeComponentInstance(OMX.google.amrwb.encoder) in omx@1.0-service process
03-18 02:26:50.236 I/OMXClient( 1132): Treble IOmx obtained
03-18 02:26:50.236 I/OMXMaster( 1138): makeComponentInstance(OMX.google.flac.encoder) in omx@1.0-service process
03-18 02:26:50.266 I/OMXClient( 1132): Treble IOmx obtained
03-18 02:26:50.266 I/OMXMaster( 1138): makeComponentInstance(OMX.qcom.video.decoder.avc) in omx@1.0-service process
03-18 02:26:50.275 D/audio_hw_utils(  787): audio_extn_utils_update_streams_cfg_lists: failed to open io config file(/vendor/etc/audio_io_policy.conf), trying older config file
03-18 02:26:50.280 E/QC-time-services( 1111): Daemon:genoff_wlan_qmi_service_request: qmi_client_get_service_list returned -2num_services 0
03-18 02:26:50.283 I/audio_hw_utils(  787): load_cfg_list: could not load input, node is NULL
03-18 02:26:50.297 E/audio_hw_extn(  787): audio_extn_perf_lock_init: Perf lock handles Success 
03-18 02:26:50.298 I/soundtrigger(  787): audio_extn_sound_trigger_init: Enter
03-18 02:26:50.298 I/soundtrigger(  787): audio_extn_sound_trigger_init: DLOPEN successful for /vendor/lib/hw/sound_trigger.primary.sdm660.so
03-18 02:26:50.299 W/DeviceHAL(  787): Device 0xec221000 get_master_volume: Function not implemented
03-18 02:26:50.300 W/DeviceHAL(  787): Device 0xec221000 get_master_mute: Function not implemented
03-18 02:26:50.300 W/DeviceHAL(  787): Device 0xec221000 set_master_volume: Function not implemented
03-18 02:26:50.300 W/DeviceHAL(  787): Device 0xec221000 set_master_mute: Function not implemented
03-18 02:26:50.300 I/AudioFlinger( 1123): loadHwModule() Loaded primary audio interface, handle 10
03-18 02:26:50.301 I/AudioFlinger( 1123): openOutput() this 0xead45000, module 10 Device 2, SamplingRate 48000, Format 0x000001, Channels 3, flags 6
03-18 02:26:50.301 D/audio_hw_primary(  787): adev_open_output_stream: enter: format(0x1) sample_rate(48000) channel_mask(0x3) devices(0x2) flags(0x6)        stream_handle(0xeb98a000)
03-18 02:26:50.301 I/audio_hw_primary(  787): adev_open_output_stream: dynamic qos voting not enabled for platform
03-18 02:26:50.301 D/audio_hw_primary(  787): adev_open_output_stream: Stream (0xeb98a000) picks up usecase (low-latency-playback)
03-18 02:26:50.302 I/AudioFlinger( 1123): HAL output buffer size 192 frames, normal sink buffer size 960 frames
03-18 02:26:50.302 D/compress_voip(  787): voice_extn_compress_voip_out_get_parameters: enter
03-18 02:26:50.303 E/        ( 1138): Service not available yet
03-18 02:26:50.305 E/EffectsConfig(  787): Failed to parse /vendor/etc/audio_effects.xml: Tinyxml2 error (3): /vendor/etc/audio_effects.xml (null)
03-18 02:26:50.305 E/EffectsFactoryConfigLoader(  787): Failed to parse XML configuration file
03-18 02:26:50.305 W/EffectsFactory(  787): Failed to load XML effect configuration, fallback to .conf
03-18 02:26:50.328 I/OMX-VDEC-1080P( 1138): Video slvp perflock acquired
03-18 02:26:50.357 W/EffectsFactoryConfigLoader(  787): Error querying effect 7d1580bd-297f-4683-9239-e475b6d1d69f on lib offload_bundle
03-18 02:26:50.357 D/volume_listener(  787): init_once Called 
03-18 02:26:50.358 I/zygote  ( 1122): Explicit concurrent copying GC freed 187(23KB) AllocSpace objects, 0(0B) LOS objects, 98% free, 24KB/1560KB, paused 71us total 3.060ms
03-18 02:26:50.358 D/volume_listener(  787): init_once: using default volume table
03-18 02:26:50.358 I/BufferProvider( 1123): found effect "Multichannel Downmix To Stereo" from The Android Open Source Project
03-18 02:26:50.360 I/AudioFlinger( 1123): Using module 10 as the primary audio interface
03-18 02:26:50.360 I/AudioFlinger( 1123): AudioFlinger's thread 0xe9603440 tid=1523 ready to run
03-18 02:26:50.360 W/AudioFlinger( 1123): no wake lock to update, system not ready yet
03-18 02:26:50.360 D/audio_hw_primary(  787): out_standby: enter: stream (0xeb98a000) usecase(1: low-latency-playback)
03-18 02:26:50.360 D/audio_hw_primary(  787): out_standby: exit
03-18 02:26:50.361 W/AudioFlinger( 1123): moveEffects() bad srcOutput 0
03-18 02:26:50.361 I/zygote  ( 1122): Explicit concurrent copying GC freed 5(32KB) AllocSpace objects, 0(0B) LOS objects, 98% free, 24KB/1560KB, paused 39us total 2.815ms
03-18 02:26:50.361 W/AudioFlinger( 1123): no wake lock to update, system not ready yet
03-18 02:26:50.361 D/Zygote32Timing( 1122): PostZygoteInitGC took to complete: 7ms
03-18 02:26:50.361 D/Zygote32Timing( 1122): ZygoteInit took to complete: 9ms
03-18 02:26:50.362 D/audio_hw_primary(  787): out_set_parameters: enter: usecase(1: low-latency-playback) kvpairs: routing=2
03-18 02:26:50.362 D/audio_hw_extn(  787): audio_extn_set_anc_parameters: anc_enabled:0
03-18 02:26:50.362 D/audio_hw_spkr_prot(  787): audio_extn_fbsp_set_parameters: Speaker protection disabled
03-18 02:26:50.362 I/zygote  ( 1122): Global filter of size 170 installed
03-18 02:26:50.363 I/Zygote  ( 1122): Accepting command socket connections
03-18 02:26:50.364 I/AudioFlinger( 1123): openOutput() this 0xead45000, module 10 Device 2, SamplingRate 48000, Format 0x000001, Channels 3, flags 104
03-18 02:26:50.364 D/audio_hw_primary(  787): adev_open_output_stream: enter: format(0x1) sample_rate(48000) channel_mask(0x3) devices(0x2) flags(0x104)        stream_handle(0xeb98c800)
03-18 02:26:50.364 D/audio_hw_primary(  787): adev_open_output_stream: Stream (0xeb98c800) picks up usecase (audio-ull-playback)
03-18 02:26:50.366 I/AudioFlinger( 1123): HAL output buffer size 192 frames, normal sink buffer size 960 frames
03-18 02:26:50.366 D/compress_voip(  787): voice_extn_compress_voip_out_get_parameters: enter
03-18 02:26:50.367 I/AudioFlinger( 1123): AudioFlinger's thread 0xe9303f40 tid=1525 ready to run
03-18 02:26:50.367 W/AudioFlinger( 1123): no wake lock to update, system not ready yet
03-18 02:26:50.368 D/audio_hw_primary(  787): out_set_parameters: enter: usecase(12: audio-ull-playback) kvpairs: routing=2
03-18 02:26:50.368 D/audio_hw_primary(  787): out_standby: enter: stream (0xeb98c800) usecase(12: audio-ull-playback)
03-18 02:26:50.369 D/audio_hw_primary(  787): out_standby: exit
03-18 02:26:50.369 W/AudioFlinger( 1123): no wake lock to update, system not ready yet
03-18 02:26:50.370 I/AudioFlinger( 1123): openOutput() this 0xead45000, module 10 Device 2, SamplingRate 48000, Format 0x000001, Channels 3, flags 8
03-18 02:26:50.370 D/audio_hw_primary(  787): adev_open_output_stream: enter: format(0x1) sample_rate(48000) channel_mask(0x3) devices(0x2) flags(0x8)        stream_handle(0xeb98f000)
03-18 02:26:50.370 D/audio_hw_primary(  787): adev_open_output_stream: Stream (0xeb98f000) picks up usecase (deep-buffer-playback)
03-18 02:26:50.371 I/AudioFlinger( 1123): HAL output buffer size 1920 frames, normal sink buffer size 1920 frames
03-18 02:26:50.371 D/compress_voip(  787): voice_extn_compress_voip_out_get_parameters: enter
03-18 02:26:50.373 I/AudioFlinger( 1123): AudioFlinger's thread 0xe9003880 tid=1526 ready to run
03-18 02:26:50.373 W/AudioFlinger( 1123): no wake lock to update, system not ready yet
03-18 02:26:50.373 D/audio_hw_primary(  787): out_standby: enter: stream (0xeb98f000) usecase(0: deep-buffer-playback)
03-18 02:26:50.373 D/audio_hw_primary(  787): out_standby: exit
03-18 02:26:50.374 W/AudioFlinger( 1123): no wake lock to update, system not ready yet
03-18 02:26:50.374 D/audio_hw_primary(  787): out_set_parameters: enter: usecase(0: deep-buffer-playback) kvpairs: routing=2
03-18 02:26:50.376 I/AudioFlinger( 1123): openOutput() this 0xead45000, module 10 Device 10000, SamplingRate 48000, Format 0x000001, Channels 3, flags 0
03-18 02:26:50.377 D/audio_hw_primary(  787): adev_open_output_stream: enter: format(0x1) sample_rate(48000) channel_mask(0x3) devices(0x10000) flags(0)        stream_handle(0xeb991800)
03-18 02:26:50.377 D/audio_hw_primary(  787): adev_open_output_stream: Stream (0xeb991800) picks up usecase (afe-proxy-playback)
03-18 02:26:50.378 I/AudioFlinger( 1123): HAL output buffer size 768 frames, normal sink buffer size 1152 frames
03-18 02:26:50.378 D/compress_voip(  787): voice_extn_compress_voip_out_get_parameters: enter
03-18 02:26:50.379 I/AudioFlinger( 1123): AudioFlinger's thread 0xe8e83580 tid=1528 ready to run
03-18 02:26:50.379 W/AudioFlinger( 1123): no wake lock to update, system not ready yet
03-18 02:26:50.379 D/audio_hw_primary(  787): out_standby: enter: stream (0xeb991800) usecase(47: afe-proxy-playback)
03-18 02:26:50.379 D/audio_hw_primary(  787): out_standby: exit
03-18 02:26:50.380 W/AudioFlinger( 1123): no wake lock to update, system not ready yet
03-18 02:26:50.380 D/audio_hw_primary(  787): out_set_parameters: enter: usecase(47: afe-proxy-playback) kvpairs: routing=65536
03-18 02:26:50.382 D/audio_hw_primary(  787): adev_open_input_stream: enter: sample_rate(48000) channel_mask(0x80000007) devices(0x80000004)        stream_handle(0xed153500) io_handle(14) source(1) format 1
03-18 02:26:50.382 W/audio_hw_utils(  787): audio_extn_utils_update_stream_input_app_type_cfg: App type could not be selected. Falling back to default
03-18 02:26:50.384 I/AudioFlinger( 1123): AudioFlinger's thread 0xe8b834c0 tid=1529 ready to run
03-18 02:26:50.384 D/audio_hw_primary(  787): adev_close_input_stream: enter:stream_handle(0xed153500)
03-18 02:26:50.384 D/audio_hw_primary(  787): in_standby: enter: stream (0xed153500) usecase(18: audio-record)
03-18 02:26:50.384 D/audio_hw_primary(  787): adev_open_input_stream: enter: sample_rate(48000) channel_mask(0xc) devices(0x80002000)        stream_handle(0xed153500) io_handle(22) source(1) format 1
03-18 02:26:50.384 W/audio_hw_utils(  787): audio_extn_utils_update_stream_input_app_type_cfg: App type could not be selected. Falling back to default
03-18 02:26:50.386 I/AudioFlinger( 1123): AudioFlinger's thread 0xe8b83480 tid=1530 ready to run
03-18 02:26:50.386 D/audio_hw_primary(  787): adev_close_input_stream: enter:stream_handle(0xed153500)
03-18 02:26:50.386 D/audio_hw_primary(  787): in_standby: enter: stream (0xed153500) usecase(18: audio-record)
03-18 02:26:50.386 D/audio_hw_primary(  787): adev_open_input_stream: enter: sample_rate(48000) channel_mask(0x8000003f) devices(0x80000004)        stream_handle(0xed153500) io_handle(30) source(1) format 1
03-18 02:26:50.386 D/audio_hw_primary(  787): adev_open_input_stream: return error to retry with updated channel mask (0x8000000f)
03-18 02:26:50.386 W/DeviceHAL(  787): Device 0xec221000 open_input_stream: Invalid argument
03-18 02:26:50.386 D/audio_hw_primary(  787): adev_open_input_stream: enter: sample_rate(48000) channel_mask(0x8000000f) devices(0x80000004)        stream_handle(0xed153500) io_handle(30) source(1) format 1
03-18 02:26:50.387 W/audio_hw_utils(  787): audio_extn_utils_update_stream_input_app_type_cfg: App type could not be selected. Falling back to default
03-18 02:26:50.388 I/AudioFlinger( 1123): AudioFlinger's thread 0xe8b837c0 tid=1531 ready to run
03-18 02:26:50.388 D/audio_hw_primary(  787): adev_close_input_stream: enter:stream_handle(0xed153500)
03-18 02:26:50.389 D/audio_hw_primary(  787): in_standby: enter: stream (0xed153500) usecase(18: audio-record)
03-18 02:26:50.389 D/audio_hw_primary(  787): adev_open_input_stream: enter: sample_rate(192000) channel_mask(0x8000000f) devices(0x80000004)        stream_handle(0xed153500) io_handle(38) source(1) format 5
03-18 02:26:50.389 W/DeviceHAL(  787): Device 0xec221000 open_input_stream: Invalid argument
03-18 02:26:50.389 D/audio_hw_primary(  787): adev_open_input_stream: enter: sample_rate(48000) channel_mask(0x8000000f) devices(0x80000004)        stream_handle(0xed153500) io_handle(38) source(1) format 1
03-18 02:26:50.389 W/audio_hw_utils(  787): audio_extn_utils_update_stream_input_app_type_cfg: App type could not be selected. Falling back to default
03-18 02:26:50.391 I/AudioFlinger( 1123): AudioFlinger's thread 0xe8b83940 tid=1532 ready to run
03-18 02:26:50.391 D/audio_hw_primary(  787): adev_close_input_stream: enter:stream_handle(0xed153500)
03-18 02:26:50.391 D/audio_hw_primary(  787): in_standby: enter: stream (0xed153500) usecase(18: audio-record)
03-18 02:26:50.391 D/audio_hw_primary(  787): adev_open_input_stream: enter: sample_rate(48000) channel_mask(0xc) devices(0x80000040)        stream_handle(0xed152380) io_handle(46) source(1) format 1
03-18 02:26:50.391 W/DeviceHAL(  787): Device 0xec221000 open_input_stream: Invalid argument
03-18 02:26:50.391 D/audio_hw_primary(  787): adev_open_input_stream: enter: sample_rate(48000) channel_mask(0xc) devices(0x80000040)        stream_handle(0xed152380) io_handle(46) source(1) format 1
03-18 02:26:50.392 W/DeviceHAL(  787): Device 0xec221000 open_input_stream: Invalid argument
03-18 02:26:50.392 W/APM_AudioPolicyManager( 1123): Cannot open input stream for device 80000040 on hw module primary
03-18 02:26:50.407 I/bt_a2dp_hw( 1123): adev_open:  adev_open in A2dp_hw module
03-18 02:26:50.407 I/AudioFlinger( 1123): loadHwModule() Loaded a2dp audio interface, handle 18
03-18 02:26:50.408 D/vndksupport(  787): Loading /vendor/lib/hw/audio.usb.default.so from current namespace instead of sphal namespace.
03-18 02:26:50.412 I/AudioFlinger( 1123): loadHwModule() Loaded usb audio interface, handle 26
03-18 02:26:50.412 D/vndksupport(  787): Loading /vendor/lib/hw/audio.r_submix.default.so from current namespace instead of sphal namespace.
03-18 02:26:50.417 I/r_submix(  787): adev_open(name=audio_hw_if)
03-18 02:26:50.417 I/r_submix(  787): adev_init_check()
03-18 02:26:50.418 W/DeviceHAL(  787): Device 0xeb9aa500 set_master_mute: Function not implemented
03-18 02:26:50.418 I/AudioFlinger( 1123): loadHwModule() Loaded r_submix audio interface, handle 34
03-18 02:26:50.418 D/r_submix(  787): adev_open_input_stream(addr=0)
03-18 02:26:50.418 D/r_submix(  787): submix_audio_device_create_pipe_l(addr=0, idx=9)
03-18 02:26:50.418 D/r_submix(  787):   now using address 0 for route 9
03-18 02:26:50.420 I/AudioFlinger( 1123): AudioFlinger's thread 0xe8b837c0 tid=1536 ready to run
03-18 02:26:50.420 D/r_submix(  787): adev_close_input_stream()
03-18 02:26:50.420 D/r_submix(  787): submix_audio_device_release_pipe_l(idx=9) addr=0
03-18 02:26:50.420 D/AudioPolicyManagerCustom( 1123): USE_XML_AUDIO_POLICY_CONF is TRUE
03-18 02:26:50.420 D/r_submix(  787): submix_audio_device_destroy_pipe_l(): pipe destroyed
03-18 02:26:50.420 E/EffectsConfig( 1123): Failed to parse /vendor/etc/audio_effects.xml: Tinyxml2 error (3): /vendor/etc/audio_effects.xml (null)
03-18 02:26:50.420 W/AudioPolicyEffects( 1123): Failed to load XML effect configuration, fallback to .conf
03-18 02:26:50.421 E/ActivityRecognitionHardware( 1121): activity_recognition HAL is deprecated. class_init is effectively a no-op
03-18 02:26:50.424 I/sound_trigger_hw(  787): stdev_get_properties
03-18 02:26:50.424 I/SoundTriggerHalHidl( 1123): getProperties res implementor QUALCOMM Technologies, Inc
03-18 02:26:50.424 I/SoundTriggerHalHidl( 1123): getProperties ret 0
03-18 02:26:50.424 I/SoundTriggerHwService( 1123): loaded default module Sound Trigger HAL, handle 1
03-18 02:26:50.448 I/OMX-VDEC-1080P( 1138): component_init: OMX.qcom.video.decoder.avc : fd=11
03-18 02:26:50.454 W/Zygote  ( 1121): Class not found for preloading: android.icu.impl.number.Parse
03-18 02:26:50.454 I/OMX-VDEC-1080P( 1138): omx_vdec::component_init() success : fd=11
03-18 02:26:50.456 E/OMXNodeInstance( 1138): getParameter(0xed770204:qcom.decoder.avc, ??(0x7f000044)) ERROR: UnsupportedSetting(0x80001019)
03-18 02:26:50.456 E/OMXNodeInstance( 1138): getParameter(0xed770204:qcom.decoder.avc, ??(0x7f000044)) ERROR: UnsupportedSetting(0x80001019)
03-18 02:26:50.457 E/OMXNodeInstance( 1138): getExtensionIndex(0xed770204:qcom.decoder.avc, OMX.google.android.index.configureVideoTunnelMode) ERROR: NotImplemented(0x80001006)
03-18 02:26:50.457 E/OMX-VDEC-1080P( 1138): Enable/Disable allocate-native-handle allowed only on input port!
03-18 02:26:50.457 E/OMX-VDEC-1080P( 1138): set_parameter: Error: 0x80001019, setting param 0x7f00005d
03-18 02:26:50.457 E/OMXNodeInstance( 1138): setParameter(0xed770204:qcom.decoder.avc, OMX.google.android.index.allocateNativeHandle(0x7f00005d): Output:1 en=0) ERROR: UnsupportedSetting(0x80001019)
03-18 02:26:50.457 I/OMX-VDEC-1080P( 1138): omx_vdec::component_deinit() complete
03-18 02:26:50.460 I/OMX-VDEC-1080P( 1138): Exit OMX vdec Destructor: fd=11
03-18 02:26:50.460 I/OMX-VDEC-1080P( 1138): Video slvp perflock released
03-18 02:26:50.463 I/zygote64( 1121): Thread[1,tid=1121,Native,Thread*=0x737aec2a00,peer=0x12c01e58,"main"] recursive attempt to load library "/system/lib64/libmedia_jni.so"
03-18 02:26:50.463 I/OMXClient( 1132): Treble IOmx obtained
03-18 02:26:50.463 D/MtpDeviceJNI( 1121): register_android_mtp_MtpDevice
03-18 02:26:50.463 I/OMXMaster( 1138): makeComponentInstance(OMX.qcom.video.decoder.avc.secure) in omx@1.0-service process
03-18 02:26:50.464 I/zygote64( 1121): Thread[1,tid=1121,Native,Thread*=0x737aec2a00,peer=0x12c01e58,"main"] recursive attempt to load library "/system/lib64/libmedia_jni.so"
03-18 02:26:50.464 I/zygote64( 1121): Thread[1,tid=1121,Native,Thread*=0x737aec2a00,peer=0x12c01e58,"main"] recursive attempt to load library "/system/lib64/libmedia_jni.so"
03-18 02:26:50.468 E/        ( 1138): Service not available yet
03-18 02:26:50.476 I/OMX-VDEC-1080P( 1138): Video slvp perflock acquired
03-18 02:26:50.477 I/OMX-VDEC-1080P( 1138): component_init: OMX.qcom.video.decoder.avc : fd=11
03-18 02:26:50.484 I/OMX-VDEC-1080P( 1138): omx_vdec::component_init() success : fd=11
03-18 02:26:50.487 E/OMXNodeInstance( 1138): getParameter(0xe94a0344:qcom.decoder.avc.secure, ??(0x7f000044)) ERROR: UnsupportedSetting(0x80001019)
03-18 02:26:50.487 E/OMXNodeInstance( 1138): getParameter(0xe94a0344:qcom.decoder.avc.secure, ??(0x7f000044)) ERROR: UnsupportedSetting(0x80001019)
03-18 02:26:50.488 E/OMXNodeInstance( 1138): getExtensionIndex(0xe94a0344:qcom.decoder.avc.secure, OMX.google.android.index.configureVideoTunnelMode) ERROR: NotImplemented(0x80001006)
03-18 02:26:50.488 E/OMX-VDEC-1080P( 1138): Enable/Disable allocate-native-handle allowed only on input port!
03-18 02:26:50.488 E/OMX-VDEC-1080P( 1138): set_parameter: Error: 0x80001019, setting param 0x7f00005d
03-18 02:26:50.488 E/OMXNodeInstance( 1138): setParameter(0xe94a0344:qcom.decoder.avc.secure, OMX.google.android.index.allocateNativeHandle(0x7f00005d): Output:1 en=0) ERROR: UnsupportedSetting(0x80001019)
03-18 02:26:50.489 I/OMX-VDEC-1080P( 1138): omx_vdec::component_deinit() complete
03-18 02:26:50.491 I/OMX-VDEC-1080P( 1138): Exit OMX vdec Destructor: fd=11
03-18 02:26:50.492 I/OMX-VDEC-1080P( 1138): Video slvp perflock released
03-18 02:26:50.495 I/OMXClient( 1132): Treble IOmx obtained
03-18 02:26:50.495 I/OMXMaster( 1138): makeComponentInstance(OMX.google.h264.decoder) in omx@1.0-service process
03-18 02:26:50.502 E/OMXNodeInstance( 1138): getExtensionIndex(0xec49f300:google.h264.decoder, OMX.google.android.index.configureVideoTunnelMode) ERROR: UnsupportedIndex(0x8000101a)
03-18 02:26:50.502 E/OMXNodeInstance( 1138): getExtensionIndex(0xec49f300:google.h264.decoder, OMX.google.android.index.enableAndroidNativeBuffers) ERROR: UnsupportedIndex(0x8000101a)
03-18 02:26:50.505 I/OMXClient( 1132): Treble IOmx obtained
03-18 02:26:50.505 I/OMXMaster( 1138): makeComponentInstance(OMX.qcom.video.decoder.h263) in omx@1.0-service process
03-18 02:26:50.513 I/OMX-VDEC-1080P( 1138): Video slvp perflock acquired
03-18 02:26:50.513 I/OMX-VDEC-1080P( 1138): component_init: OMX.qcom.video.decoder.h263 : fd=11
03-18 02:26:50.517 I/OMX-VDEC-1080P( 1138): omx_vdec::component_init() success : fd=11
03-18 02:26:50.519 E/OMXNodeInstance( 1138): getParameter(0xe94a0344:qcom.decoder.h263, ??(0x7f000044)) ERROR: UnsupportedSetting(0x80001019)
03-18 02:26:50.519 E/OMXNodeInstance( 1138): getParameter(0xe94a0344:qcom.decoder.h263, ??(0x7f000044)) ERROR: UnsupportedSetting(0x80001019)
03-18 02:26:50.520 E/OMXNodeInstance( 1138): getExtensionIndex(0xe94a0344:qcom.decoder.h263, OMX.google.android.index.configureVideoTunnelMode) ERROR: NotImplemented(0x80001006)
03-18 02:26:50.520 E/OMX-VDEC-1080P( 1138): Enable/Disable allocate-native-handle allowed only on input port!
03-18 02:26:50.520 E/OMX-VDEC-1080P( 1138): set_parameter: Error: 0x80001019, setting param 0x7f00005d
03-18 02:26:50.520 E/OMXNodeInstance( 1138): setParameter(0xe94a0344:qcom.decoder.h263, OMX.google.android.index.allocateNativeHandle(0x7f00005d): Output:1 en=0) ERROR: UnsupportedSetting(0x80001019)
03-18 02:26:50.520 I/OMX-VDEC-1080P( 1138): omx_vdec::component_deinit() complete
03-18 02:26:50.522 I/OMX-VDEC-1080P( 1138): Exit OMX vdec Destructor: fd=11
03-18 02:26:50.522 I/OMX-VDEC-1080P( 1138): Video slvp perflock released
03-18 02:26:50.524 I/OMXClient( 1132): Treble IOmx obtained
03-18 02:26:50.525 I/OMXMaster( 1138): makeComponentInstance(OMX.google.h263.decoder) in omx@1.0-service process
03-18 02:26:50.531 E/OMXNodeInstance( 1138): getExtensionIndex(0xed723080:google.h263.decoder, OMX.google.android.index.configureVideoTunnelMode) ERROR: UnsupportedIndex(0x8000101a)
03-18 02:26:50.532 E/OMXNodeInstance( 1138): getExtensionIndex(0xed723080:google.h263.decoder, OMX.google.android.index.enableAndroidNativeBuffers) ERROR: UnsupportedIndex(0x8000101a)
03-18 02:26:50.534 I/OMXClient( 1132): Treble IOmx obtained
03-18 02:26:50.534 I/OMXMaster( 1138): makeComponentInstance(OMX.qcom.video.decoder.hevc) in omx@1.0-service process
03-18 02:26:50.541 I/OMX-VDEC-1080P( 1138): Video slvp perflock acquired
03-18 02:26:50.542 I/OMX-VDEC-1080P( 1138): component_init: OMX.qcom.video.decoder.hevc : fd=11
03-18 02:26:50.548 I/OMX-VDEC-1080P( 1138): omx_vdec::component_init() success : fd=11
03-18 02:26:50.550 E/OMXNodeInstance( 1138): getParameter(0xed770204:qcom.decoder.hevc, ??(0x7f000044)) ERROR: UnsupportedSetting(0x80001019)
03-18 02:26:50.550 E/OMXNodeInstance( 1138): getParameter(0xed770204:qcom.decoder.hevc, ??(0x7f000044)) ERROR: UnsupportedSetting(0x80001019)
03-18 02:26:50.551 E/OMXNodeInstance( 1138): getExtensionIndex(0xed770204:qcom.decoder.hevc, OMX.google.android.index.configureVideoTunnelMode) ERROR: NotImplemented(0x80001006)
03-18 02:26:50.551 E/OMX-VDEC-1080P( 1138): Enable/Disable allocate-native-handle allowed only on input port!
03-18 02:26:50.551 E/OMX-VDEC-1080P( 1138): set_parameter: Error: 0x80001019, setting param 0x7f00005d
03-18 02:26:50.551 E/OMXNodeInstance( 1138): setParameter(0xed770204:qcom.decoder.hevc, OMX.google.android.index.allocateNativeHandle(0x7f00005d): Output:1 en=0) ERROR: UnsupportedSetting(0x80001019)
03-18 02:26:50.552 I/OMX-VDEC-1080P( 1138): omx_vdec::component_deinit() complete
03-18 02:26:50.554 I/OMX-VDEC-1080P( 1138): Exit OMX vdec Destructor: fd=11
03-18 02:26:50.554 I/OMX-VDEC-1080P( 1138): Video slvp perflock released
03-18 02:26:50.556 I/Zygote  ( 1121): ...preloaded 4715 classes in 714ms.
03-18 02:26:50.556 I/zygote64( 1121): VMRuntime.preloadDexCaches starting
03-18 02:26:50.557 I/OMXClient( 1132): Treble IOmx obtained
03-18 02:26:50.557 I/OMXMaster( 1138): makeComponentInstance(OMX.qcom.video.decoder.hevc.secure) in omx@1.0-service process
03-18 02:26:50.565 I/OMX-VDEC-1080P( 1138): Video slvp perflock acquired
03-18 02:26:50.565 I/OMX-VDEC-1080P( 1138): component_init: OMX.qcom.video.decoder.hevc : fd=11
03-18 02:26:50.572 I/OMX-VDEC-1080P( 1138): omx_vdec::component_init() success : fd=11
03-18 02:26:50.574 E/OMXNodeInstance( 1138): getParameter(0xe94a0344:qcom.decoder.hevc.secure, ??(0x7f000044)) ERROR: UnsupportedSetting(0x80001019)
03-18 02:26:50.575 E/OMXNodeInstance( 1138): getParameter(0xe94a0344:qcom.decoder.hevc.secure, ??(0x7f000044)) ERROR: UnsupportedSetting(0x80001019)
03-18 02:26:50.575 E/OMXNodeInstance( 1138): getExtensionIndex(0xe94a0344:qcom.decoder.hevc.secure, OMX.google.android.index.configureVideoTunnelMode) ERROR: NotImplemented(0x80001006)
03-18 02:26:50.575 E/OMX-VDEC-1080P( 1138): Enable/Disable allocate-native-handle allowed only on input port!
03-18 02:26:50.575 E/OMX-VDEC-1080P( 1138): set_parameter: Error: 0x80001019, setting param 0x7f00005d
03-18 02:26:50.576 E/OMXNodeInstance( 1138): setParameter(0xe94a0344:qcom.decoder.hevc.secure, OMX.google.android.index.allocateNativeHandle(0x7f00005d): Output:1 en=0) ERROR: UnsupportedSetting(0x80001019)
03-18 02:26:50.576 I/OMX-VDEC-1080P( 1138): omx_vdec::component_deinit() complete
03-18 02:26:50.578 I/OMX-VDEC-1080P( 1138): Exit OMX vdec Destructor: fd=11
03-18 02:26:50.579 I/OMX-VDEC-1080P( 1138): Video slvp perflock released
03-18 02:26:50.582 I/OMXClient( 1132): Treble IOmx obtained
03-18 02:26:50.583 I/ServiceManager( 1135): Waiting for service package_native...
03-18 02:26:50.583 I/OMXMaster( 1138): makeComponentInstance(OMX.google.hevc.decoder) in omx@1.0-service process
03-18 02:26:50.588 I/zygote64( 1121): VMRuntime.preloadDexCaches strings total=323605 before=10986 after=10986
03-18 02:26:50.588 I/zygote64( 1121): VMRuntime.preloadDexCaches types total=27458 before=5828 after=5835
03-18 02:26:50.588 I/zygote64( 1121): VMRuntime.preloadDexCaches fields total=130611 before=5545 after=5587
03-18 02:26:50.588 I/zygote64( 1121): VMRuntime.preloadDexCaches methods total=230288 before=10511 after=10525
03-18 02:26:50.588 I/zygote64( 1121): VMRuntime.preloadDexCaches finished
03-18 02:26:50.588 D/Zygote64Timing( 1121): PreloadClasses took to complete: 746ms
03-18 02:26:50.589 D/        ( 1121): Environment::getOverlayDir() = /vendor/package/Default/system/vendor/overlay
03-18 02:26:50.594 E/OMXNodeInstance( 1138): getExtensionIndex(0xec49f300:google.hevc.decoder, OMX.google.android.index.configureVideoTunnelMode) ERROR: UnsupportedIndex(0x8000101a)
03-18 02:26:50.594 E/OMXNodeInstance( 1138): getExtensionIndex(0xec49f300:google.hevc.decoder, OMX.google.android.index.enableAndroidNativeBuffers) ERROR: UnsupportedIndex(0x8000101a)
03-18 02:26:50.598 I/OMXClient( 1132): Treble IOmx obtained
03-18 02:26:50.599 I/OMXMaster( 1138): makeComponentInstance(OMX.qcom.video.decoder.mpeg2) in omx@1.0-service process
03-18 02:26:50.606 I/OMX-VDEC-1080P( 1138): Video slvp perflock acquired
03-18 02:26:50.607 I/OMX-VDEC-1080P( 1138): component_init: OMX.qcom.video.decoder.mpeg2 : fd=11
03-18 02:26:50.611 I/OMX-VDEC-1080P( 1138): omx_vdec::component_init() success : fd=11
03-18 02:26:50.612 E/OMXNodeInstance( 1138): getParameter(0xe94a0344:qcom.decoder.mpeg2, ??(0x7f000044)) ERROR: UnsupportedSetting(0x80001019)
03-18 02:26:50.613 E/OMXNodeInstance( 1138): getParameter(0xe94a0344:qcom.decoder.mpeg2, ??(0x7f000044)) ERROR: UnsupportedSetting(0x80001019)
03-18 02:26:50.613 E/OMXNodeInstance( 1138): getExtensionIndex(0xe94a0344:qcom.decoder.mpeg2, OMX.google.android.index.configureVideoTunnelMode) ERROR: NotImplemented(0x80001006)
03-18 02:26:50.614 E/OMX-VDEC-1080P( 1138): Enable/Disable allocate-native-handle allowed only on input port!
03-18 02:26:50.614 E/OMX-VDEC-1080P( 1138): set_parameter: Error: 0x80001019, setting param 0x7f00005d
03-18 02:26:50.614 E/OMXNodeInstance( 1138): setParameter(0xe94a0344:qcom.decoder.mpeg2, OMX.google.android.index.allocateNativeHandle(0x7f00005d): Output:1 en=0) ERROR: UnsupportedSetting(0x80001019)
03-18 02:26:50.614 I/OMX-VDEC-1080P( 1138): omx_vdec::component_deinit() complete
03-18 02:26:50.616 I/OMX-VDEC-1080P( 1138): Exit OMX vdec Destructor: fd=11
03-18 02:26:50.616 I/OMX-VDEC-1080P( 1138): Video slvp perflock released
03-18 02:26:50.620 I/OMXClient( 1132): Treble IOmx obtained
03-18 02:26:50.620 I/OMXMaster( 1138): makeComponentInstance(OMX.qcom.video.decoder.mpeg2.secure) in omx@1.0-service process
03-18 02:26:50.627 I/OMX-VDEC-1080P( 1138): Video slvp perflock acquired
03-18 02:26:50.628 I/OMX-VDEC-1080P( 1138): component_init: OMX.qcom.video.decoder.mpeg2 : fd=11
03-18 02:26:50.632 I/OMX-VDEC-1080P( 1138): omx_vdec::component_init() success : fd=11
03-18 02:26:50.633 E/OMXNodeInstance( 1138): getParameter(0xe94a0344:qcom.decoder.mpeg2.secure, ??(0x7f000044)) ERROR: UnsupportedSetting(0x80001019)
03-18 02:26:50.633 E/OMXNodeInstance( 1138): getParameter(0xe94a0344:qcom.decoder.mpeg2.secure, ??(0x7f000044)) ERROR: UnsupportedSetting(0x80001019)
03-18 02:26:50.634 E/OMXNodeInstance( 1138): getExtensionIndex(0xe94a0344:qcom.decoder.mpeg2.secure, OMX.google.android.index.configureVideoTunnelMode) ERROR: NotImplemented(0x80001006)
03-18 02:26:50.634 E/OMX-VDEC-1080P( 1138): Enable/Disable allocate-native-handle allowed only on input port!
03-18 02:26:50.634 E/OMX-VDEC-1080P( 1138): set_parameter: Error: 0x80001019, setting param 0x7f00005d
03-18 02:26:50.634 E/OMXNodeInstance( 1138): setParameter(0xe94a0344:qcom.decoder.mpeg2.secure, OMX.google.android.index.allocateNativeHandle(0x7f00005d): Output:1 en=0) ERROR: UnsupportedSetting(0x80001019)
03-18 02:26:50.634 I/OMX-VDEC-1080P( 1138): omx_vdec::component_deinit() complete
03-18 02:26:50.636 I/OMX-VDEC-1080P( 1138): Exit OMX vdec Destructor: fd=11
03-18 02:26:50.636 I/OMX-VDEC-1080P( 1138): Video slvp perflock released
03-18 02:26:50.639 I/OMXClient( 1132): Treble IOmx obtained
03-18 02:26:50.640 I/OMXMaster( 1138): makeComponentInstance(OMX.qcom.video.decoder.mpeg4) in omx@1.0-service process
03-18 02:26:50.645 I/OMX-VDEC-1080P( 1138): Video slvp perflock acquired
03-18 02:26:50.645 I/OMX-VDEC-1080P( 1138): component_init: OMX.qcom.video.decoder.mpeg4 : fd=11
03-18 02:26:50.649 I/OMX-VDEC-1080P( 1138): omx_vdec::component_init() success : fd=11
03-18 02:26:50.650 E/OMXNodeInstance( 1138): getParameter(0xe94a0344:qcom.decoder.mpeg4, ??(0x7f000044)) ERROR: UnsupportedSetting(0x80001019)
03-18 02:26:50.650 E/OMXNodeInstance( 1138): getParameter(0xe94a0344:qcom.decoder.mpeg4, ??(0x7f000044)) ERROR: UnsupportedSetting(0x80001019)
03-18 02:26:50.651 E/OMXNodeInstance( 1138): getExtensionIndex(0xe94a0344:qcom.decoder.mpeg4, OMX.google.android.index.configureVideoTunnelMode) ERROR: NotImplemented(0x80001006)
03-18 02:26:50.651 E/OMX-VDEC-1080P( 1138): Enable/Disable allocate-native-handle allowed only on input port!
03-18 02:26:50.651 E/OMX-VDEC-1080P( 1138): set_parameter: Error: 0x80001019, setting param 0x7f00005d
03-18 02:26:50.651 E/OMXNodeInstance( 1138): setParameter(0xe94a0344:qcom.decoder.mpeg4, OMX.google.android.index.allocateNativeHandle(0x7f00005d): Output:1 en=0) ERROR: UnsupportedSetting(0x80001019)
03-18 02:26:50.651 I/OMX-VDEC-1080P( 1138): omx_vdec::component_deinit() complete
03-18 02:26:50.653 I/OMX-VDEC-1080P( 1138): Exit OMX vdec Destructor: fd=11
03-18 02:26:50.653 I/OMX-VDEC-1080P( 1138): Video slvp perflock released
03-18 02:26:50.656 I/OMXClient( 1132): Treble IOmx obtained
03-18 02:26:50.656 I/OMXMaster( 1138): makeComponentInstance(OMX.google.mpeg4.decoder) in omx@1.0-service process
03-18 02:26:50.658 E/OMXNodeInstance( 1138): getExtensionIndex(0xed723260:google.mpeg4.decoder, OMX.google.android.index.configureVideoTunnelMode) ERROR: UnsupportedIndex(0x8000101a)
03-18 02:26:50.659 E/OMXNodeInstance( 1138): getExtensionIndex(0xed723260:google.mpeg4.decoder, OMX.google.android.index.enableAndroidNativeBuffers) ERROR: UnsupportedIndex(0x8000101a)
03-18 02:26:50.661 I/OMXClient( 1132): Treble IOmx obtained
03-18 02:26:50.661 I/OMXMaster( 1138): makeComponentInstance(OMX.qcom.video.decoder.vp8) in omx@1.0-service process
03-18 02:26:50.669 I/OMX-VDEC-1080P( 1138): Video slvp perflock acquired
03-18 02:26:50.670 I/OMX-VDEC-1080P( 1138): component_init: OMX.qcom.video.decoder.vp8 : fd=11
03-18 02:26:50.674 I/OMX-VDEC-1080P( 1138): omx_vdec::component_init() success : fd=11
03-18 02:26:50.675 E/OMXNodeInstance( 1138): getParameter(0xed770204:qcom.decoder.vp8, ??(0x7f000044)) ERROR: UnsupportedSetting(0x80001019)
03-18 02:26:50.676 E/OMXNodeInstance( 1138): getParameter(0xed770204:qcom.decoder.vp8, ??(0x7f000044)) ERROR: UnsupportedSetting(0x80001019)
03-18 02:26:50.676 E/OMXNodeInstance( 1138): getExtensionIndex(0xed770204:qcom.decoder.vp8, OMX.google.android.index.configureVideoTunnelMode) ERROR: NotImplemented(0x80001006)
03-18 02:26:50.676 E/OMX-VDEC-1080P( 1138): Enable/Disable allocate-native-handle allowed only on input port!
03-18 02:26:50.677 E/OMX-VDEC-1080P( 1138): set_parameter: Error: 0x80001019, setting param 0x7f00005d
03-18 02:26:50.677 E/OMXNodeInstance( 1138): setParameter(0xed770204:qcom.decoder.vp8, OMX.google.android.index.allocateNativeHandle(0x7f00005d): Output:1 en=0) ERROR: UnsupportedSetting(0x80001019)
03-18 02:26:50.677 I/OMX-VDEC-1080P( 1138): omx_vdec::component_deinit() complete
03-18 02:26:50.679 I/OMX-VDEC-1080P( 1138): Exit OMX vdec Destructor: fd=11
03-18 02:26:50.679 I/OMX-VDEC-1080P( 1138): Video slvp perflock released
03-18 02:26:50.682 I/OMXClient( 1132): Treble IOmx obtained
03-18 02:26:50.683 I/OMXMaster( 1138): makeComponentInstance(OMX.google.vp8.decoder) in omx@1.0-service process
03-18 02:26:50.693 E/OMXNodeInstance( 1138): getExtensionIndex(0xed723140:google.vp8.decoder, OMX.google.android.index.configureVideoTunnelMode) ERROR: UnsupportedIndex(0x8000101a)
03-18 02:26:50.693 E/OMXNodeInstance( 1138): getExtensionIndex(0xed723140:google.vp8.decoder, OMX.google.android.index.enableAndroidNativeBuffers) ERROR: UnsupportedIndex(0x8000101a)
03-18 02:26:50.696 I/OMXClient( 1132): Treble IOmx obtained
03-18 02:26:50.696 I/OMXMaster( 1138): makeComponentInstance(OMX.qcom.video.decoder.vp9) in omx@1.0-service process
03-18 02:26:50.704 I/OMX-VDEC-1080P( 1138): Video slvp perflock acquired
03-18 02:26:50.705 I/OMX-VDEC-1080P( 1138): component_init: OMX.qcom.video.decoder.vp9 : fd=11
03-18 02:26:50.709 I/OMX-VDEC-1080P( 1138): omx_vdec::component_init() success : fd=11
03-18 02:26:50.711 E/OMXNodeInstance( 1138): getParameter(0xea905a04:qcom.decoder.vp9, ??(0x7f000044)) ERROR: UnsupportedSetting(0x80001019)
03-18 02:26:50.712 E/OMXNodeInstance( 1138): getParameter(0xea905a04:qcom.decoder.vp9, ??(0x7f000044)) ERROR: UnsupportedSetting(0x80001019)
03-18 02:26:50.712 E/OMXNodeInstance( 1138): getExtensionIndex(0xea905a04:qcom.decoder.vp9, OMX.google.android.index.configureVideoTunnelMode) ERROR: NotImplemented(0x80001006)
03-18 02:26:50.713 E/OMX-VDEC-1080P( 1138): Enable/Disable allocate-native-handle allowed only on input port!
03-18 02:26:50.713 E/OMX-VDEC-1080P( 1138): set_parameter: Error: 0x80001019, setting param 0x7f00005d
03-18 02:26:50.713 E/OMXNodeInstance( 1138): setParameter(0xea905a04:qcom.decoder.vp9, OMX.google.android.index.allocateNativeHandle(0x7f00005d): Output:1 en=0) ERROR: UnsupportedSetting(0x80001019)
03-18 02:26:50.713 I/OMX-VDEC-1080P( 1138): omx_vdec::component_deinit() complete
03-18 02:26:50.715 I/OMX-VDEC-1080P( 1138): Exit OMX vdec Destructor: fd=11
03-18 02:26:50.716 I/OMX-VDEC-1080P( 1138): Video slvp perflock released
03-18 02:26:50.719 I/OMXClient( 1132): Treble IOmx obtained
03-18 02:26:50.720 I/OMXMaster( 1138): makeComponentInstance(OMX.qcom.video.decoder.vp9.secure) in omx@1.0-service process
03-18 02:26:50.727 I/OMX-VDEC-1080P( 1138): Video slvp perflock acquired
03-18 02:26:50.728 I/OMX-VDEC-1080P( 1138): component_init: OMX.qcom.video.decoder.vp9 : fd=11
03-18 02:26:50.732 I/OMX-VDEC-1080P( 1138): omx_vdec::component_init() success : fd=11
03-18 02:26:50.733 E/OMXNodeInstance( 1138): getParameter(0xea905a04:qcom.decoder.vp9.secure, ??(0x7f000044)) ERROR: UnsupportedSetting(0x80001019)
03-18 02:26:50.734 E/OMXNodeInstance( 1138): getParameter(0xea905a04:qcom.decoder.vp9.secure, ??(0x7f000044)) ERROR: UnsupportedSetting(0x80001019)
03-18 02:26:50.734 I/Zygote  ( 1121): Preloading resources...
03-18 02:26:50.734 E/OMXNodeInstance( 1138): getExtensionIndex(0xea905a04:qcom.decoder.vp9.secure, OMX.google.android.index.configureVideoTunnelMode) ERROR: NotImplemented(0x80001006)
03-18 02:26:50.734 E/OMX-VDEC-1080P( 1138): Enable/Disable allocate-native-handle allowed only on input port!
03-18 02:26:50.734 E/OMX-VDEC-1080P( 1138): set_parameter: Error: 0x80001019, setting param 0x7f00005d
03-18 02:26:50.734 E/OMXNodeInstance( 1138): setParameter(0xea905a04:qcom.decoder.vp9.secure, OMX.google.android.index.allocateNativeHandle(0x7f00005d): Output:1 en=0) ERROR: UnsupportedSetting(0x80001019)
03-18 02:26:50.734 I/OMX-VDEC-1080P( 1138): omx_vdec::component_deinit() complete
03-18 02:26:50.736 I/OMX-VDEC-1080P( 1138): Exit OMX vdec Destructor: fd=11
03-18 02:26:50.737 I/OMX-VDEC-1080P( 1138): Video slvp perflock released
03-18 02:26:50.739 I/OMXClient( 1132): Treble IOmx obtained
03-18 02:26:50.739 I/OMXMaster( 1138): makeComponentInstance(OMX.google.vp9.decoder) in omx@1.0-service process
03-18 02:26:50.742 E/OMXNodeInstance( 1138): getExtensionIndex(0xec49f060:google.vp9.decoder, OMX.google.android.index.configureVideoTunnelMode) ERROR: UnsupportedIndex(0x8000101a)
03-18 02:26:50.742 E/OMXNodeInstance( 1138): getExtensionIndex(0xec49f060:google.vp9.decoder, OMX.google.android.index.enableAndroidNativeBuffers) ERROR: UnsupportedIndex(0x8000101a)
03-18 02:26:50.744 I/OMXClient( 1132): Treble IOmx obtained
03-18 02:26:50.744 I/OMXMaster( 1138): makeComponentInstance(OMX.qcom.video.encoder.avc) in omx@1.0-service process
03-18 02:26:50.753 W/Resources( 1121): Preloaded drawable resource #0x108026b (android:drawable/dialog_background_material) that varies with configuration!!
03-18 02:26:50.754 I/OMX-VENC( 1138): Video encode perflock acquired,handle=-1
03-18 02:26:50.759 I/GPU-STATS( 1138): GPU class constructor kernelMem = 0xed70a980, kernelSize = 21432 
03-18 02:26:50.769 I/Zygote  ( 1121): ...preloaded 64 resources in 35ms.
03-18 02:26:50.773 W/Resources( 1121): Preloaded color resource #0x1060053 (android:color/btn_default_material_dark) that varies with configuration!!
03-18 02:26:50.773 I/OMX-VENC( 1138): Component_init : OMX.qcom.video.encoder.avc : return = 0x0
03-18 02:26:50.774 I/Zygote  ( 1121): ...preloaded 41 resources in 4ms.
03-18 02:26:50.774 D/Zygote64Timing( 1121): PreloadResources took to complete: 186ms
03-18 02:26:50.775 W/OMXUtils( 1132): do not know color format 0x7fa30c04 = 2141391876
03-18 02:26:50.775 W/OMXUtils( 1132): do not know color format 0x7f000789 = 2130708361
03-18 02:26:50.781 I/OMX-VENC( 1138): Component Deinit
03-18 02:26:50.782 I/OMX-VENC( 1138): Video encode perflock released
03-18 02:26:50.784 I/OMXClient( 1132): Treble IOmx obtained
03-18 02:26:50.785 I/OMXMaster( 1138): makeComponentInstance(OMX.google.h264.encoder) in omx@1.0-service process
03-18 02:26:50.786 D/libEGL  ( 1121): loaded /vendor/lib64/egl/libEGL_adreno.so
03-18 02:26:50.791 W/OMXUtils( 1132): do not know color format 0x7f000789 = 2130708361
03-18 02:26:50.793 I/OMXClient( 1132): Treble IOmx obtained
03-18 02:26:50.793 D/libEGL  ( 1121): loaded /vendor/lib64/egl/libGLESv1_CM_adreno.so
03-18 02:26:50.793 I/OMXMaster( 1138): makeComponentInstance(OMX.qcom.video.encoder.h263) in omx@1.0-service process
03-18 02:26:50.797 I/OMX-VENC( 1138): Video encode perflock acquired,handle=-1
03-18 02:26:50.802 D/libEGL  ( 1121): loaded /vendor/lib64/egl/libGLESv2_adreno.so
03-18 02:26:50.802 I/OMX-VENC( 1138): Component_init : OMX.qcom.video.encoder.h263 : return = 0x0
03-18 02:26:50.804 W/OMXUtils( 1132): do not know color format 0x7fa30c04 = 2141391876
03-18 02:26:50.804 W/OMXUtils( 1132): do not know color format 0x7f000789 = 2130708361
03-18 02:26:50.806 I/OMX-VENC( 1138): Component Deinit
03-18 02:26:50.806 I/OMX-VENC( 1138): Video encode perflock released
03-18 02:26:50.809 I/OMXClient( 1132): Treble IOmx obtained
03-18 02:26:50.809 I/OMXMaster( 1138): makeComponentInstance(OMX.google.h263.encoder) in omx@1.0-service process
03-18 02:26:50.813 I/Zygote  ( 1121): Preloading shared libraries...
03-18 02:26:50.814 I/SoftMPEG4Encoder( 1138): Construct SoftMPEG4Encoder
03-18 02:26:50.815 W/OMXUtils( 1132): do not know color format 0x7f000789 = 2130708361
03-18 02:26:50.816 E/OMXNodeInstance( 1138): getConfig(0xec49f060:google.h263.encoder, ConfigAndroidIntraRefresh(0x6f60000a)) ERROR: Undefined(0x80001001)
03-18 02:26:50.818 I/OMXClient( 1132): Treble IOmx obtained
03-18 02:26:50.818 I/OMXMaster( 1138): makeComponentInstance(OMX.qcom.video.encoder.hevc) in omx@1.0-service process
03-18 02:26:50.825 I/OMX-VENC( 1138): Video encode perflock acquired,handle=-1
03-18 02:26:50.829 I/Zygote  ( 1121): Uninstalled ICU cache reference pinning...
03-18 02:26:50.830 I/Zygote  ( 1121): Installed AndroidKeyStoreProvider in 1ms.
03-18 02:26:50.832 I/OMX-VENC( 1138): Component_init : OMX.qcom.video.encoder.hevc : return = 0x0
03-18 02:26:50.833 W/OMXUtils( 1132): do not know color format 0x7fa30c04 = 2141391876
03-18 02:26:50.834 W/OMXUtils( 1132): do not know color format 0x7f000789 = 2130708361
03-18 02:26:50.836 I/OMX-VENC( 1138): Component Deinit
03-18 02:26:50.836 I/OMX-VENC( 1138): Video encode perflock released
03-18 02:26:50.838 I/Zygote  ( 1121): Warmed up JCA providers in 8ms.
03-18 02:26:50.838 D/Zygote  ( 1121): end preload
03-18 02:26:50.838 D/Zygote64Timing( 1121): ZygotePreload took to complete: 1071ms
03-18 02:26:50.839 I/OMXClient( 1132): Treble IOmx obtained
03-18 02:26:50.839 I/OMXMaster( 1138): makeComponentInstance(OMX.qcom.video.encoder.mpeg4) in omx@1.0-service process
03-18 02:26:50.844 I/OMX-VENC( 1138): Video encode perflock acquired,handle=-1
03-18 02:26:50.849 I/OMX-VENC( 1138): Component_init : OMX.qcom.video.encoder.mpeg4 : return = 0x0
03-18 02:26:50.851 W/OMXUtils( 1132): do not know color format 0x7fa30c04 = 2141391876
03-18 02:26:50.851 W/OMXUtils( 1132): do not know color format 0x7f000789 = 2130708361
03-18 02:26:50.852 I/zygote64( 1121): Explicit concurrent copying GC freed 30612(2MB) AllocSpace objects, 23(432KB) LOS objects, 50% free, 1579KB/3MB, paused 47us total 13.974ms
03-18 02:26:50.853 I/OMX-VENC( 1138): Component Deinit
03-18 02:26:50.854 I/OMX-VENC( 1138): Video encode perflock released
03-18 02:26:50.857 I/OMXClient( 1132): Treble IOmx obtained
03-18 02:26:50.857 I/OMXMaster( 1138): makeComponentInstance(OMX.google.mpeg4.encoder) in omx@1.0-service process
03-18 02:26:50.858 I/SoftMPEG4Encoder( 1138): Construct SoftMPEG4Encoder
03-18 02:26:50.860 W/OMXUtils( 1132): do not know color format 0x7f000789 = 2130708361
03-18 02:26:50.860 E/OMXNodeInstance( 1138): getConfig(0xed723680:google.mpeg4.encoder, ConfigAndroidIntraRefresh(0x6f60000a)) ERROR: Undefined(0x80001001)
03-18 02:26:50.862 I/OMXClient( 1132): Treble IOmx obtained
03-18 02:26:50.863 I/OMXMaster( 1138): makeComponentInstance(OMX.qcom.video.encoder.vp8) in omx@1.0-service process
03-18 02:26:50.864 I/zygote64( 1121): Explicit concurrent copying GC freed 5431(198KB) AllocSpace objects, 0(0B) LOS objects, 52% free, 1412KB/2MB, paused 28us total 6.776ms
03-18 02:26:50.864 D/Zygote64Timing( 1121): PostZygoteInitGC took to complete: 26ms
03-18 02:26:50.864 D/Zygote64Timing( 1121): ZygoteInit took to complete: 1098ms
03-18 02:26:50.865 I/zygote64( 1121): Global filter of size 170 installed
03-18 02:26:50.871 I/OMX-VENC( 1138): Video encode perflock acquired,handle=-1
03-18 02:26:50.877 I/OMX-VENC( 1138): Component_init : OMX.qcom.video.encoder.vp8 : return = 0x0
03-18 02:26:50.879 W/OMXUtils( 1132): do not know color format 0x7fa30c04 = 2141391876
03-18 02:26:50.879 W/OMXUtils( 1132): do not know color format 0x7f000789 = 2130708361
03-18 02:26:50.881 I/OMX-VENC( 1138): Component Deinit
03-18 02:26:50.881 I/OMX-VENC( 1138): Video encode perflock released
03-18 02:26:50.884 I/OMXClient( 1132): Treble IOmx obtained
03-18 02:26:50.884 I/OMXMaster( 1138): makeComponentInstance(OMX.google.vp8.encoder) in omx@1.0-service process
03-18 02:26:50.886 W/slim_daemon( 1216): Waited one second for android.frameworks.sensorservice@1.0::ISensorManager/default. Waiting another...
03-18 02:26:50.897 W/OMXUtils( 1132): do not know color format 0x7f000789 = 2130708361
03-18 02:26:50.898 E/OMXNodeInstance( 1138): getConfig(0xed723020:google.vp8.encoder, ConfigAndroidIntraRefresh(0x6f60000a)) ERROR: Undefined(0x80001001)
03-18 02:26:50.899 I/Zygote  ( 1121): System server process 1609 has been created
03-18 02:26:50.899 E/Zygote  ( 1121): couldn't write 1609 to /dev/memcg/system/tasks
03-18 02:26:50.900 I/OMXClient( 1132): Treble IOmx obtained
03-18 02:26:50.900 I/OMXMaster( 1138): makeComponentInstance(OMX.google.vp9.encoder) in omx@1.0-service process
03-18 02:26:50.902 I/Zygote  ( 1121): Accepting command socket connections
03-18 02:26:50.903 W/OMXUtils( 1132): do not know color format 0x7f000789 = 2130708361
03-18 02:26:50.903 E/OMXNodeInstance( 1138): getConfig(0xed723680:google.vp9.encoder, ConfigAndroidIntraRefresh(0x6f60000a)) ERROR: Undefined(0x80001001)
03-18 02:26:50.909 I/OMXClient( 1119): Treble IOmx obtained
03-18 02:26:50.909 I/OMXMaster( 1138): makeComponentInstance(OMX.google.vorbis.decoder) in omx@1.0-service process
03-18 02:26:50.912 E/OMXNodeInstance( 1138): getConfig(0xed723680:google.vorbis.decoder, ConfigAndroidVendorExtension(0x6f100004)) ERROR: Undefined(0x80001001)
03-18 02:26:50.914 W/ExtendedACodec( 1119): Failed to get extension for extradata parameter
03-18 02:26:50.916 W//system/bin/hw/android.hidl.allocator@1.0-service(  786): ashmem_create_region(65307) returning hidl_memory(0x796d42c4b0, 65307)
03-18 02:26:50.920 I/Zygote  ( 1609): Process: zygote socket zygote_secondary opened, supported ABIS: armeabi-v7a,armeabi
03-18 02:26:50.929 W//system/bin/hw/android.hidl.allocator@1.0-service(  786): ashmem_create_region(65307) returning hidl_memory(0x796d42c4b0, 65307)
03-18 02:26:50.930 I/chatty  (  786): uid=1000(system) allocator@1.0-s identical 51 lines
03-18 02:26:50.930 W//system/bin/hw/android.hidl.allocator@1.0-service(  786): ashmem_create_region(65307) returning hidl_memory(0x796d42c4b0, 65307)
03-18 02:26:50.932 W//system/bin/hw/android.hidl.allocator@1.0-service(  786): ashmem_create_region(32768) returning hidl_memory(0x796d42c4b0, 32768)
03-18 02:26:50.943 W//system/bin/hw/android.hidl.allocator@1.0-service(  786): ashmem_create_region(32768) returning hidl_memory(0x796d42c4b0, 32768)
03-18 02:26:50.952 I/ServiceManager( 1131): Waiting for service package_native...
03-18 02:26:50.993 I/zygote64( 1609): The ClassLoaderContext is a special shared library.
03-18 02:26:51.011 I/chatty  ( 1609): uid=1000 system_server identical 2 lines
03-18 02:26:51.016 I/zygote64( 1609): The ClassLoaderContext is a special shared library.
03-18 02:26:51.044 I/SystemServer( 1609): InitBeforeStartServices
03-18 02:26:51.045 I/SystemServer( 1609): Entered the Android system server!
03-18 02:26:51.180 D/SystemServerTiming( 1609): InitBeforeStartServices took to complete: 135ms
03-18 02:26:51.180 I/SystemServer( 1609): StartServices
03-18 02:26:51.180 I/SystemServer( 1609): Reading configuration...
03-18 02:26:51.180 I/SystemServer( 1609): ReadingSystemConfig
03-18 02:26:51.181 D/SystemServerTiming( 1609): ReadingSystemConfig took to complete: 1ms
03-18 02:26:51.181 I/SystemServer( 1609): StartInstaller
03-18 02:26:51.181 I/SystemServiceManager( 1609): Starting com.android.server.pm.Installer
03-18 02:26:51.181 D/SystemServerInitThreadPool( 1609): Started executing ReadingSystemConfig
03-18 02:26:51.184 D/installd( 1127): Found quota mount /dev/block/dm-1 at /data
03-18 02:26:51.184 D/SystemServerTiming( 1609): StartInstaller took to complete: 3ms
03-18 02:26:51.184 I/SystemServer( 1609): DeviceIdentifiersPolicyService
03-18 02:26:51.184 I/SystemServiceManager( 1609): Starting com.android.server.os.DeviceIdentifiersPolicyService
03-18 02:26:51.186 D/SystemServerTiming( 1609): DeviceIdentifiersPolicyService took to complete: 1ms
03-18 02:26:51.186 I/SystemServer( 1609): StartActivityManager
03-18 02:26:51.186 I/SystemServiceManager( 1609): Starting com.android.server.am.ActivityManagerService$Lifecycle
03-18 02:26:51.206 I/ActivityManager( 1609): Memory class: 192
03-18 02:26:51.207 I/ServiceThread( 1609): Enabled StrictMode logging for ActivityManager looper.
03-18 02:26:51.208 I/ServiceThread( 1609): Enabled StrictMode logging for android.ui looper.
03-18 02:26:51.217 I/CNSS    ( 1110): cnss_open_log_file: create directory /sdcard/wlan_logs/ ret = -1 errno= 2
03-18 02:26:51.217 I/CNSS    ( 1110): failed to open file a+ mode or file size 0 is less than max_file_size 31457280
03-18 02:26:51.217 I/CNSS    ( 1110): Failed to open file /sdcard/wlan_logs/host_driver_logs_current.txt: 2
03-18 02:26:51.219 W/PowerProfile( 1609): Device is Galactus, load power_profile_galactus
03-18 02:26:51.220 D/BatteryStatsImpl( 1609): Reading daily items from /data/system/batterystats-daily.xml
03-18 02:26:51.234 D/SystemConfig( 1609): Removed unavailable feature android.hardware.sensor.compass
03-18 02:26:51.234 D/SystemConfig( 1609): Removed unavailable feature android.hardware.location.network
03-18 02:26:51.241 E/BluetoothAdapter( 1609): Bluetooth binder is null
03-18 02:26:51.245 E/BatteryExternalStatsWorker( 1609): no controller energy info supplied for telephony
03-18 02:26:51.249 E/KernelUidCpuFreqTimeReader( 1609): Failed to read /proc/uid_time_in_state: java.io.FileNotFoundException: /proc/uid_time_in_state (No such file or directory)
03-18 02:26:51.250 E/KernelCpuSpeedReader( 1609): Failed to read cpu-freq: /sys/devices/system/cpu/cpu0/cpufreq/stats/time_in_state (No such file or directory)
03-18 02:26:51.250 E/KernelCpuSpeedReader( 1609): Failed to read cpu-freq: /sys/devices/system/cpu/cpu4/cpufreq/stats/time_in_state (No such file or directory)
03-18 02:26:51.255 W/KernelMemoryBandwidthStats( 1609): No kernel memory bandwidth stats available
03-18 02:26:51.258 I/PowerManagerService-JNI( 1609): Loaded power HAL service
03-18 02:26:51.273 D/SystemConfig( 1609): Removed unavailable feature android.hardware.location.network
03-18 02:26:51.273 D/SystemConfig( 1609): Removed unavailable feature android.hardware.location.gps
