03-18 02:26:53.306 E/Sensors (  800): @#@devname: /dev/input/event1    
03-18 02:26:53.306 E/Sensors (  800): @#@name: mpa-gpio-keys
03-18 02:26:53.306 E/Sensors (  800): @#@sSensorList[0].name= LONGDISTANCEPROX
03-18 02:26:53.306 E/Sensors (  800): @#@devname: /dev/input/mouse0    
03-18 02:26:53.306 E/Sensors (  800): @#@name: 
03-18 02:26:53.306 E/Sensors (  800): @#@sSensorList[0].name= LONGDISTANCEPROX
03-18 02:26:53.306 E/Sensors (  800): @#@devname: /dev/input/event4    
03-18 02:26:53.306 E/Sensors (  800): @#@name: tca8418-galactus_53key
03-18 02:26:53.306 E/Sensors (  800): @#@sSensorList[0].name= LONGDISTANCEPROX
03-18 02:26:53.307 E/Sensors (  800): @#@devname: /dev/input/mice    
03-18 02:26:53.307 E/Sensors (  800): @#@name: 
03-18 02:26:53.307 E/Sensors (  800): @#@sSensorList[0].name= LONGDISTANCEPROX
03-18 02:26:53.307 E/Sensors (  800): @#@devname: /dev/input/event6    
03-18 02:26:53.307 E/Sensors (  800): @#@name: sdm660-tavil-snd-card Button Jack
03-18 02:26:53.307 E/Sensors (  800): @#@sSensorList[1].name= HALL_SENSOR
03-18 02:26:53.307 E/Sensors (  800): @#@devname: /dev/input/event5    
03-18 02:26:53.307 E/Sensors (  800): @#@name: sdm660-tavil-snd-card Headset Jack
03-18 02:26:53.307 E/Sensors (  800): @#@sSensorList[1].name= HALL_SENSOR
03-18 02:26:53.307 E/Sensors (  800): @#@devname: /dev/input/event3    
03-18 02:26:53.307 E/Sensors (  800): @#@name: hbtp_vm
03-18 02:26:53.307 E/Sensors (  800): @#@sSensorList[1].name= HALL_SENSOR
03-18 02:26:53.307 E/Sensors (  800): @#@devname: /dev/input/mouse1    
03-18 02:26:53.307 E/Sensors (  800): @#@name: 
03-18 02:26:53.307 E/Sensors (  800): @#@sSensorList[1].name= HALL_SENSOR
03-18 02:26:53.308 E/Sensors (  800): @#@devname: /dev/input/event2    
03-18 02:26:53.308 E/Sensors (  800): @#@name: atmel_mxt_ts
03-18 02:26:53.308 E/Sensors (  800): @#@sSensorList[1].name= HALL_SENSOR
03-18 02:26:53.308 E/Sensors (  800): @#@devname: /dev/input/event0    
03-18 02:26:53.308 E/Sensors (  800): @#@name: qpnp_pon
03-18 02:26:53.308 E/Sensors (  800): @#@sSensorList[1].name= HALL_SENSOR
03-18 02:26:53.308 E/Sensors (  800): @#@devname: /dev/input/event1    
03-18 02:26:53.308 E/Sensors (  800): @#@name: mpa-gpio-keys
03-18 02:26:53.308 E/Sensors (  800): @#@sSensorList[1].name= HALL_SENSOR
03-18 02:26:53.308 E/Sensors (  800): @#@devname: /dev/input/mouse0    
03-18 02:26:53.308 E/Sensors (  800): @#@name: 
03-18 02:26:53.308 E/Sensors (  800): @#@sSensorList[1].name= HALL_SENSOR
03-18 02:26:53.308 E/Sensors (  800): @#@devname: /dev/input/event4    
03-18 02:26:53.308 E/Sensors (  800): @#@name: tca8418-galactus_53key
03-18 02:26:53.308 E/Sensors (  800): @#@sSensorList[1].name= HALL_SENSOR
03-18 02:26:53.309 E/Sensors (  800): @#@devname: /dev/input/mice    
03-18 02:26:53.309 E/Sensors (  800): @#@name: 
03-18 02:26:53.309 E/Sensors (  800): @#@sSensorList[1].name= HALL_SENSOR
03-18 02:26:53.309 I/Sensors (  800): sensors__get_sensors_list : idx=0
03-18 02:26:53.309 E/Sensors (  800): sensors__get_sensors_list : NO sensor found!!!
03-18 02:26:53.309 E/Sensors (  800): @#@devname: /dev/input/event6    
03-18 02:26:53.309 E/Sensors (  800): @#@name: sdm660-tavil-snd-card Button Jack
03-18 02:26:53.309 E/Sensors (  800): @#@sSensorList[0].name= LONGDISTANCEPROX
03-18 02:26:53.309 E/Sensors (  800): @#@devname: /dev/input/event5    
03-18 02:26:53.309 E/Sensors (  800): @#@name: sdm660-tavil-snd-card Headset Jack
03-18 02:26:53.309 E/Sensors (  800): @#@sSensorList[0].name= LONGDISTANCEPROX
03-18 02:26:53.309 E/Sensors (  800): @#@devname: /dev/input/event3    
03-18 02:26:53.310 E/Sensors (  800): @#@name: hbtp_vm
03-18 02:26:53.310 E/Sensors (  800): @#@sSensorList[0].name= LONGDISTANCEPROX
03-18 02:26:53.310 E/Sensors (  800): @#@devname: /dev/input/mouse1    
03-18 02:26:53.310 E/Sensors (  800): @#@name: 
03-18 02:26:53.310 E/Sensors (  800): @#@sSensorList[0].name= LONGDISTANCEPROX
03-18 02:26:53.310 E/Sensors (  800): @#@devname: /dev/input/event2    
03-18 02:26:53.310 E/Sensors (  800): @#@name: atmel_mxt_ts
03-18 02:26:53.310 E/Sensors (  800): @#@sSensorList[0].name= LONGDISTANCEPROX
03-18 02:26:53.310 E/Sensors (  800): @#@devname: /dev/input/event0    
03-18 02:26:53.310 E/Sensors (  800): @#@name: qpnp_pon
03-18 02:26:53.310 E/Sensors (  800): @#@sSensorList[0].name= LONGDISTANCEPROX
03-18 02:26:53.310 E/Sensors (  800): @#@devname: /dev/input/event1    
03-18 02:26:53.310 E/Sensors (  800): @#@name: mpa-gpio-keys
03-18 02:26:53.310 E/Sensors (  800): @#@sSensorList[0].name= LONGDISTANCEPROX
03-18 02:26:53.310 E/Sensors (  800): @#@devname: /dev/input/mouse0    
03-18 02:26:53.310 E/Sensors (  800): @#@name: 
03-18 02:26:53.310 E/Sensors (  800): @#@sSensorList[0].name= LONGDISTANCEPROX
03-18 02:26:53.311 E/Sensors (  800): @#@devname: /dev/input/event4    
03-18 02:26:53.311 E/Sensors (  800): @#@name: tca8418-galactus_53key
03-18 02:26:53.311 E/Sensors (  800): @#@sSensorList[0].name= LONGDISTANCEPROX
03-18 02:26:53.311 E/Sensors (  800): @#@devname: /dev/input/mice    
03-18 02:26:53.311 E/Sensors (  800): @#@name: 
03-18 02:26:53.311 E/Sensors (  800): @#@sSensorList[0].name= LONGDISTANCEPROX
03-18 02:26:53.311 E/Sensors (  800): @#@devname: /dev/input/event6    
03-18 02:26:53.311 E/Sensors (  800): @#@name: sdm660-tavil-snd-card Button Jack
03-18 02:26:53.311 E/Sensors (  800): @#@sSensorList[1].name= HALL_SENSOR
03-18 02:26:53.311 E/Sensors (  800): @#@devname: /dev/input/event5    
03-18 02:26:53.311 E/Sensors (  800): @#@name: sdm660-tavil-snd-card Headset Jack
03-18 02:26:53.311 E/Sensors (  800): @#@sSensorList[1].name= HALL_SENSOR
03-18 02:26:53.311 E/Sensors (  800): @#@devname: /dev/input/event3    
03-18 02:26:53.312 E/Sensors (  800): @#@name: hbtp_vm
03-18 02:26:53.312 E/Sensors (  800): @#@sSensorList[1].name= HALL_SENSOR
03-18 02:26:53.312 E/Sensors (  800): @#@devname: /dev/input/mouse1    
03-18 02:26:53.312 E/Sensors (  800): @#@name: 
03-18 02:26:53.312 E/Sensors (  800): @#@sSensorList[1].name= HALL_SENSOR
03-18 02:26:53.312 E/Sensors (  800): @#@devname: /dev/input/event2    
03-18 02:26:53.312 E/Sensors (  800): @#@name: atmel_mxt_ts
03-18 02:26:53.312 E/Sensors (  800): @#@sSensorList[1].name= HALL_SENSOR
03-18 02:26:53.312 E/Sensors (  800): @#@devname: /dev/input/event0    
03-18 02:26:53.312 E/Sensors (  800): @#@name: qpnp_pon
03-18 02:26:53.312 E/Sensors (  800): @#@sSensorList[1].name= HALL_SENSOR
03-18 02:26:53.312 E/Sensors (  800): @#@devname: /dev/input/event1    
03-18 02:26:53.312 E/Sensors (  800): @#@name: mpa-gpio-keys
03-18 02:26:53.312 E/Sensors (  800): @#@sSensorList[1].name= HALL_SENSOR
03-18 02:26:53.312 E/BatteryService( 1609): Get mStatusBarInternal FAIL.
03-18 02:26:53.312 E/Sensors (  800): @#@devname: /dev/input/mouse0    
03-18 02:26:53.312 E/Sensors (  800): @#@name: 
03-18 02:26:53.313 E/Sensors (  800): @#@sSensorList[1].name= HALL_SENSOR
03-18 02:26:53.313 E/Sensors (  800): @#@devname: /dev/input/event4    
03-18 02:26:53.313 E/Sensors (  800): @#@name: tca8418-galactus_53key
03-18 02:26:53.313 D/SystemServerTiming( 1609): StartBatteryService took to complete: 12ms
03-18 02:26:53.313 E/Sensors (  800): @#@sSensorList[1].name= HALL_SENSOR
03-18 02:26:53.313 E/Sensors (  800): @#@devname: /dev/input/mice    
03-18 02:26:53.313 E/Sensors (  800): @#@name: 
03-18 02:26:53.313 I/SystemServer( 1609): StartUsageService
03-18 02:26:53.313 E/Sensors (  800): @#@sSensorList[1].name= HALL_SENSOR
03-18 02:26:53.313 I/Sensors (  800): sensors__get_sensors_list : idx=0
03-18 02:26:53.313 E/Sensors (  800): sensors__get_sensors_list : NO sensor found!!!
03-18 02:26:53.313 I/SystemServiceManager( 1609): Starting com.android.server.usage.UsageStatsService
03-18 02:26:53.314 D/BatteryService( 1609): level : 43 / status : 2/Health : 2/Decommission : 0/present : true
03-18 02:26:53.314 D/qdlights(  797): helios set_speaker_light_locked mode 1, colorRGB=FFFFC200, onMS=1000, offMS=3000
03-18 02:26:53.314 D/qdlights(  797): helios led_control_charging R=000000FF, G=000000C2, onMS=1000, offMS=3000
03-18 02:26:53.314 D/qdlights(  797): Helios blink pattern 7
03-18 02:26:53.314 D/qdlights(  797): helios set_led_lock, LED lock set to 0
03-18 02:26:53.318 E/KernelCpuSpeedReader( 1609): Failed to read cpu-freq: /sys/devices/system/cpu/cpu0/cpufreq/stats/time_in_state (No such file or directory)
03-18 02:26:53.318 E/        (  800): IGNORED register_direct_channel(mem=0x0, handle=-1) call to non-API-compliant sensor
03-18 02:26:53.318 E/KernelCpuSpeedReader( 1609): Failed to read cpu-freq: /sys/devices/system/cpu/cpu4/cpufreq/stats/time_in_state (No such file or directory)
03-18 02:26:53.319 D/SystemServerTiming( 1609): StartUsageService took to complete: 6ms
03-18 02:26:53.319 I/SystemServer( 1609): StartWebViewUpdateService
03-18 02:26:53.321 D/SensorService( 1609): new thread SensorEventAckReceiver
03-18 02:26:53.322 D/SensorService( 1609): nuSensorService thread starting...
03-18 02:26:53.322 D/SystemServerTimingAsync( 1609): StartSensorService took to complete: 22ms
03-18 02:26:53.322 D/SystemServerInitThreadPool( 1609): Finished executing StartSensorService
03-18 02:26:53.324 I/SystemServiceManager( 1609): Starting com.android.server.webkit.WebViewUpdateService
03-18 02:26:53.326 D/SystemServerTiming( 1609): StartWebViewUpdateService took to complete: 7ms
03-18 02:26:53.327 I/SystemServer( 1609): StartKeyAttestationApplicationIdProviderService
03-18 02:26:53.327 D/SystemServerInitThreadPool( 1609): Started executing SecondaryZygotePreload
03-18 02:26:53.327 I/SystemServer( 1609): SecondaryZygotePreload
03-18 02:26:53.328 D/SystemServerTiming( 1609): StartKeyAttestationApplicationIdProviderService took to complete: 1ms
03-18 02:26:53.328 I/SystemServer( 1609): StartKeyChainSystemService
03-18 02:26:53.329 I/SystemServiceManager( 1609): Starting com.android.server.security.KeyChainSystemService
03-18 02:26:53.329 D/SystemServerTiming( 1609): StartKeyChainSystemService took to complete: 0ms
03-18 02:26:53.329 I/SystemServer( 1609): StartSchedulingPolicyService
03-18 02:26:53.330 D/SystemServerTiming( 1609): StartSchedulingPolicyService took to complete: 1ms
03-18 02:26:53.330 I/SystemServer( 1609): StartTelecomLoaderService
03-18 02:26:53.330 I/SystemServiceManager( 1609): Starting com.android.server.telecom.TelecomLoaderService
03-18 02:26:53.331 D/SystemServerTiming( 1609): StartTelecomLoaderService took to complete: 1ms
03-18 02:26:53.331 I/SystemServer( 1609): StartTelephonyRegistry
03-18 02:26:53.334 D/SystemServerTiming( 1609): StartTelephonyRegistry took to complete: 3ms
03-18 02:26:53.334 I/SystemServer( 1609): StartEntropyMixer
03-18 02:26:53.336 I/EntropyMixer( 1609): Writing entropy...
03-18 02:26:53.338 I/Zygote  ( 1609): Process: zygote socket zygote opened, supported ABIS: arm64-v8a
03-18 02:26:53.347 D/SystemServerTiming( 1609): StartEntropyMixer took to complete: 14ms
03-18 02:26:53.348 I/SystemServer( 1609): StartAccountManagerService
03-18 02:26:53.348 I/SystemServiceManager( 1609): Starting com.android.server.accounts.AccountManagerService$Lifecycle
03-18 02:26:53.349 I/Zygote  ( 1609): Process: zygote socket zygote_secondary opened, supported ABIS: armeabi-v7a,armeabi
03-18 02:26:53.349 I/Zygote  ( 1122): Lazily preloading resources.
03-18 02:26:53.350 D/Zygote  ( 1122): begin preload
03-18 02:26:53.350 I/Zygote  ( 1122): Installing ICU cache reference pinning...
03-18 02:26:53.350 I/Zygote  ( 1122): Preloading ICU data...
03-18 02:26:53.353 D/SystemServerTiming( 1609): StartAccountManagerService took to complete: 5ms
03-18 02:26:53.353 I/SystemServer( 1609): StartContentService
03-18 02:26:53.359 I/SystemServiceManager( 1609): Starting com.android.server.content.ContentService$Lifecycle
03-18 02:26:53.361 D/SystemServerTiming( 1609): StartContentService took to complete: 7ms
03-18 02:26:53.361 I/SystemServer( 1609): InstallSystemProviders
03-18 02:26:53.367 D/ZygoteInitTiming_lazy( 1122): BeginIcuCachePinning took to complete: 17ms
03-18 02:26:53.367 I/Zygote  ( 1122): Preloading classes...
03-18 02:26:53.388 D/SystemServerTimingAsync( 1609): AppDataFixup took to complete: 245ms
03-18 02:26:53.395 I/SettingsState( 1609): No settings state /data/system/users/0/settings_ssaid.xml
03-18 02:26:53.402 D/SystemServerTiming( 1609): InstallSystemProviders took to complete: 41ms
03-18 02:26:53.402 I/SystemServer( 1609): StartVibratorService
03-18 02:26:53.409 D/SystemServerTiming( 1609): StartVibratorService took to complete: 8ms
03-18 02:26:53.410 I/SystemServer( 1609): StartConsumerIrService
03-18 02:26:53.411 W//system/bin/hwservicemanager(  638): getTransport: Cannot find entry android.hardware.ir@1.0::IConsumerIr/default in either framework or device manifest.
03-18 02:26:53.412 D/SystemServerTiming( 1609): StartConsumerIrService took to complete: 2ms
03-18 02:26:53.412 I/SystemServer( 1609): StartAlarmManagerService
03-18 02:26:53.412 I/SystemServiceManager( 1609): Starting com.android.server.AlarmManagerService
03-18 02:26:53.414 D/AlarmManagerService( 1609): Kernel timezone updated to 0 minutes west of GMT
03-18 02:26:53.418 D/SystemServerTiming( 1609): StartAlarmManagerService took to complete: 6ms
03-18 02:26:53.418 I/SystemServer( 1609): InitWatchdog
03-18 02:26:53.419 D/SystemServerTiming( 1609): InitWatchdog took to complete: 1ms
03-18 02:26:53.419 I/SystemServer( 1609): StartInputManagerService
03-18 02:26:53.419 I/InputManager( 1609): Initializing input manager, mUseDevInputEventForAudioJack=true
03-18 02:26:53.422 D/SystemServerTiming( 1609): StartInputManagerService took to complete: 3ms
03-18 02:26:53.422 I/SystemServer( 1609): StartWindowManagerService
03-18 02:26:53.435 I/WindowManager( 1609): No existing display settings /data/system/display_settings.xml; starting empty
03-18 02:26:53.444 D/SystemServerInitThreadPool( 1609): Finished executing Init OverlayManagerService
03-18 02:26:53.475 V/WindowManager( 1609): Broadcasting Intent for HDMI HPD :false
03-18 02:26:53.479 W/keyremap@1.0-se(  821): type=1400 audit(0.0:66): avc: denied { read } for name="u:object_r:hw_config_prop:s0" dev="tmpfs" ino=13652 scontext=u:r:hal_keyremap_hwservice:s0 tcontext=u:object_r:hw_config_prop:s0 tclass=file permissive=0
03-18 02:26:53.479 I/SystemServer( 1609): RemoteKeyEventService
03-18 02:26:53.482 D/SystemServerTiming( 1609): StartWindowManagerService took to complete: 60ms
03-18 02:26:53.482 I/SystemServer( 1609): StartVrManagerService
03-18 02:26:53.482 D/SystemServerInitThreadPool( 1609): Started executing StartHidlServices
03-18 02:26:53.482 I/SystemServiceManager( 1609): Starting com.android.server.vr.VrManagerService
03-18 02:26:53.484 W//system/bin/hwservicemanager(  638): getTransport: Cannot find entry android.hardware.vr@1.0::IVr/default in either framework or device manifest.
03-18 02:26:53.485 W/VrManagerService( 1609): init_native: Could not open IVr interface
03-18 02:26:53.485 D/SystemServerTiming( 1609): StartVrManagerService took to complete: 4ms
03-18 02:26:53.486 I/SystemServer( 1609): SetWindowManagerService
03-18 02:26:53.486 E/slim_daemon( 1216): Could not unregister service notification for android.frameworks.sensorservice@1.0::ISensorManager/default.
03-18 02:26:53.487 D/SystemServerTimingAsync( 1609): StartHidlServices took to complete: 5ms
03-18 02:26:53.488 D/SystemServerInitThreadPool( 1609): Finished executing StartHidlServices
03-18 02:26:53.488 D/SystemServerTiming( 1609): SetWindowManagerService took to complete: 2ms
03-18 02:26:53.488 I/SystemServer( 1609): StartInputManager
03-18 02:26:53.488 I/InputManager( 1609): Starting input manager
03-18 02:26:53.490 I/zygote64( 1609): hidl_ssvc_poll started.
03-18 02:26:53.490 D/SystemServerTiming( 1609): StartInputManager took to complete: 2ms
03-18 02:26:53.490 I/SystemServer( 1609): DisplayManagerWindowManagerAndInputReady
03-18 02:26:53.490 D/SystemServerTiming( 1609): DisplayManagerWindowManagerAndInputReady took to complete: 0ms
03-18 02:26:53.490 I/SystemServer( 1609): Key Mapping Manager Service
03-18 02:26:53.491 E/ActivityRecognitionHardware( 1122): activity_recognition HAL is deprecated. class_init is effectively a no-op
03-18 02:26:53.491 E/keyremap( 1609):  KeyMappingMgrService ++
03-18 02:26:53.491 D/EventHub( 1609): No input device configuration file found for device 'sdm660-tavil-snd-card Button Jack'.
03-18 02:26:53.491 E/slim_daemon( 1216): [NDK] bindNDKSensors: Found Sensor Name: BMI160 Accelerometer Vendor: BOSCH Type: android.sensor.accelerometer (1) Min Delay: 2500 us handle: 1
03-18 02:26:53.491 E/slim_daemon( 1216): [NDK] bindNDKSensors: Found Sensor Name: BMI160 Gyroscope Uncalibrated Vendor: BOSCH Type: android.sensor.gyroscope_uncalibrated (16) Min Delay: 2500 us handle: 4
03-18 02:26:53.491 E/slim_daemon( 1216): [NDK] bindNDKSensors: Found Sensor Name: BMP380 Pressure Vendor: BOSCH Type: android.sensor.pressure (6) Min Delay: 83333 us handle: 5
03-18 02:26:53.491 I/KeyMapping( 1609): KeyMappingMgr ++
03-18 02:26:53.491 I/slim_daemon( 1216): [SLIM] slim_ProviderConfigure: Updated available providers for service 0: 00000003.
03-18 02:26:53.492 I/slim_daemon( 1216): [SLIM] slim_ProviderConfigure: Updated available providers for service 2: 00000003.
03-18 02:26:53.492 I/zygote64( 1609): Looking for service vendor.symbol.hardware.keyremap@1.0::IKeyboardconfigDevice/default
03-18 02:26:53.492 I/slim_daemon( 1216): [SLIM] slim_ProviderConfigure: Updated available providers for service 16: 00000003.
03-18 02:26:53.494 I/zygote64( 1609): Starting thread pool.
03-18 02:26:53.495 I/KeyMapping( 1609): Found binder service
03-18 02:26:53.495 E/        (  821): KeyboardconfigDevice initKeyboard
03-18 02:26:53.495 W/EventHub( 1609): Unable to disable kernel key repeat for /dev/input/event6: Function not implemented
03-18 02:26:53.495 I/EventHub( 1609): wakeMechanism=EPOLLWAKEUP, usingClockIoctl=true
03-18 02:26:53.495 I/EventHub( 1609): New device: id=1, fd=117, path='/dev/input/event6', name='sdm660-tavil-snd-card Button Jack', classes=0x1, configuration='', keyLayout='/system/usr/keylayout/Generic.kl', keyCharacterMap='/system/usr/keychars/Generic.kcm', builtinKeyboard=false, 
03-18 02:26:53.496 D/EventHub( 1609): No input device configuration file found for device 'sdm660-tavil-snd-card Headset Jack'.
03-18 02:26:53.496 I/EventHub( 1609): wakeMechanism=EPOLLWAKEUP, usingClockIoctl=true
03-18 02:26:53.496 I/EventHub( 1609): New device: id=2, fd=120, path='/dev/input/event5', name='sdm660-tavil-snd-card Headset Jack', classes=0x80, configuration='', keyLayout='', keyCharacterMap='', builtinKeyboard=false, 
03-18 02:26:53.496 E/libc    (  821): Access denied finding property "ro.product.model"
03-18 02:26:53.496 D/EventHub( 1609): No input device configuration file found for device 'hbtp_vm'.
03-18 02:26:53.496 I/EventHub( 1609): wakeMechanism=EPOLLWAKEUP, usingClockIoctl=true
03-18 02:26:53.496 I/EventHub( 1609): New device: id=3, fd=121, path='/dev/input/event3', name='hbtp_vm', classes=0x8, configuration='', keyLayout='', keyCharacterMap='', builtinKeyboard=false, 
03-18 02:26:53.496 E/EventHub( 1609): could not get driver version for /dev/input/mouse1, Not a typewriter
03-18 02:26:53.499 E/        (  821): init: keyboardcount 1 
03-18 02:26:53.499 E/        (  821): init: malloc success
03-18 02:26:53.499 E/        (  821): init: Keyboard is Galactus_Standard_53keys
03-18 02:26:53.499 E/        (  821): init: sucess on ctx.info 53
03-18 02:26:53.507 W/Zygote  ( 1122): Class not found for preloading: android.icu.impl.number.Parse
03-18 02:26:53.514 D/EventHub( 1609): No input device configuration file found for device 'atmel_mxt_ts'.
03-18 02:26:53.515 I/EventHub( 1609): wakeMechanism=EPOLLWAKEUP, usingClockIoctl=true
03-18 02:26:53.515 I/EventHub( 1609): New device: id=4, fd=122, path='/dev/input/event2', name='atmel_mxt_ts', classes=0x14, configuration='', keyLayout='', keyCharacterMap='', builtinKeyboard=false, 
03-18 02:26:53.515 D/EventHub( 1609): No input device configuration file found for device 'qpnp_pon'.
03-18 02:26:53.515 I/zygote  ( 1122): Thread[1,tid=1122,Native,Thread*=0xee60f000,peer=0x12d80000,"main"] recursive attempt to load library "/system/lib/libmedia_jni.so"
03-18 02:26:53.516 D/MtpDeviceJNI( 1122): register_android_mtp_MtpDevice
03-18 02:26:53.516 W/EventHub( 1609): Unable to disable kernel key repeat for /dev/input/event0: Function not implemented
03-18 02:26:53.517 I/zygote  ( 1122): Thread[1,tid=1122,Native,Thread*=0xee60f000,peer=0x12d80000,"main"] recursive attempt to load library "/system/lib/libmedia_jni.so"
03-18 02:26:53.517 I/EventHub( 1609): wakeMechanism=EPOLLWAKEUP, usingClockIoctl=true
03-18 02:26:53.517 I/EventHub( 1609): New device: id=5, fd=123, path='/dev/input/event0', name='qpnp_pon', classes=0x1, configuration='', keyLayout='/system/usr/keylayout/Generic.kl', keyCharacterMap='/system/usr/keychars/Generic.kcm', builtinKeyboard=false, 
03-18 02:26:53.517 I/zygote  ( 1122): Thread[1,tid=1122,Native,Thread*=0xee60f000,peer=0x12d80000,"main"] recursive attempt to load library "/system/lib/libmedia_jni.so"
03-18 02:26:53.519 I/KeyMapping( 1609): Found 5 tables
03-18 02:26:53.520 E/KeyMapping( 1609): getKeyboardTableNameNative java diamond
03-18 02:26:53.520 E/KeyMapping( 1609): getKeyboardTableNameNative java blue
03-18 02:26:53.521 E/EventHub( 1609): /dev/input/event1 is INPUT_DEVICE_CLASS_ALPHAKEY
03-18 02:26:53.521 E/EventHub( 1609):  - classes is 0x1
03-18 02:26:53.521 W/EventHub( 1609): Unable to disable kernel key repeat for /dev/input/event1: Function not implemented
03-18 02:26:53.521 I/EventHub( 1609): wakeMechanism=EPOLLWAKEUP, usingClockIoctl=true
03-18 02:26:53.521 I/EventHub( 1609): New device: id=6, fd=124, path='/dev/input/event1', name='mpa-gpio-keys', classes=0x63, configuration='/system/usr/idc/mpa-gpio-keys.idc', keyLayout='/system/usr/keylayout/mpa-keys.kl', keyCharacterMap='/system/usr/keychars/Generic.kcm', builtinKeyboard=false, 
03-18 02:26:53.521 E/KeyMapping( 1609): getKeyboardTableNameNative java control
03-18 02:26:53.521 E/EventHub( 1609): could not get driver version for /dev/input/mouse0, Not a typewriter
03-18 02:26:53.521 E/KeyMapping( 1609): getKeyboardTableNameNative java shift
03-18 02:26:53.522 E/KeyMapping( 1609): getKeyboardTableNameNative java base
03-18 02:26:53.522 I/KeyMapping( 1609): Found 53 keys
03-18 02:26:53.523 E/KeyMapping( 1609): getKeyboardKeyNameNative java 0
03-18 02:26:53.523 E/KeyMapping( 1609): getKeyboardKeyNameNative java 1
03-18 02:26:53.523 E/KeyMapping( 1609): getKeyboardKeyNameNative java 2
03-18 02:26:53.524 E/KeyMapping( 1609): getKeyboardKeyNameNative java 3
03-18 02:26:53.524 E/EventHub( 1609): /dev/input/event4 is not INPUT_DEVICE_CLASS_ALPHAKEY - classes is 0x1
03-18 02:26:53.524 W/EventHub( 1609): Unable to disable kernel key repeat for /dev/input/event4: Function not implemented
03-18 02:26:53.524 I/EventHub( 1609): wakeMechanism=EPOLLWAKEUP, usingClockIoctl=true
03-18 02:26:53.524 I/EventHub( 1609): New device: id=7, fd=125, path='/dev/input/event4', name='tca8418-galactus_53key', classes=0x61, configuration='/system/usr/idc/tca8418-galactus_53key.idc', keyLayout='/system/usr/keylayout/mpa-usps-keys.kl', keyCharacterMap='/system/usr/keychars/Generic.kcm', builtinKeyboard=false, 
03-18 02:26:53.524 E/EventHub( 1609): could not get driver version for /dev/input/mice, Not a typewriter
03-18 02:26:53.524 E/KeyMapping( 1609): getKeyboardKeyNameNative java 4
03-18 02:26:53.525 E/KeyMapping( 1609): getKeyboardKeyNameNative java 5
03-18 02:26:53.525 E/KeyMapping( 1609): getKeyboardKeyNameNative java 6
03-18 02:26:53.525 E/KeyMapping( 1609): getKeyboardKeyNameNative java 7
03-18 02:26:53.526 E/KeyMapping( 1609): getKeyboardKeyNameNative java 8
03-18 02:26:53.526 E/KeyMapping( 1609): getKeyboardKeyNameNative java 9
03-18 02:26:53.526 I/InputReader( 1609): Device added: id=-1, name='Virtual', sources=0x00000301
03-18 02:26:53.527 I/InputReader( 1609): Device added: id=7, name='tca8418-galactus_53key', sources=0x00000701
03-18 02:26:53.527 E/KeyMapping( 1609): getKeyboardKeyNameNative java A
03-18 02:26:53.527 I/InputReader( 1609): Device added: id=6, name='mpa-gpio-keys', sources=0x00000701
03-18 02:26:53.527 I/InputReader( 1609): Device added: id=5, name='qpnp_pon', sources=0x00000101
03-18 02:26:53.527 E/KeyMapping( 1609): getKeyboardKeyNameNative java B
03-18 02:26:53.527 I/InputReader( 1609):   Touch device 'atmel_mxt_ts' could not query the properties of its associated display.  The device will be inoperable until the display size becomes available.
03-18 02:26:53.528 I/InputReader( 1609): Device added: id=4, name='atmel_mxt_ts', sources=0x00005002
03-18 02:26:53.528 E/KeyMapping( 1609): getKeyboardKeyNameNative java C
03-18 02:26:53.528 E/KeyMapping( 1609): getKeyboardKeyNameNative java D
03-18 02:26:53.529 E/KeyMapping( 1609): getKeyboardKeyNameNative java E
03-18 02:26:53.529 E/KeyMapping( 1609): getKeyboardKeyNameNative java F
03-18 02:26:53.530 E/KeyMapping( 1609): getKeyboardKeyNameNative java G
03-18 02:26:53.530 E/KeyMapping( 1609): getKeyboardKeyNameNative java H
03-18 02:26:53.531 E/KeyMapping( 1609): getKeyboardKeyNameNative java I
03-18 02:26:53.531 E/KeyMapping( 1609): getKeyboardKeyNameNative java J
03-18 02:26:53.531 E/KeyMapping( 1609): getKeyboardKeyNameNative java K
03-18 02:26:53.532 E/KeyMapping( 1609): getKeyboardKeyNameNative java L
03-18 02:26:53.532 E/KeyMapping( 1609): getKeyboardKeyNameNative java M
03-18 02:26:53.533 E/KeyMapping( 1609): getKeyboardKeyNameNative java N
03-18 02:26:53.533 E/KeyMapping( 1609): getKeyboardKeyNameNative java O
03-18 02:26:53.533 E/KeyMapping( 1609): getKeyboardKeyNameNative java P
03-18 02:26:53.534 E/KeyMapping( 1609): getKeyboardKeyNameNative java Q
03-18 02:26:53.534 E/KeyMapping( 1609): getKeyboardKeyNameNative java R
03-18 02:26:53.534 E/KeyMapping( 1609): getKeyboardKeyNameNative java S
03-18 02:26:53.534 E/KeyMapping( 1609): getKeyboardKeyNameNative java T
03-18 02:26:53.535 E/KeyMapping( 1609): getKeyboardKeyNameNative java U
03-18 02:26:53.535 E/KeyMapping( 1609): getKeyboardKeyNameNative java V
03-18 02:26:53.535 E/KeyMapping( 1609): getKeyboardKeyNameNative java W
03-18 02:26:53.536 E/KeyMapping( 1609): getKeyboardKeyNameNative java X
03-18 02:26:53.536 E/KeyMapping( 1609): getKeyboardKeyNameNative java Y
03-18 02:26:53.536 E/KeyMapping( 1609): getKeyboardKeyNameNative java Z
03-18 02:26:53.537 E/KeyMapping( 1609): getKeyboardKeyNameNative java P1
03-18 02:26:53.537 E/KeyMapping( 1609): getKeyboardKeyNameNative java P2
03-18 02:26:53.537 E/KeyMapping( 1609): getKeyboardKeyNameNative java UP
03-18 02:26:53.537 E/KeyMapping( 1609): getKeyboardKeyNameNative java DOT
03-18 02:26:53.538 E/KeyMapping( 1609): getKeyboardKeyNameNative java ESC
03-18 02:26:53.538 E/KeyMapping( 1609): getKeyboardKeyNameNative java BLUE
03-18 02:26:53.538 E/KeyMapping( 1609): getKeyboardKeyNameNative java CTRL
03-18 02:26:53.539 E/KeyMapping( 1609): getKeyboardKeyNameNative java DOWN
03-18 02:26:53.539 E/KeyMapping( 1609): getKeyboardKeyNameNative java LEFT
03-18 02:26:53.539 E/KeyMapping( 1609): getKeyboardKeyNameNative java SCAN
03-18 02:26:53.540 E/KeyMapping( 1609): getKeyboardKeyNameNative java ENTER
03-18 02:26:53.540 E/KeyMapping( 1609): getKeyboardKeyNameNative java RIGHT
03-18 02:26:53.540 E/KeyMapping( 1609): getKeyboardKeyNameNative java SHIFT
03-18 02:26:53.541 E/KeyMapping( 1609): getKeyboardKeyNameNative java SPACE
03-18 02:26:53.541 E/KeyMapping( 1609): getKeyboardKeyNameNative java GRIP_TRIGGER
03-18 02:26:53.541 E/KeyMapping( 1609): getKeyboardKeyNameNative java BACKSPACE
03-18 02:26:53.542 E/KeyMapping( 1609): getKeyboardKeyNameNative java DIAMOND
03-18 02:26:53.542 E/keyremap( 1609):  KeyMappingMgrService after new KeyMappingMgr
03-18 02:26:53.543 I/KeyMappingMgrService( 1609): Apply existing configuration
03-18 02:26:53.543 E/KeyMappingMgrService( 1609): no existing configuration found.
03-18 02:26:53.543 I/SystemServer( 1609): StartBluetoothService
03-18 02:26:53.544 I/SystemServiceManager( 1609): Starting com.android.server.BluetoothService
03-18 02:26:53.545 D/BluetoothManagerService( 1609): Loading stored name and address
03-18 02:26:53.546 D/BluetoothManagerService( 1609): Stored bluetooth Name=MC93,Address=null
03-18 02:26:53.546 D/BluetoothManagerService( 1609): Bluetooth persisted state: 0
03-18 02:26:53.546 D/SystemServerTiming( 1609): StartBluetoothService took to complete: 2ms
03-18 02:26:53.546 I/SystemServer( 1609): IpConnectivityMetrics
03-18 02:26:53.546 I/SystemServiceManager( 1609): Starting com.android.server.connectivity.IpConnectivityMetrics
03-18 02:26:53.547 D/SystemServerTiming( 1609): IpConnectivityMetrics took to complete: 1ms
03-18 02:26:53.547 I/SystemServer( 1609): PinnerService
03-18 02:26:53.548 I/SystemServiceManager( 1609): Starting com.android.server.PinnerService
03-18 02:26:53.549 D/SystemServerTiming( 1609): PinnerService took to complete: 1ms
03-18 02:26:53.549 I/SystemServer( 1609): StartInputMethodManagerLifecycle
03-18 02:26:53.549 I/SystemServiceManager( 1609): Starting com.android.server.InputMethodManagerService$Lifecycle
03-18 02:26:53.550 I/InputReader( 1609): Device added: id=3, name='hbtp_vm', sources=0x00002002
03-18 02:26:53.550 I/InputReader( 1609): Device added: id=2, name='sdm660-tavil-snd-card Headset Jack', sources=0x80000000
03-18 02:26:53.550 I/InputReader( 1609): Device added: id=1, name='sdm660-tavil-snd-card Button Jack', sources=0x00000101
03-18 02:26:53.558 D/SystemServerTiming( 1609): StartInputMethodManagerLifecycle took to complete: 9ms
03-18 02:26:53.558 I/SystemServer( 1609): StartAccessibilityManagerService
03-18 02:26:53.561 D/SystemServerTiming( 1609): StartAccessibilityManagerService took to complete: 3ms
03-18 02:26:53.561 I/SystemServer( 1609): MakeDisplayReady
03-18 02:26:53.563 I/ActivityManager( 1609): Config changes=5df8 {1.0 ?mcc?mnc [en_US] ldltr sw320dp w320dp h533dp 240dpi nrml long port ?uimode ?night -touch qwerty/v/v dpad/v appBounds=Rect(0, 0 - 480, 800) s.2}
03-18 02:26:53.567 I/ActivityManager( 1609): Override config changes=40007dfc {1.0 ?mcc?mnc [en_US] ldltr sw320dp w320dp h533dp 240dpi nrml long port ?uimode ?night -touch qwerty/v/v dpad/v appBounds=Rect(0, 0 - 480, 800) s.2} for displayId=0
03-18 02:26:53.581 I/InputReader( 1609): Reconfiguring input devices.  changes=0x00000004
03-18 02:26:53.581 I/InputReader( 1609): Device reconfigured: id=4, name='atmel_mxt_ts', size 480x800, orientation 0, mode 1, display id 0
03-18 02:26:53.581 I/UsageStatsService( 1609): User[0] Rollover scheduled @ 2019-03-19 01:19:43(1552958383642)
03-18 02:26:53.582 I/ActivityManager( 1609): Config changes=508 {1.0 ?mcc?mnc [en_US] ldltr sw320dp w320dp h461dp 240dpi nrml port ?uimode ?night finger qwerty/v/v dpad/v appBounds=Rect(0, 0 - 480, 728) s.3}
03-18 02:26:53.586 I/InputReader( 1609): Reconfiguring input devices.  changes=0x00000004
03-18 02:26:53.586 I/ActivityManager( 1609): Override config changes=508 {1.0 ?mcc?mnc [en_US] ldltr sw320dp w320dp h461dp 240dpi nrml port ?uimode ?night finger qwerty/v/v dpad/v appBounds=Rect(0, 0 - 480, 728) s.3} for displayId=0
03-18 02:26:53.590 D/SystemServerTiming( 1609): MakeDisplayReady took to complete: 28ms
03-18 02:26:53.590 I/SystemServer( 1609): StartStorageManagerService
03-18 02:26:53.590 I/SystemServiceManager( 1609): Starting com.android.server.StorageManagerService$Lifecycle
03-18 02:26:53.590 I/InputReader( 1609): Reconfiguring input devices.  changes=0x00000004
03-18 02:26:53.596 D/SystemServerTiming( 1609): StartStorageManagerService took to complete: 6ms
03-18 02:26:53.596 I/SystemServer( 1609): StartStorageStatsService
03-18 02:26:53.596 I/SystemServiceManager( 1609): Starting com.android.server.usage.StorageStatsService$Lifecycle
03-18 02:26:53.596 D/StorageManagerService( 1609): Thinking about init, mSystemReady=false, mDaemonConnected=true
03-18 02:26:53.596 I/diagdaemon( 1198): No file system avaiable error, try 1 of 300
03-18 02:26:53.596 D/StorageManagerService( 1609): Thinking about reset, mSystemReady=false, mDaemonConnected=true
03-18 02:26:53.596 D/StorageManagerService( 1609): Thinking about init, mSystemReady=false, mDaemonConnected=true
03-18 02:26:53.596 D/StorageManagerService( 1609): Thinking about reset, mSystemReady=false, mDaemonConnected=true
03-18 02:26:53.597 D/CryptdConnector( 1609): SND -> {1 cryptfs getfield SystemLocale}
03-18 02:26:53.598 D/installd( 1127): Found quota mount /dev/block/dm-1 at /data
03-18 02:26:53.598 E/installd( 1127): Failed to enable USRQUOTA on /dev/block/dm-1: File exists
03-18 02:26:53.598 E/installd( 1127): Failed to enable GRPQUOTA on /dev/block/dm-1: File exists
03-18 02:26:53.599 D/installd( 1127): Found quota mount /dev/block/dm-1 at /data
03-18 02:26:53.599 E/installd( 1127): Failed to enable USRQUOTA on /dev/block/dm-1: File exists
03-18 02:26:53.599 E/installd( 1127): Failed to enable GRPQUOTA on /dev/block/dm-1: File exists
03-18 02:26:53.601 D/SystemServerTiming( 1609): StartStorageStatsService took to complete: 5ms
03-18 02:26:53.601 I/SystemServer( 1609): StartUiModeManager
03-18 02:26:53.601 I/SystemServiceManager( 1609): Starting com.android.server.UiModeManagerService
03-18 02:26:53.603 D/SystemServerInitThreadPool( 1609): Started executing UiModeManager.onStart
03-18 02:26:53.603 I/ActivityManager( 1609): Config changes=200 {1.0 ?mcc?mnc [en_US] ldltr sw320dp w320dp h461dp 240dpi nrml port finger qwerty/v/v dpad/v appBounds=Rect(0, 0 - 480, 728) s.4}
03-18 02:26:53.606 I/Zygote  ( 1122): ...preloaded 4715 classes in 238ms.
03-18 02:26:53.607 I/zygote  ( 1122): VMRuntime.preloadDexCaches starting
03-18 02:26:53.608 D/SystemServerTiming( 1609): StartUiModeManager took to complete: 7ms
03-18 02:26:53.608 I/SystemServer( 1609): UpdatePackagesIfNeeded
03-18 02:26:53.609 D/SystemServerTiming( 1609): UpdatePackagesIfNeeded took to complete: 0ms
03-18 02:26:53.609 I/SystemServer( 1609): PerformFstrimIfNeeded
03-18 02:26:53.609 D/CryptdConnector( 1609): RCV <- {200 1 -1}
03-18 02:26:53.610 D/SystemServerTiming( 1609): PerformFstrimIfNeeded took to complete: 1ms
03-18 02:26:53.610 I/SystemServer( 1609): StartLockSettingsService
03-18 02:26:53.610 I/SystemServiceManager( 1609): Starting com.android.server.locksettings.LockSettingsService$Lifecycle
03-18 02:26:53.611 W/StorageManagerService( 1609): No primary storage mounted!
03-18 02:26:53.611 D/VoldConnector( 1609): SND -> {1 asec list}
03-18 02:26:53.612 I/ActivityManager( 1609): Override config changes=200 {1.0 ?mcc?mnc [en_US] ldltr sw320dp w320dp h461dp 240dpi nrml port finger qwerty/v/v dpad/v appBounds=Rect(0, 0 - 480, 728) s.4} for displayId=0
03-18 02:26:53.613 D/VoldConnector( 1609): RCV <- {200 1 asec operation succeeded}
03-18 02:26:53.613 I/PackageManager( 1609): No secure containers found
03-18 02:26:53.616 D/SystemServerInitThreadPool( 1609): Finished executing UiModeManager.onStart
03-18 02:26:53.618 D/SystemServerTiming( 1609): StartLockSettingsService took to complete: 8ms
03-18 02:26:53.618 I/SystemServer( 1609): StartPersistentDataBlock
03-18 02:26:53.618 I/SystemServiceManager( 1609): Starting com.android.server.PersistentDataBlockService
03-18 02:26:53.619 D/SystemServerTiming( 1609): StartPersistentDataBlock took to complete: 1ms
03-18 02:26:53.619 I/SystemServer( 1609): StartOemLockService
03-18 02:26:53.619 D/SystemServerInitThreadPool( 1609): Started executing PersistentDataBlockService.onStart
03-18 02:26:53.619 I/SystemServiceManager( 1609): Starting com.android.server.oemlock.OemLockService
03-18 02:26:53.619 I/zygote64( 1609): Looking for service android.hardware.oemlock@1.0::IOemLock/default
03-18 02:26:53.620 W//system/bin/hwservicemanager(  638): getTransport: Cannot find entry android.hardware.oemlock@1.0::IOemLock/default in either framework or device manifest.
03-18 02:26:53.621 E/zygote64( 1609): service android.hardware.oemlock@1.0::IOemLock declares transport method EMPTY but framework expects hwbinder.
03-18 02:26:53.621 I/OemLock ( 1609): OemLock HAL not present on device
03-18 02:26:53.621 I/OemLock ( 1609): Using persistent data block based lock
03-18 02:26:53.622 D/SystemServerTiming( 1609): StartOemLockService took to complete: 3ms
03-18 02:26:53.622 I/SystemServer( 1609): StartDeviceIdleController
03-18 02:26:53.622 I/SystemServiceManager( 1609): Starting com.android.server.DeviceIdleController
03-18 02:26:53.640 I/zygote  ( 1122): VMRuntime.preloadDexCaches strings total=323605 before=10986 after=10986
03-18 02:26:53.640 I/zygote  ( 1122): VMRuntime.preloadDexCaches types total=27458 before=5828 after=5835
03-18 02:26:53.640 I/zygote  ( 1122): VMRuntime.preloadDexCaches fields total=130611 before=5545 after=5587
03-18 02:26:53.640 I/zygote  ( 1122): VMRuntime.preloadDexCaches methods total=230288 before=10511 after=10525
03-18 02:26:53.640 I/zygote  ( 1122): VMRuntime.preloadDexCaches finished
03-18 02:26:53.640 D/ZygoteInitTiming_lazy( 1122): PreloadClasses took to complete: 273ms
03-18 02:26:53.641 D/        ( 1122): Environment::getOverlayDir() = /vendor/package/Default/system/vendor/overlay
03-18 02:26:53.697 W/StorageManagerService( 1609): No primary storage defined yet; hacking together a stub
03-18 02:26:53.698 E/PersistentDataBlockService( 1609): not able to find package com.google.android.gms
03-18 02:26:53.698 E/PersistentDataBlockService( 1609): android.content.pm.PackageManager$NameNotFoundException: com.google.android.gms
03-18 02:26:53.698 E/PersistentDataBlockService( 1609): 	at android.app.ApplicationPackageManager.getPackageUidAsUser(ApplicationPackageManager.java:284)
03-18 02:26:53.698 E/PersistentDataBlockService( 1609): 	at com.android.server.PersistentDataBlockService.getAllowedUid(PersistentDataBlockService.java:112)
03-18 02:26:53.698 E/PersistentDataBlockService( 1609): 	at com.android.server.PersistentDataBlockService.lambda$-com_android_server_PersistentDataBlockService_5033(PersistentDataBlockService.java:125)
03-18 02:26:53.698 E/PersistentDataBlockService( 1609): 	at com.android.server.-$Lambda$VaVGUZuNs2jqHMhhxPzwNl4zK-M.$m$3(Unknown Source:4)
03-18 02:26:53.698 E/PersistentDataBlockService( 1609): 	at com.android.server.-$Lambda$VaVGUZuNs2jqHMhhxPzwNl4zK-M.run(Unknown Source:23)
03-18 02:26:53.698 E/PersistentDataBlockService( 1609): 	at com.android.server.SystemServerInitThreadPool.lambda$-com_android_server_SystemServerInitThreadPool_2249(SystemServerInitThreadPool.java:64)
03-18 02:26:53.698 E/PersistentDataBlockService( 1609): 	at com.android.server.-$Lambda$Ganck_s9Kl5o2K6eVDoQTKLc-6g.$m$2(Unknown Source:8)
03-18 02:26:53.698 E/PersistentDataBlockService( 1609): 	at com.android.server.-$Lambda$Ganck_s9Kl5o2K6eVDoQTKLc-6g.run(Unknown Source:19)
03-18 02:26:53.698 E/PersistentDataBlockService( 1609): 	at java.util.concurrent.Executors$RunnableAdapter.call(Executors.java:457)
03-18 02:26:53.698 E/PersistentDataBlockService( 1609): 	at java.util.concurrent.FutureTask.run(FutureTask.java:266)
03-18 02:26:53.698 E/PersistentDataBlockService( 1609): 	at java.util.concurrent.ThreadPoolExecutor.runWorker(ThreadPoolExecutor.java:1162)
03-18 02:26:53.698 E/PersistentDataBlockService( 1609): 	at java.util.concurrent.ThreadPoolExecutor$Worker.run(ThreadPoolExecutor.java:636)
03-18 02:26:53.698 E/PersistentDataBlockService( 1609): 	at com.android.internal.util.ConcurrentUtils$1$1.run(ConcurrentUtils.java:59)
03-18 02:26:53.698 W/StorageManagerService( 1609): No primary storage defined yet; hacking together a stub
03-18 02:26:53.699 W/StorageManagerService( 1609): No primary storage mounted!
03-18 02:26:53.699 D/VoldConnector( 1609): SND -> {2 asec list}
03-18 02:26:53.700 D/VoldConnector( 1609): RCV <- {200 2 asec operation succeeded}
03-18 02:26:53.700 W/SystemServiceManager( 1609): Service com.android.server.DeviceIdleController took 77 ms in onStart
03-18 02:26:53.700 D/SystemServerTiming( 1609): StartDeviceIdleController took to complete: 78ms
03-18 02:26:53.700 I/SystemServer( 1609): StartDevicePolicyManager
03-18 02:26:53.700 I/SystemServiceManager( 1609): Starting com.android.server.devicepolicy.DevicePolicyManagerService$Lifecycle
03-18 02:26:53.706 I/Zygote  ( 1122): Preloading resources...
03-18 02:26:53.706 D/SystemServerTiming( 1609): StartDevicePolicyManager took to complete: 6ms
03-18 02:26:53.706 I/SystemServer( 1609): StartStatusBarManagerService
03-18 02:26:53.708 D/SystemServerTiming( 1609): StartStatusBarManagerService took to complete: 2ms
03-18 02:26:53.708 I/SystemServer( 1609): StartClipboardService
03-18 02:26:53.708 I/SystemServiceManager( 1609): Starting com.android.server.clipboard.ClipboardService
03-18 02:26:53.710 D/SystemServerTiming( 1609): StartClipboardService took to complete: 2ms
03-18 02:26:53.710 I/SystemServer( 1609): StartNetworkManagementService
03-18 02:26:53.713 I/NetworkManagement( 1609): onDaemonConnected()
03-18 02:26:53.715 D/SystemServerInitThreadPool( 1609): Finished executing PersistentDataBlockService.onStart
03-18 02:26:53.715 D/SystemServerTiming( 1609): StartNetworkManagementService took to complete: 6ms
03-18 02:26:53.716 I/SystemServer( 1609): StartTextServicesManager
03-18 02:26:53.716 I/SystemServiceManager( 1609): Starting com.android.server.TextServicesManagerService$Lifecycle
03-18 02:26:53.717 W/Resources( 1122): Preloaded drawable resource #0x108026b (android:drawable/dialog_background_material) that varies with configuration!!
03-18 02:26:53.721 D/SystemServerTiming( 1609): StartTextServicesManager took to complete: 5ms
03-18 02:26:53.721 I/SystemServer( 1609): StartNetworkScoreService
03-18 02:26:53.723 D/SystemServerTiming( 1609): StartNetworkScoreService took to complete: 1ms
03-18 02:26:53.723 I/SystemServer( 1609): StartNetworkStatsService
03-18 02:26:53.728 D/SystemServerTiming( 1609): StartNetworkStatsService took to complete: 4ms
03-18 02:26:53.728 I/SystemServer( 1609): StartNetworkPolicyManagerService
03-18 02:26:53.732 I/ServiceThread( 1609): Enabled StrictMode logging for NetworkPolicy.uid looper.
03-18 02:26:53.733 D/SystemServerTiming( 1609): StartNetworkPolicyManagerService took to complete: 6ms
03-18 02:26:53.734 I/SystemServer( 1609): StartWifi
03-18 02:26:53.737 I/Zygote  ( 1122): ...preloaded 64 resources in 31ms.
03-18 02:26:53.741 I/SystemServiceManager( 1609): Starting com.android.server.wifi.WifiService
03-18 02:26:53.741 W/Resources( 1122): Preloaded color resource #0x1060053 (android:color/btn_default_material_dark) that varies with configuration!!
03-18 02:26:53.742 I/Zygote  ( 1122): ...preloaded 41 resources in 6ms.
03-18 02:26:53.743 D/ZygoteInitTiming_lazy( 1122): PreloadResources took to complete: 102ms
03-18 02:26:53.756 D/WifiApConfigStore( 1609): 2G band allowed channels are:1,6,11
03-18 02:26:53.761 D/libEGL  ( 1122): loaded /vendor/lib/egl/libEGL_adreno.so
03-18 02:26:53.767 D/WifiApConfigStore( 1609): mConcurrencyCfgTemplateFile : /vendor/etc/wifi/wifi_concurrency_cfg.txt
03-18 02:26:53.768 D/WifiApConfigStore( 1609): mConcurrencyCfgTemplateFile line: ENABLE_STA_SAP_CONCURRENCY:0
03-18 02:26:53.768 D/WifiApConfigStore( 1609): mConcurrencyCfgTemplateFile EnableConcurrency = false
03-18 02:26:53.768 D/WifiApConfigStore( 1609): mConcurrencyCfgTemplateFile line: SAP_INTERFACE_NAME:softap0
03-18 02:26:53.768 D/WifiApConfigStore( 1609): mConcurrencyCfgTemplateFile line: SAP_CHANNEL:6
03-18 02:26:53.768 D/WifiApConfigStore( 1609): mConcurrencyCfgTemplateFile SAPChannel = 6
03-18 02:26:53.796 D/WifiStateMachine( 1609): fst disabled
03-18 02:26:53.804 D/CommandListener( 1133): Clearing all IP addresses on wlan0
03-18 02:26:53.804 E/HalDeviceManager( 1609): isSupported: called but mServiceManager is null!?
03-18 02:26:53.805 I/WifiNative-wlan0( 1609): Vendor HAL not supported, Ignore stop...
03-18 02:26:53.805 D/WificondControl( 1609): tearing down interfaces in wificond
03-18 02:26:53.808 D/libEGL  ( 1122): loaded /vendor/lib/egl/libGLESv1_CM_adreno.so
03-18 02:26:53.809 D/WifiController( 1609): isAirplaneModeOn = false, isWifiEnabled = true, isScanningAvailable = false
03-18 02:26:53.812 I/WifiService( 1609): getVerboseLoggingLevel uid=1000
03-18 02:26:53.813 E/SupplicantStaIfaceHal( 1609): Can't call setDebugParams, ISupplicant is null
03-18 02:26:53.813 W/WifiDiags( 1609): no ring buffers found
03-18 02:26:53.813 W/WifiDiags( 1609): Failed to start packet fate monitoring
03-18 02:26:53.814 I/WifiService( 1609): Registering wifi
03-18 02:26:53.814 D/SystemServerTiming( 1609): StartWifi took to complete: 80ms
03-18 02:26:53.815 I/SystemServer( 1609): StartWifiScanning
03-18 02:26:53.815 I/SystemServiceManager( 1609): Starting com.android.server.wifi.scanner.WifiScanningService
03-18 02:26:53.815 I/WifiScanningService( 1609): Creating wifiscanner
03-18 02:26:53.817 I/WifiScanningService( 1609): Publishing wifiscanner
03-18 02:26:53.817 D/SystemServerTiming( 1609): StartWifiScanning took to complete: 2ms
03-18 02:26:53.817 I/SystemServer( 1609): StartWifiRtt
03-18 02:26:53.818 I/SystemServiceManager( 1609): Starting com.android.server.wifi.RttService
03-18 02:26:53.819 I/RttService( 1609): Creating rttmanager
03-18 02:26:53.819 I/RttService( 1609): Starting rttmanager
03-18 02:26:53.820 D/SystemServerTiming( 1609): StartWifiRtt took to complete: 2ms
03-18 02:26:53.820 I/SystemServer( 1609): No Wi-Fi Aware Service (Aware support Not Present)
03-18 02:26:53.820 I/SystemServer( 1609): StartWifiP2P
03-18 02:26:53.821 I/SystemServiceManager( 1609): Starting com.android.server.wifi.p2p.WifiP2pService
03-18 02:26:53.821 D/libEGL  ( 1122): loaded /vendor/lib/egl/libGLESv2_adreno.so
03-18 02:26:53.825 I/WifiP2pService( 1609): Registering wifip2p
03-18 02:26:53.826 D/SystemServerTiming( 1609): StartWifiP2P took to complete: 5ms
03-18 02:26:53.826 I/SystemServer( 1609): StartEthernet
03-18 02:26:53.827 I/SystemServiceManager( 1609): Starting com.android.server.ethernet.EthernetService
03-18 02:26:53.827 I/EthernetServiceImpl( 1609): Creating EthernetConfigStore
03-18 02:26:53.828 E/IpConfigStore( 1609): Error opening configuration file: java.io.FileNotFoundException: /data/misc/ethernet/ipconfig.txt (No such file or directory)
03-18 02:26:53.829 W/EthernetConfigStore( 1609): No Ethernet configuration found. Using default.
03-18 02:26:53.829 I/EthernetServiceImpl( 1609): Read stored IP configuration: IP assignment: DHCP
03-18 02:26:53.829 I/EthernetServiceImpl( 1609): Proxy settings: NONE
03-18 02:26:53.832 I/EthernetService( 1609): Registering service ethernet
03-18 02:26:53.832 D/SystemServerTiming( 1609): StartEthernet took to complete: 6ms
03-18 02:26:53.832 I/SystemServer( 1609): StartConnectivityService
03-18 02:26:53.836 I/Zygote  ( 1122): Preloading shared libraries...
03-18 02:26:53.837 D/ConnectivityService( 1609): ConnectivityService starting up
03-18 02:26:53.840 D/ConnectivityService( 1609): wifiOnly=true
03-18 02:26:53.840 D/ConnectivityService( 1609): networkAttributes - ignoring mobile as this dev is wifiOnly 0
03-18 02:26:53.841 D/ConnectivityService( 1609): networkAttributes - ignoring mobile as this dev is wifiOnly 2
03-18 02:26:53.841 D/ConnectivityService( 1609): networkAttributes - ignoring mobile as this dev is wifiOnly 3
03-18 02:26:53.841 D/ConnectivityService( 1609): networkAttributes - ignoring mobile as this dev is wifiOnly 4
03-18 02:26:53.841 D/ConnectivityService( 1609): networkAttributes - ignoring mobile as this dev is wifiOnly 5
03-18 02:26:53.841 D/ConnectivityService( 1609): networkAttributes - ignoring mobile as this dev is wifiOnly 10
03-18 02:26:53.841 D/ConnectivityService( 1609): networkAttributes - ignoring mobile as this dev is wifiOnly 11
03-18 02:26:53.841 D/ConnectivityService( 1609): networkAttributes - ignoring mobile as this dev is wifiOnly 12
03-18 02:26:53.841 E/ConnectivityService( 1609): Ignoring protectedNetwork 10
03-18 02:26:53.841 E/ConnectivityService( 1609): Ignoring protectedNetwork 11
03-18 02:26:53.841 E/ConnectivityService( 1609): Ignoring protectedNetwork 12
03-18 02:26:53.841 E/ConnectivityService( 1609): Ignoring protectedNetwork 14
03-18 02:26:53.841 E/ConnectivityService( 1609): Ignoring protectedNetwork 15
03-18 02:26:53.852 D/SystemServerTiming( 1609): StartConnectivityService took to complete: 19ms
03-18 02:26:53.853 I/SystemServer( 1609): StartNsdService
03-18 02:26:53.854 D/NsdService( 1609): Network service discovery is enabled
03-18 02:26:53.857 D/SystemServerTiming( 1609): StartNsdService took to complete: 4ms
03-18 02:26:53.857 I/Zygote  ( 1122): Uninstalled ICU cache reference pinning...
03-18 02:26:53.857 I/SystemServer( 1609): StartUpdateLockService
03-18 02:26:53.858 I/Zygote  ( 1122): Installed AndroidKeyStoreProvider in 1ms.
03-18 02:26:53.858 D/SystemServerTiming( 1609): StartUpdateLockService took to complete: 1ms
03-18 02:26:53.858 I/SystemServer( 1609): WaitForAsecScan
03-18 02:26:53.859 D/SystemServerTiming( 1609): WaitForAsecScan took to complete: 0ms
03-18 02:26:53.859 I/SystemServer( 1609): StartNotificationManager
03-18 02:26:53.859 I/SystemServiceManager( 1609): Starting com.android.server.notification.NotificationManagerService
03-18 02:26:53.867 I/Zygote  ( 1122): Warmed up JCA providers in 9ms.
03-18 02:26:53.867 D/Zygote  ( 1122): end preload
03-18 02:26:53.868 D/SystemServerTimingAsync( 1609): SecondaryZygotePreload took to complete: 541ms
03-18 02:26:53.868 D/SystemServerInitThreadPool( 1609): Finished executing SecondaryZygotePreload
03-18 02:26:53.871 D/ConditionProviders.SCP( 1609): new ScheduleConditionProvider()
