03-18 02:26:54.215 D/BluetoothManagerService( 1609): Binding to service to get name and address
03-18 02:26:54.218 I/CNSS    ( 1110): cnss_open_log_file: create directory /sdcard/wlan_logs/ ret = -1 errno= 2
03-18 02:26:54.218 I/CNSS    ( 1110): failed to open file a+ mode or file size 0 is less than max_file_size 31457280
03-18 02:26:54.218 I/CNSS    ( 1110): Failed to open file /sdcard/wlan_logs/host_driver_logs_current.txt: 2
03-18 02:26:54.229 I/ActivityManager( 1609): Start proc 1782:com.android.bluetooth/1002 for service com.android.bluetooth/.btservice.AdapterService
03-18 02:26:54.245 D/CompatibilityInfo( 1609): mCompatibilityFlags - 4
03-18 02:26:54.245 D/CompatibilityInfo( 1609): applicationDensity - 240
03-18 02:26:54.245 D/CompatibilityInfo( 1609): applicationScale - 1.0
03-18 02:26:54.249 D/CompatibilityInfo( 1609): mCompatibilityFlags - 4
03-18 02:26:54.249 D/CompatibilityInfo( 1609): applicationDensity - 240
03-18 02:26:54.249 D/CompatibilityInfo( 1609): applicationScale - 1.0
03-18 02:26:54.281 E/QC-time-services( 1111): Daemon:genoff_wlan_qmi_service_request: qmi_client_get_service_list returned -2num_services 0
03-18 02:26:54.282 I/ActivityManager( 1609): Start proc 1796:com.android.inputmethod.latin/u0a62 for service com.android.inputmethod.latin/.LatinIME
03-18 02:26:54.283 W/SystemServiceManager( 1609): Service com.android.server.InputMethodManagerService$Lifecycle took 68 ms in onBootPhase
03-18 02:26:54.284 D/StorageManagerService( 1609): Thinking about init, mSystemReady=true, mDaemonConnected=true
03-18 02:26:54.284 D/StorageManagerService( 1609): Setting up emulation state, initlocked=false
03-18 02:26:54.284 D/CryptdConnector( 1609): SND -> {2 cryptfs unlock_user_key 0 0 ! !}
03-18 02:26:54.284 D/vold    (  664): e4crypt_unlock_user_key 0 serial=0 token_present=0
03-18 02:26:54.285 D/CryptdConnector( 1609): RCV <- {200 2 Command succeeded}
03-18 02:26:54.285 D/StorageManagerService( 1609): Thinking about reset, mSystemReady=true, mDaemonConnected=true
03-18 02:26:54.286 D/VoldConnector( 1609): SND -> {3 volume reset}
03-18 02:26:54.286 I/ActivityManager( 1609): Force stopping com.android.providers.media appid=10011 user=-1: vold reset
03-18 02:26:54.287 E/BitmapFactory( 1609): Unable to decode stream: java.io.FileNotFoundException: /data/system/users/0/wallpaper_orig (No such file or directory)
03-18 02:26:54.287 W/WallpaperManagerService( 1609): Invalid wallpaper data
03-18 02:26:54.287 E/WallpaperManagerService( 1609): Unable to apply new wallpaper
03-18 02:26:54.287 V/WallpaperManagerService( 1609): bindWallpaperComponentLocked: componentName=null
03-18 02:26:54.287 V/WallpaperManagerService( 1609): No default component; using image wallpaper
03-18 02:26:54.287 D/VoldConnector( 1609): RCV <- {651 emulated 7}
03-18 02:26:54.288 D/VoldConnector( 1609): RCV <- {659 emulated}
03-18 02:26:54.288 D/VoldConnector( 1609): RCV <- {650 emulated 2 "" ""}
03-18 02:26:54.289 D/VoldConnector( 1609): RCV <- {651 emulated 0}
03-18 02:26:54.289 D/VoldConnector( 1609): RCV <- {200 3 Command succeeded}
03-18 02:26:54.289 V/StorageManagerService( 1609): Found primary storage at VolumeInfo{emulated}:
03-18 02:26:54.289 V/StorageManagerService( 1609):     type=EMULATED diskId=null partGuid=null mountFlags=0 mountUserId=-1 
03-18 02:26:54.289 V/StorageManagerService( 1609):     state=UNMOUNTED 
03-18 02:26:54.289 V/StorageManagerService( 1609):     fsType=null fsUuid=null fsLabel=null 
03-18 02:26:54.289 V/StorageManagerService( 1609):     path=null internalPath=null 
03-18 02:26:54.289 D/VoldConnector( 1609): SND -> {4 volume user_added 0 0}
03-18 02:26:54.291 D/VoldConnector( 1609): RCV <- {200 4 Command succeeded}
03-18 02:26:54.304 I/ActivityManager( 1609): Start proc 1816:com.android.systemui/u0a25 for service com.android.systemui/.ImageWallpaper
03-18 02:26:54.306 D/VoldConnector( 1609): SND -> {5 volume mount emulated 3 -1}
03-18 02:26:54.306 D/CompatibilityInfo( 1609): mCompatibilityFlags - 14
03-18 02:26:54.306 D/CompatibilityInfo( 1609): applicationDensity - 240
03-18 02:26:54.306 D/CompatibilityInfo( 1609): applicationScale - 1.0
03-18 02:26:54.308 D/CompatibilityInfo( 1609): mCompatibilityFlags - 14
03-18 02:26:54.308 D/CompatibilityInfo( 1609): applicationDensity - 240
03-18 02:26:54.309 W/usb@1.0-service(  802): type=1400 audit(0.0:69): avc: denied { dac_override } for capability=1 scontext=u:r:hal_usb_default:s0 tcontext=u:r:hal_usb_default:s0 tclass=capability permissive=0
03-18 02:26:54.309 W/usb@1.0-service(  802): type=1400 audit(0.0:70): avc: denied { dac_override } for capability=1 scontext=u:r:hal_usb_default:s0 tcontext=u:r:hal_usb_default:s0 tclass=capability permissive=0
03-18 02:26:54.309 D/CompatibilityInfo( 1609): applicationScale - 1.0
03-18 02:26:54.309 D/VoldConnector( 1609): RCV <- {651 emulated 1}
03-18 02:26:54.309 D/VoldConnector( 1609): RCV <- {656 emulated /data/media}
03-18 02:26:54.310 D/VoldConnector( 1609): RCV <- {655 emulated /storage/emulated}
03-18 02:26:54.312 V/vold    (  664): Waiting for FUSE to spin up...
03-18 02:26:54.315 D/UsbAlsaManager( 1609): Adding ALSA device AlsaDevice: [card: 0, device: 39, type: 2]
03-18 02:26:54.315 D/UsbAlsaManager( 1609): Adding ALSA device AlsaDevice: [card: 0, device: 38, type: 1]
03-18 02:26:54.315 D/UsbAlsaManager( 1609): Adding ALSA device AlsaDevice: [card: 0, device: 37, type: 2]
03-18 02:26:54.315 D/UsbAlsaManager( 1609): Adding ALSA device AlsaDevice: [card: 0, device: 36, type: 2]
03-18 02:26:54.315 D/UsbAlsaManager( 1609): Adding ALSA device AlsaDevice: [card: 0, device: 36, type: 1]
03-18 02:26:54.315 D/UsbAlsaManager( 1609): Adding ALSA device AlsaDevice: [card: 0, device: 35, type: 2]
03-18 02:26:54.315 D/UsbAlsaManager( 1609): Adding ALSA device AlsaDevice: [card: 0, device: 35, type: 1]
03-18 02:26:54.315 D/UsbAlsaManager( 1609): Adding ALSA device AlsaDevice: [card: 0, device: 34, type: 2]
03-18 02:26:54.315 D/UsbAlsaManager( 1609): Adding ALSA device AlsaDevice: [card: 0, device: 33, type: 2]
03-18 02:26:54.315 D/UsbAlsaManager( 1609): Adding ALSA device AlsaDevice: [card: 0, device: 33, type: 1]
03-18 02:26:54.315 D/UsbAlsaManager( 1609): Adding ALSA device AlsaDevice: [card: 0, device: 27, type: 2]
03-18 02:26:54.316 D/UsbAlsaManager( 1609): Adding ALSA device AlsaDevice: [card: 0, device: 27, type: 1]
03-18 02:26:54.316 D/UsbAlsaManager( 1609): Adding ALSA device AlsaDevice: [card: 0, device: 26, type: 2]
03-18 02:26:54.316 D/UsbAlsaManager( 1609): Adding ALSA device AlsaDevice: [card: 0, device: 25, type: 2]
03-18 02:26:54.316 D/UsbAlsaManager( 1609): Adding ALSA device AlsaDevice: [card: 0, device: 24, type: 2]
03-18 02:26:54.316 D/UsbAlsaManager( 1609): Adding ALSA device AlsaDevice: [card: 0, device: 23, type: 2]
03-18 02:26:54.316 D/UsbAlsaManager( 1609): Adding ALSA device AlsaDevice: [card: 0, device: 22, type: 2]
03-18 02:26:54.316 D/UsbAlsaManager( 1609): Adding ALSA device AlsaDevice: [card: 0, device: 21, type: 2]
03-18 02:26:54.316 D/UsbAlsaManager( 1609): Adding ALSA device AlsaDevice: [card: 0, device: 20, type: 2]
03-18 02:26:54.316 D/UsbAlsaManager( 1609): Adding ALSA device AlsaDevice: [card: 0, device: 19, type: 2]
03-18 02:26:54.316 D/UsbAlsaManager( 1609): Adding ALSA device AlsaDevice: [card: 0, device: 19, type: 1]
03-18 02:26:54.316 D/UsbAlsaManager( 1609): Adding ALSA device AlsaDevice: [card: 0, device: 18, type: 1]
03-18 02:26:54.316 D/UsbAlsaManager( 1609): Adding ALSA device AlsaDevice: [card: 0, device: 17, type: 2]
03-18 02:26:54.316 D/UsbAlsaManager( 1609): Adding ALSA device AlsaDevice: [card: 0, device: 17, type: 1]
03-18 02:26:54.316 D/UsbAlsaManager( 1609): Adding ALSA device AlsaDevice: [card: 0, device: 16, type: 2]
03-18 02:26:54.316 D/UsbAlsaManager( 1609): Adding ALSA device AlsaDevice: [card: 0, device: 16, type: 1]
03-18 02:26:54.316 D/UsbAlsaManager( 1609): Adding ALSA device AlsaDevice: [card: 0, device: 14, type: 2]
03-18 02:26:54.317 D/UsbAlsaManager( 1609): Adding ALSA device AlsaDevice: [card: 0, device: 13, type: 2]
03-18 02:26:54.317 D/UsbAlsaManager( 1609): Adding ALSA device AlsaDevice: [card: 0, device: 13, type: 1]
03-18 02:26:54.317 D/UsbAlsaManager( 1609): Adding ALSA device AlsaDevice: [card: 0, device: 12, type: 2]
03-18 02:26:54.317 D/UsbAlsaManager( 1609): Adding ALSA device AlsaDevice: [card: 0, device: 12, type: 1]
03-18 02:26:54.317 D/UsbAlsaManager( 1609): Adding ALSA device AlsaDevice: [card: 0, device: 11, type: 2]
03-18 02:26:54.317 D/UsbAlsaManager( 1609): Adding ALSA device AlsaDevice: [card: 0, device: 11, type: 1]
03-18 02:26:54.317 D/UsbAlsaManager( 1609): Adding ALSA device AlsaDevice: [card: 0, device: 10, type: 2]
03-18 02:26:54.317 D/UsbAlsaManager( 1609): Adding ALSA device AlsaDevice: [card: 0, device: 10, type: 1]
03-18 02:26:54.317 D/UsbAlsaManager( 1609): Adding ALSA device AlsaDevice: [card: 0, device: 9, type: 2]
03-18 02:26:54.317 D/UsbAlsaManager( 1609): Adding ALSA device AlsaDevice: [card: 0, device: 9, type: 1]
03-18 02:26:54.317 D/UsbAlsaManager( 1609): Adding ALSA device AlsaDevice: [card: 0, device: 7, type: 2]
03-18 02:26:54.317 D/UsbAlsaManager( 1609): Adding ALSA device AlsaDevice: [card: 0, device: 6, type: 1]
03-18 02:26:54.317 D/UsbAlsaManager( 1609): Adding ALSA device AlsaDevice: [card: 0, device: 5, type: 2]
03-18 02:26:54.317 D/UsbAlsaManager( 1609): Adding ALSA device AlsaDevice: [card: 0, device: 5, type: 1]
03-18 02:26:54.317 D/UsbAlsaManager( 1609): Adding ALSA device AlsaDevice: [card: 0, device: 4, type: 1]
03-18 02:26:54.317 D/UsbAlsaManager( 1609): Adding ALSA device AlsaDevice: [card: 0, device: 3, type: 2]
03-18 02:26:54.317 D/UsbAlsaManager( 1609): Adding ALSA device AlsaDevice: [card: 0, device: 3, type: 1]
03-18 02:26:54.317 D/UsbAlsaManager( 1609): Adding ALSA device AlsaDevice: [card: 0, device: 2, type: 2]
03-18 02:26:54.317 D/UsbAlsaManager( 1609): Adding ALSA device AlsaDevice: [card: 0, device: 2, type: 1]
03-18 02:26:54.317 D/UsbAlsaManager( 1609): Adding ALSA device AlsaDevice: [card: 0, device: 1, type: 2]
03-18 02:26:54.317 D/UsbAlsaManager( 1609): Adding ALSA device AlsaDevice: [card: 0, device: 1, type: 1]
03-18 02:26:54.317 D/UsbAlsaManager( 1609): Adding ALSA device AlsaDevice: [card: 0, device: 0, type: 2]
03-18 02:26:54.317 D/UsbAlsaManager( 1609): Adding ALSA device AlsaDevice: [card: 0, device: 0, type: 1]
03-18 02:26:54.319 W/Binder:1609_2( 1609): type=1400 audit(0.0:71): avc: denied { write } for name="timerslack_ns" dev="proc" ino=26034 scontext=u:r:system_server:s0 tcontext=u:r:audioserver:s0 tclass=file permissive=0
03-18 02:26:54.319 W/Binder:1609_2( 1609): type=1400 audit(0.0:72): avc: denied { write } for name="timerslack_ns" dev="proc" ino=27992 scontext=u:r:system_server:s0 tcontext=u:r:audioserver:s0 tclass=file permissive=0
03-18 02:26:54.319 W/Binder:1609_2( 1609): type=1400 audit(0.0:73): avc: denied { write } for name="timerslack_ns" dev="proc" ino=26036 scontext=u:r:system_server:s0 tcontext=u:r:audioserver:s0 tclass=file permissive=0
03-18 02:26:54.319 W/Binder:1609_2( 1609): type=1400 audit(0.0:74): avc: denied { write } for name="timerslack_ns" dev="proc" ino=29957 scontext=u:r:system_server:s0 tcontext=u:r:scanningservice:s0 tclass=file permissive=0
03-18 02:26:54.319 W/Binder:1609_2( 1609): type=1400 audit(0.0:75): avc: denied { write } for name="timerslack_ns" dev="proc" ino=21401 scontext=u:r:system_server:s0 tcontext=u:r:scanningservice:s0 tclass=file permissive=0
03-18 02:26:54.320 I/android.hardware.usb@1.0-service(  802): otg_default
03-18 02:26:54.320 D/SystemServerTiming( 1609): StartActivityManagerReadyPhase took to complete: 140ms
03-18 02:26:54.320 I/AudioService( 1609): In onSystemReady(), calling resetBluetoothSco()
03-18 02:26:54.320 I/SystemServer( 1609): StartObservingNativeCrashes
03-18 02:26:54.320 I/AudioService( 1609): In resetBluetoothSco(), calling clearAllScoClients()
03-18 02:26:54.321 I/android.hardware.usb@1.0-service(  802): canChangeMode: 1 canChagedata: 0 canChangePower:0
03-18 02:26:54.321 D/audio_hw_primary(  787): adev_set_parameters: enter: A2dpSuspended=false
03-18 02:26:54.321 D/audio_hw_extn(  787): audio_extn_set_anc_parameters: anc_enabled:0
03-18 02:26:54.321 D/audio_hw_spkr_prot(  787): audio_extn_fbsp_set_parameters: Speaker protection disabled
03-18 02:26:54.324 I/AudioService( 1609): In setbluetoothScoOnInt(), mForcedUseForCommExt: 0
03-18 02:26:54.324 I/UsbPortManager( 1609): ClientCallback: otg_default
03-18 02:26:54.325 D/audio_hw_primary(  787): adev_set_parameters: enter: BT_SCO=off
03-18 02:26:54.325 D/audio_hw_extn(  787): audio_extn_set_anc_parameters: anc_enabled:0
03-18 02:26:54.325 D/audio_hw_spkr_prot(  787): audio_extn_fbsp_set_parameters: Speaker protection disabled
03-18 02:26:54.327 D/SystemServerTiming( 1609): StartObservingNativeCrashes took to complete: 7ms
03-18 02:26:54.327 V/NuMediaExtractor( 1609): setDataSource fd=192 (/system/media/audio/ui/KeypressStandard.ogg), offset=0, length=5837
03-18 02:26:54.327 D/BluetoothManagerService( 1609): Trying to bind to profile: 1, while Bluetooth was disabled
03-18 02:26:54.327 I/SystemServer( 1609): StartSystemUI
03-18 02:26:54.328 D/SystemServerInitThreadPool( 1609): Started executing WebViewFactoryPreparation
03-18 02:26:54.328 I/SystemServer( 1609): WebViewFactoryPreparation
03-18 02:26:54.329 W/TelecomManager( 1609): Telecom Service not found.
03-18 02:26:54.331 D/UsbDeviceManager( 1609): push notification:USB charging this device
03-18 02:26:54.332 E/BluetoothVendorJni( 1782): register_com_android_bluetooth_btservice_vendor:
03-18 02:26:54.333 I/AudioFlinger( 1123): systemReady
03-18 02:26:54.334 D/SystemServerTiming( 1609): StartSystemUI took to complete: 7ms
03-18 02:26:54.335 W/TelecomManager( 1609): Telecom Service not found.
03-18 02:26:54.335 I/SystemServer( 1609): MakeNetworkScoreReady
03-18 02:26:54.335 D/SystemServerTiming( 1609): MakeNetworkScoreReady took to complete: 0ms
03-18 02:26:54.335 I/UsbPortManager( 1609): USB port added: port=UsbPort{id=otg_default, supportedModes=dual}, status=UsbPortStatus{connected=true, currentMode=ufp, currentPowerRole=sink, currentDataRole=device, supportedRoleCombinations=[source:host, sink:device]}, canChangeMode=true, canChangePowerRole=false, canChangeDataRole=false
03-18 02:26:54.336 I/SystemServer( 1609): MakeNetworkManagementServiceReady
03-18 02:26:54.337 W/Process ( 1609): Unable to open /proc/1746/status
03-18 02:26:54.342 D/NetworkManagement( 1609): enabling bandwidth control
03-18 02:26:54.343 W//system/bin/sdcard( 1822): Device explicitly enabled sdcardfs
03-18 02:26:54.352 D/CompatibilityInfo( 1609): mCompatibilityFlags - 4
03-18 02:26:54.352 D/CompatibilityInfo( 1609): applicationDensity - 240
03-18 02:26:54.352 D/CompatibilityInfo( 1609): applicationScale - 1.0
03-18 02:26:54.358 D/WebViewLibraryLoader( 1609): Setting new address space to 125701040
03-18 02:26:54.359 D/CompatibilityInfo( 1609): mCompatibilityFlags - 4
03-18 02:26:54.359 D/CompatibilityInfo( 1609): applicationDensity - 240
03-18 02:26:54.359 D/CompatibilityInfo( 1609): applicationScale - 1.0
03-18 02:26:54.360 D/CompatibilityInfo( 1609): mCompatibilityFlags - 4
03-18 02:26:54.360 D/CompatibilityInfo( 1609): applicationDensity - 240
03-18 02:26:54.360 D/CompatibilityInfo( 1609): applicationScale - 1.0
03-18 02:26:54.360 D/CompatibilityInfo( 1609): mCompatibilityFlags - 4
03-18 02:26:54.360 D/CompatibilityInfo( 1609): applicationDensity - 240
03-18 02:26:54.360 D/CompatibilityInfo( 1609): applicationScale - 1.0
03-18 02:26:54.363 D/VoldConnector( 1609): RCV <- {651 emulated 2}
03-18 02:26:54.366 D/VoldConnector( 1609): RCV <- {200 5 Command succeeded}
03-18 02:26:54.367 W/NetworkManagement( 1609): setDataSaverMode(): already false
03-18 02:26:54.368 I/ExtendedExtractor( 1130): QTIParser is prefered .. flags 0
03-18 02:26:54.369 D/MMParserExtractor( 1130): setExtraFlags called with flags 0 for paser instance 95443500
03-18 02:26:54.369 I/ExtendedExtractor( 1130): ExtendedExtractor::create 0x7295443500
03-18 02:26:54.369 E/MM_OSAL ( 1130): FileSource::FileSource
03-18 02:26:54.369 E/MM_OSAL ( 1130): FileSource::FileSource m_bEveryThingOK 1
03-18 02:26:54.369 E/MM_OSAL ( 1130): MM_File_Create failed .Efs Error No -1 , File Name /data/mmosal_logmask.cfg , Mode 0
03-18 02:26:54.369 E/MM_OSAL ( 1130): Open or read fail on /data/mmosal_logmask.cfg. Possible permission denied issue. Looking for /data/misc/media/mmosal_logmask.cfg
03-18 02:26:54.370 E/MM_OSAL ( 1130): MM_File_Create failed .Efs Error No -1 , File Name /data/misc/media/mmosal_logmask.cfg , Mode 0
03-18 02:26:54.371 V/NuMediaExtractor( 1609): setDataSource fd=205 (/system/media/audio/ui/Effect_Tick.ogg), offset=0, length=5136
03-18 02:26:54.372 D/SystemServerTiming( 1609): MakeNetworkManagementServiceReady took to complete: 36ms
03-18 02:26:54.372 I/SystemServer( 1609): MakeNetworkStatsServiceReady
03-18 02:26:54.373 D/AdapterServiceConfig( 1782): addA2dpProfile: isA2dpSinkEnabled = falseisHfpClientEnabled falseisAvrcpControllerEnabledfalse serviceNameHeadsetService
03-18 02:26:54.374 D/AdapterServiceConfig( 1782): Adding HeadsetService
03-18 02:26:54.374 D/AdapterServiceConfig( 1782): addA2dpProfile: isA2dpSinkEnabled = falseisHfpClientEnabled falseisAvrcpControllerEnabledfalse serviceNameA2dpService
03-18 02:26:54.374 D/AdapterServiceConfig( 1782): Adding A2dpService
03-18 02:26:54.374 D/AdapterServiceConfig( 1782): addA2dpProfile: isA2dpSinkEnabled = falseisHfpClientEnabled falseisAvrcpControllerEnabledfalse serviceNameA2dpSinkService
03-18 02:26:54.374 D/AdapterServiceConfig( 1782): addA2dpProfile: isA2dpSinkEnabled = falseisHfpClientEnabled falseisAvrcpControllerEnabledfalse serviceNameHidService
03-18 02:26:54.374 D/AdapterServiceConfig( 1782): Adding HidService
03-18 02:26:54.374 D/AdapterServiceConfig( 1782): addA2dpProfile: isA2dpSinkEnabled = falseisHfpClientEnabled falseisAvrcpControllerEnabledfalse serviceNameHealthService
03-18 02:26:54.374 D/AdapterServiceConfig( 1782): Adding HealthService
03-18 02:26:54.374 D/AdapterServiceConfig( 1782): addA2dpProfile: isA2dpSinkEnabled = falseisHfpClientEnabled falseisAvrcpControllerEnabledfalse serviceNamePanService
03-18 02:26:54.374 D/AdapterServiceConfig( 1782): Adding PanService
03-18 02:26:54.374 D/AdapterServiceConfig( 1782): addA2dpProfile: isA2dpSinkEnabled = falseisHfpClientEnabled falseisAvrcpControllerEnabledfalse serviceNameGattService
03-18 02:26:54.375 D/AdapterServiceConfig( 1782): Adding GattService
03-18 02:26:54.375 I/WifiService( 1609): requestActivityInfo uid=1000
03-18 02:26:54.375 I/WifiService( 1609): reportActivityInfo uid=1000
03-18 02:26:54.375 I/WifiService( 1609): getSupportedFeatures uid=1000
03-18 02:26:54.375 D/AdapterServiceConfig( 1782): addA2dpProfile: isA2dpSinkEnabled = falseisHfpClientEnabled falseisAvrcpControllerEnabledfalse serviceNameBluetoothMapService
03-18 02:26:54.375 D/AdapterServiceConfig( 1782): Adding BluetoothMapService
03-18 02:26:54.376 E/MediaExtractor( 1609): Trace connect 0x735eb0e840 0x735eaab780
03-18 02:26:54.376 D/AdapterServiceConfig( 1782): addA2dpProfile: isA2dpSinkEnabled = falseisHfpClientEnabled falseisAvrcpControllerEnabledfalse serviceNameAvrcpControllerService
03-18 02:26:54.377 D/AdapterServiceConfig( 1782): addA2dpProfile: isA2dpSinkEnabled = falseisHfpClientEnabled falseisAvrcpControllerEnabledfalse serviceNameSapService
03-18 02:26:54.377 E/BatteryExternalStatsWorker( 1609): no controller energy info supplied for wifi
03-18 02:26:54.377 E/BatteryExternalStatsWorker( 1609): no controller energy info supplied for telephony
03-18 02:26:54.377 D/AdapterServiceConfig( 1782): Adding SapService
03-18 02:26:54.377 W/AdapterServiceConfig( 1782): Could not find profile bit mask
03-18 02:26:54.377 D/AdapterServiceConfig( 1782): addA2dpProfile: isA2dpSinkEnabled = falseisHfpClientEnabled falseisAvrcpControllerEnabledfalse serviceNameBluetoothOppService
03-18 02:26:54.377 D/AdapterServiceConfig( 1782): Adding BluetoothOppService
03-18 02:26:54.378 W/AdapterServiceConfig( 1782): Could not find profile bit mask
03-18 02:26:54.378 D/AdapterServiceConfig( 1782): addA2dpProfile: isA2dpSinkEnabled = falseisHfpClientEnabled falseisAvrcpControllerEnabledfalse serviceNameBluetoothPbapService
03-18 02:26:54.378 D/AdapterServiceConfig( 1782): Adding BluetoothPbapService
03-18 02:26:54.389 I/OMXClient( 1609): Treble IOmx obtained
03-18 02:26:54.389 I/ExtendedExtractor( 1130): QTIParser is prefered .. flags 0
03-18 02:26:54.389 I/OMXMaster( 1138): makeComponentInstance(OMX.google.vorbis.decoder) in omx@1.0-service process
03-18 02:26:54.391 D/MMParserExtractor( 1130): setExtraFlags called with flags 0 for paser instance 9321aa00
03-18 02:26:54.391 I/ExtendedExtractor( 1130): ExtendedExtractor::create 0x729321aa00
03-18 02:26:54.393 E/MediaExtractor( 1609): Trace connect 0x735c830100 0x735c9e0680
03-18 02:26:54.394 E/OMXNodeInstance( 1138): getConfig(0xed723680:google.vorbis.decoder, ConfigAndroidVendorExtension(0x6f100004)) ERROR: Undefined(0x80001001)
03-18 02:26:54.394 W/ExtendedACodec( 1609): Failed to get extension for extradata parameter
03-18 02:26:54.398 W//system/bin/hw/android.hidl.allocator@1.0-service(  786): ashmem_create_region(65307) returning hidl_memory(0x796d42c4b0, 65307)
03-18 02:26:54.399 I/OMXClient( 1609): Treble IOmx obtained
03-18 02:26:54.400 I/OMXMaster( 1138): makeComponentInstance(OMX.google.vorbis.decoder) in omx@1.0-service process
03-18 02:26:54.402 W//system/bin/hw/android.hidl.allocator@1.0-service(  786): ashmem_create_region(65307) returning hidl_memory(0x796d42c4b0, 65307)
03-18 02:26:54.402 E/OMXNodeInstance( 1138): getConfig(0xed7235c0:google.vorbis.decoder, ConfigAndroidVendorExtension(0x6f100004)) ERROR: Undefined(0x80001001)
03-18 02:26:54.403 W//system/bin/hw/android.hidl.allocator@1.0-service(  786): ashmem_create_region(65307) returning hidl_memory(0x796d42c4b0, 65307)
03-18 02:26:54.403 W/ExtendedACodec( 1609): Failed to get extension for extradata parameter
03-18 02:26:54.403 W//system/bin/hw/android.hidl.allocator@1.0-service(  786): ashmem_create_region(65307) returning hidl_memory(0x796d42c4b0, 65307)
03-18 02:26:54.405 W//system/bin/hw/android.hidl.allocator@1.0-service(  786): ashmem_create_region(65307) returning hidl_memory(0x796d42c4b0, 65307)
03-18 02:26:54.406 W//system/bin/hw/android.hidl.allocator@1.0-service(  786): ashmem_create_region(32768) returning hidl_memory(0x796d42c4b0, 32768)
03-18 02:26:54.406 W//system/bin/hw/android.hidl.allocator@1.0-service(  786): ashmem_create_region(65307) returning hidl_memory(0x796d42c4b0, 65307)
03-18 02:26:54.406 W//system/bin/hw/android.hidl.allocator@1.0-service(  786): ashmem_create_region(32768) returning hidl_memory(0x796d42c4b0, 32768)
03-18 02:26:54.406 W//system/bin/hw/android.hidl.allocator@1.0-service(  786): ashmem_create_region(65307) returning hidl_memory(0x796d42c4b0, 65307)
03-18 02:26:54.407 W//system/bin/hw/android.hidl.allocator@1.0-service(  786): ashmem_create_region(32768) returning hidl_memory(0x796d42c4b0, 32768)
03-18 02:26:54.407 W//system/bin/hw/android.hidl.allocator@1.0-service(  786): ashmem_create_region(32768) returning hidl_memory(0x796d42c4b0, 32768)
03-18 02:26:54.408 D/NetworkPolicy( 1609): setRestrictBackgroundUL(): false
03-18 02:26:54.411 W/NetworkManagement( 1609): setDataSaverMode(): already false
03-18 02:26:54.414 W//system/bin/hw/android.hidl.allocator@1.0-service(  786): ashmem_create_region(65307) returning hidl_memory(0x796d42c4b0, 65307)
03-18 02:26:54.415 I/ActivityManager( 1609): Start proc 1850:WebViewLoader-armeabi-v7a/1037 [android.webkit.WebViewLibraryLoader$RelroFileCreator] for 
03-18 02:26:54.418 W//system/bin/hw/android.hidl.allocator@1.0-service(  786): ashmem_create_region(32768) returning hidl_memory(0x796d42c4b0, 32768)
03-18 02:26:54.423 W//system/bin/hw/android.hidl.allocator@1.0-service(  786): ashmem_create_region(32768) returning hidl_memory(0x796d42c4b0, 32768)
03-18 02:26:54.434 I/ActivityManager( 1609): Start proc 1862:WebViewLoader-arm64-v8a/1037 [android.webkit.WebViewLibraryLoader$RelroFileCreator] for 
03-18 02:26:54.438 D/SystemServerTimingAsync( 1609): WebViewFactoryPreparation took to complete: 110ms
03-18 02:26:54.438 D/SystemServerInitThreadPool( 1609): Finished executing WebViewFactoryPreparation
03-18 02:26:54.443 D/SystemServerTiming( 1609): MakeNetworkStatsServiceReady took to complete: 71ms
03-18 02:26:54.443 I/SystemServer( 1609): MakeConnectivityServiceReady
03-18 02:26:54.445 D/PermissionMonitor( 1609): Monitoring
03-18 02:26:54.455 D/PermissionMonitor( 1609): Users: 1, Apps: 83
03-18 02:26:54.461 V/WebViewLibraryLoader( 1862): RelroFileCreator (64bit = true),  32-bit lib: /system/app/webview/webview.apk!/lib/armeabi-v7a/libwebviewchromium.so, 64-bit lib: /system/app/webview/webview.apk!/lib/arm64-v8a/libwebviewchromium.so
03-18 02:26:54.462 W//system/bin/hw/android.hidl.allocator@1.0-service(  786): ashmem_create_region(32768) returning hidl_memory(0x796d42c4b0, 32768)
03-18 02:26:54.465 W//system/bin/hw/android.hidl.allocator@1.0-service(  786): ashmem_create_region(32768) returning hidl_memory(0x796d42c4b0, 32768)
03-18 02:26:54.465 D/SystemServerTiming( 1609): MakeConnectivityServiceReady took to complete: 22ms
03-18 02:26:54.465 I/SystemServer( 1609): MakeNetworkPolicyServiceReady
03-18 02:26:54.465 D/SystemServerTiming( 1609): MakeNetworkPolicyServiceReady took to complete: 0ms
03-18 02:26:54.465 I/SystemServer( 1609): StartWatchdog
03-18 02:26:54.465 D/SystemServerTiming( 1609): StartWatchdog took to complete: 1ms
03-18 02:26:54.478 V/NuMediaExtractor( 1609): setDataSource fd=207 (/system/media/audio/ui/KeypressStandard.ogg), offset=0, length=5837
03-18 02:26:54.484 V/WebViewLibraryLoader( 1850): RelroFileCreator (64bit = false),  32-bit lib: /system/app/webview/webview.apk!/lib/armeabi-v7a/libwebviewchromium.so, 64-bit lib: /system/app/webview/webview.apk!/lib/arm64-v8a/libwebviewchromium.so
03-18 02:26:54.487 I/ExtendedExtractor( 1130): QTIParser is prefered .. flags 0
03-18 02:26:54.487 D/MMParserExtractor( 1130): setExtraFlags called with flags 0 for paser instance 9321ae60
03-18 02:26:54.487 I/ExtendedExtractor( 1130): ExtendedExtractor::create 0x729321ae60
03-18 02:26:54.489 E/MediaExtractor( 1609): Trace connect 0x735a433f80 0x735c9e0700
03-18 02:26:54.494 D/SystemServerTimingAsync( 1609): AppDataPrepare took to complete: 1106ms
03-18 02:26:54.494 I/OMXClient( 1609): Treble IOmx obtained
03-18 02:26:54.494 I/PackageManager( 1609): Deferred reconcileAppsData finished 128 packages
03-18 02:26:54.494 D/SystemServerInitThreadPool( 1609): Finished executing prepareAppData
03-18 02:26:54.494 I/SystemServer( 1609): PhaseThirdPartyAppsCanStart
03-18 02:26:54.495 I/OMXMaster( 1138): makeComponentInstance(OMX.google.vorbis.decoder) in omx@1.0-service process
03-18 02:26:54.495 I/SystemServiceManager( 1609): Starting phase 600
03-18 02:26:54.497 D/qdlights(  797): helios set_helios_custom_notification_locked mode 0, colorRGB=00000000, onMS=0, offMS=0
03-18 02:26:54.499 V/WallpaperManagerService( 1609): bindWallpaperComponentLocked: componentName=ComponentInfo{com.android.systemui/com.android.systemui.ImageWallpaper}
03-18 02:26:54.499 E/OMXNodeInstance( 1138): getConfig(0xed7235c0:google.vorbis.decoder, ConfigAndroidVendorExtension(0x6f100004)) ERROR: Undefined(0x80001001)
03-18 02:26:54.500 W/ExtendedACodec( 1609): Failed to get extension for extradata parameter
03-18 02:26:54.502 W//system/bin/hw/android.hidl.allocator@1.0-service(  786): ashmem_create_region(65307) returning hidl_memory(0x796d42c4b0, 65307)
03-18 02:26:54.503 W//system/bin/hw/android.hidl.allocator@1.0-service(  786): ashmem_create_region(65307) returning hidl_memory(0x796d42c4b0, 65307)
03-18 02:26:54.505 W//system/bin/hw/android.hidl.allocator@1.0-service(  786): ashmem_create_region(32768) returning hidl_memory(0x796d42c4b0, 32768)
03-18 02:26:54.506 W//system/bin/hw/android.hidl.allocator@1.0-service(  786): ashmem_create_region(32768) returning hidl_memory(0x796d42c4b0, 32768)
03-18 02:26:54.510 D/SystemServerTiming( 1609): PhaseThirdPartyAppsCanStart took to complete: 15ms
03-18 02:26:54.510 I/SystemServer( 1609): MakeLocationServiceReady
03-18 02:26:54.517 D/GnssLocationProvider( 1609): Link to death notification successful
03-18 02:26:54.519 W/LocationManagerService( 1609): WLAN SKU, load overlayed network provider config values
03-18 02:26:54.520 W/ServiceWatcher( 1609): com.google.android.gms not found
03-18 02:26:54.520 W/LocationManagerService( 1609): no network location provider found
03-18 02:26:54.520 W/ServiceWatcher( 1609): com.qualcomm.location not found
03-18 02:26:54.520 W/LocationProviderProxy-fused( 1609): Odd, no component found for service com.android.location.service.FusedLocationProvider
03-18 02:26:54.521 E/LocationManagerService( 1609): no geocoder provider found
03-18 02:26:54.521 D/LocationManagerService( 1609): FLP HAL not supported
03-18 02:26:54.523 D/CompatibilityInfo( 1609): mCompatibilityFlags - 4
03-18 02:26:54.523 D/CompatibilityInfo( 1609): applicationDensity - 240
03-18 02:26:54.523 D/CompatibilityInfo( 1609): applicationScale - 1.0
03-18 02:26:54.523 D/LocationManagerService( 1609): Unable to bind FLP Geofence proxy.
03-18 02:26:54.523 E/ActivityRecognitionHardware( 1609): activity_recognition HAL is deprecated. is_supported is effectively a no-op
03-18 02:26:54.523 D/LocationManagerService( 1609): Hardware Activity-Recognition not supported.
03-18 02:26:54.523 E/ActivityRecognitionProxy( 1609): ServiceWatcher could not start.
03-18 02:26:54.524 D/LocationManagerService( 1609): Unable to bind ActivityRecognitionProxy.
03-18 02:26:54.525 D/SystemServerTiming( 1609): MakeLocationServiceReady took to complete: 15ms
03-18 02:26:54.525 I/SystemServer( 1609): MakeCountryDetectionServiceReady
03-18 02:26:54.525 D/SystemServerTiming( 1609): MakeCountryDetectionServiceReady took to complete: 0ms
03-18 02:26:54.526 I/SystemServer( 1609): MakeNetworkTimeUpdateReady
03-18 02:26:54.529 D/ConnectivityService( 1609): requestNetwork for uid/pid:1000/1609 NetworkRequest [ TRACK_DEFAULT id=5, [ Capabilities: INTERNET&NOT_RESTRICTED&TRUSTED&NOT_VPN] ]
03-18 02:26:54.530 V/SystemUIService( 1816): Starting SystemUI services for user 0.
03-18 02:26:54.530 D/SystemServerTiming( 1609): MakeNetworkTimeUpdateReady took to complete: 4ms
03-18 02:26:54.530 I/SystemServer( 1609): MakeCommonTimeManagementServiceReady
03-18 02:26:54.530 I/CommonTimeManagementService( 1609): No common time service detected on this platform.  Common time services will be unavailable.
03-18 02:26:54.530 D/SystemServerTiming( 1609): MakeCommonTimeManagementServiceReady took to complete: 0ms
03-18 02:26:54.530 I/SystemServer( 1609): MakeInputManagerServiceReady
03-18 02:26:54.532 D/SystemServerTiming( 1609): MakeInputManagerServiceReady took to complete: 1ms
03-18 02:26:54.532 I/SystemServer( 1609): MakeTelephonyRegistryReady
03-18 02:26:54.533 D/SystemServerTiming( 1609): MakeTelephonyRegistryReady took to complete: 1ms
03-18 02:26:54.533 I/SystemServer( 1609): MakeMediaRouterServiceReady
03-18 02:26:54.533 D/SystemServerTiming( 1609): MakeMediaRouterServiceReady took to complete: 0ms
03-18 02:26:54.533 I/SystemServer( 1609): MakeMmsServiceReady
03-18 02:26:54.533 I/MmsServiceBroker( 1609): Delay connecting to MmsService until an API is called
03-18 02:26:54.533 D/SystemServerTiming( 1609): MakeMmsServiceReady took to complete: 1ms
03-18 02:26:54.534 I/SystemServer( 1609): MakeNetworkScoreServiceReady
03-18 02:26:54.534 D/SystemServerTiming( 1609): MakeNetworkScoreServiceReady took to complete: 0ms
03-18 02:26:54.534 I/SystemServer( 1609): IncidentDaemonReady
03-18 02:26:54.534 D/SystemServerTiming( 1609): IncidentDaemonReady took to complete: 1ms
03-18 02:26:54.535 I/SystemServiceManager( 1609): Calling onStartUser u0
03-18 02:26:54.536 W/VoiceInteractionManagerService( 1609): no available voice interaction services found for user 0
03-18 02:26:54.536 W/VoiceInteractionManagerService( 1609): no available voice recognition services found for user 0
03-18 02:26:54.538 I/InputReader( 1609): Reconfiguring input devices.  changes=0x00000030
03-18 02:26:54.538 D/SystemUIBootTiming( 1816): StartServicesDependency took to complete: 7ms
03-18 02:26:54.548 D/BluetoothAdapterService( 1782): onCreate()
03-18 02:26:54.554 V/NuMediaExtractor( 1609): setDataSource fd=201 (/system/media/audio/ui/KeypressSpacebar.ogg), offset=0, length=5952
03-18 02:26:54.559 I/LatinIME( 1796): Hardware accelerated drawing: true
03-18 02:26:54.560 I/ActivityManager( 1609): Start proc 1888:.dataservices/1000 for added application .dataservices
03-18 02:26:54.568 I/ExtendedExtractor( 1130): QTIParser is prefered .. flags 0
03-18 02:26:54.569 D/MMParserExtractor( 1130): setExtraFlags called with flags 0 for paser instance 9321ab40
03-18 02:26:54.569 I/ExtendedExtractor( 1130): ExtendedExtractor::create 0x729321ab40
03-18 02:26:54.571 E/MediaExtractor( 1609): Trace connect 0x735a433fc0 0x735c9e0780
03-18 02:26:54.577 I/ActivityManager( 1609): Start proc 1902:com.qualcomm.qti.telephonyservice/1001 for added application com.qualcomm.qti.telephonyservice
03-18 02:26:54.578 I/OMXClient( 1609): Treble IOmx obtained
03-18 02:26:54.578 I/OMXMaster( 1138): makeComponentInstance(OMX.google.vorbis.decoder) in omx@1.0-service process
03-18 02:26:54.583 E/OMXNodeInstance( 1138): getConfig(0xed7235c0:google.vorbis.decoder, ConfigAndroidVendorExtension(0x6f100004)) ERROR: Undefined(0x80001001)
03-18 02:26:54.584 W/ExtendedACodec( 1609): Failed to get extension for extradata parameter
03-18 02:26:54.587 W//system/bin/hw/android.hidl.allocator@1.0-service(  786): ashmem_create_region(65307) returning hidl_memory(0x796d42c4b0, 65307)
03-18 02:26:54.589 W//system/bin/hw/android.hidl.allocator@1.0-service(  786): ashmem_create_region(65307) returning hidl_memory(0x796d42c4b0, 65307)
03-18 02:26:54.592 W//system/bin/hw/android.hidl.allocator@1.0-service(  786): ashmem_create_region(32768) returning hidl_memory(0x796d42c4b0, 32768)
03-18 02:26:54.594 W//system/bin/hw/android.hidl.allocator@1.0-service(  786): ashmem_create_region(32768) returning hidl_memory(0x796d42c4b0, 32768)
03-18 02:26:54.596 I/ActivityManager( 1609): Start proc 1920:com.android.phone/1001 for added application com.android.phone
03-18 02:26:54.597 I/ActivityManager( 1609): START u0 {act=android.intent.action.MAIN cat=[android.intent.category.HOME] flg=0x10000100 cmp=com.android.settings/.FallbackHome} from uid 0
03-18 02:26:54.601 I/zygote  ( 1850): System.exit called, status: 0
03-18 02:26:54.601 I/AndroidRuntime( 1850): VM exiting with result code 0, cleanup skipped.
03-18 02:26:54.604 W//system/bin/hwservicemanager(  638): getTransport: Cannot find entry vendor.qti.hardware.iop@1.0::IIop/default in either framework or device manifest.
03-18 02:26:54.605 E/ANDR-PERF-JNI( 1609): Iop tryGetService failed
03-18 02:26:54.619 D/WifiController( 1609): DEFERRED_TOGGLE handled
03-18 02:26:54.620 I/android.hardware.wifi@1.0-service(  804): Wifi HAL started
03-18 02:26:54.626 V/NuMediaExtractor( 1609): setDataSource fd=206 (/system/media/audio/ui/KeypressDelete.ogg), offset=0, length=5832
03-18 02:26:54.629 I/ActivityManager( 1609): Loaded persisted task ids for user 0
03-18 02:26:54.631 I/ExtendedExtractor( 1130): QTIParser is prefered .. flags 0
03-18 02:26:54.631 D/MMParserExtractor( 1130): setExtraFlags called with flags 0 for paser instance 9321af00
03-18 02:26:54.631 I/ExtendedExtractor( 1130): ExtendedExtractor::create 0x729321af00
03-18 02:26:54.632 E/MediaExtractor( 1609): Trace connect 0x735a4a4800 0x735a492100
03-18 02:26:54.637 I/OMXClient( 1609): Treble IOmx obtained
03-18 02:26:54.638 I/OMXMaster( 1138): makeComponentInstance(OMX.google.vorbis.decoder) in omx@1.0-service process
03-18 02:26:54.641 E/OMXNodeInstance( 1138): getConfig(0xed7235c0:google.vorbis.decoder, ConfigAndroidVendorExtension(0x6f100004)) ERROR: Undefined(0x80001001)
03-18 02:26:54.641 D/ActivityTrigger( 1609): activityStartTrigger: Activity is Triggerred in full screen ApplicationInfo{c9c75fc com.android.settings}
03-18 02:26:54.641 E/ActivityTrigger( 1609): activityStartTrigger: not whiteListedcom.android.settings/com.android.settings.FallbackHome/27
03-18 02:26:54.642 W/ExtendedACodec( 1609): Failed to get extension for extradata parameter
03-18 02:26:54.642 D/CompatibilityInfo( 1609): mCompatibilityFlags - 4
03-18 02:26:54.642 D/CompatibilityInfo( 1609): applicationDensity - 240
03-18 02:26:54.642 D/CompatibilityInfo( 1609): applicationScale - 1.0
03-18 02:26:54.642 D/ActivityTrigger( 1609): activityResumeTrigger: The activity in ApplicationInfo{c9c75fc com.android.settings} is now in focus and seems to be in full-screen mode
03-18 02:26:54.643 E/ActivityTrigger( 1609): activityResumeTrigger: not whiteListedcom.android.settings/com.android.settings.FallbackHome/27
03-18 02:26:54.644 W//system/bin/hw/android.hidl.allocator@1.0-service(  786): ashmem_create_region(65307) returning hidl_memory(0x796d42c4b0, 65307)
03-18 02:26:54.648 W//system/bin/hw/android.hidl.allocator@1.0-service(  786): ashmem_create_region(65307) returning hidl_memory(0x796d42c4b0, 65307)
03-18 02:26:54.650 W//system/bin/hw/android.hidl.allocator@1.0-service(  786): ashmem_create_region(32768) returning hidl_memory(0x796d42c4b0, 32768)
03-18 02:26:54.652 W//system/bin/hw/android.hidl.allocator@1.0-service(  786): ashmem_create_region(32768) returning hidl_memory(0x796d42c4b0, 32768)
03-18 02:26:54.658 I/WifiHAL (  804): Initializing wifi
03-18 02:26:54.659 I/LOWI-8.5.0.3.c( 1212): [LOWIController] isWifiEnabled: Wifi is now enabled
03-18 02:26:54.659 I/CLD80211(  804): /vendor/bin/hw/android.hardware.wifi@1.0-service: initialized exit socket pair
03-18 02:26:54.659 I/CLD80211(  804): /vendor/bin/hw/android.hardware.wifi@1.0-service: nlctrl family id: 16 group: host_logs mcast_id: 10
03-18 02:26:54.659 I/CLD80211(  804): /vendor/bin/hw/android.hardware.wifi@1.0-service: nlctrl family id: 16 group: fw_logs mcast_id: 11
03-18 02:26:54.659 I/CLD80211(  804): /vendor/bin/hw/android.hardware.wifi@1.0-service: nlctrl family id: 16 group: per_pkt_stats mcast_id: 12
03-18 02:26:54.659 I/CLD80211(  804): /vendor/bin/hw/android.hardware.wifi@1.0-service: nlctrl family id: 16 group: diag_events mcast_id: 13
03-18 02:26:54.659 I/CLD80211(  804): /vendor/bin/hw/android.hardware.wifi@1.0-service: nlctrl family id: 16 group: fatal_events mcast_id: 14
03-18 02:26:54.661 I/LOWI-8.5.0.3.c( 1212): [LOWI-ROME-RTT] RomeWipsOpen: libCld80211 found, load the symbols..
03-18 02:26:54.662 I/zygote64( 1862): System.exit called, status: 0
03-18 02:26:54.662 I/AndroidRuntime( 1862): VM exiting with result code 0, cleanup skipped.
03-18 02:26:54.662 I/ActivityManager( 1609): Start proc 1943:com.android.settings/1000 for activity com.android.settings/.FallbackHome
03-18 02:26:54.665 D/ActivityTrigger( 1609): activityResumeTrigger: The activity in ApplicationInfo{c9c75fc com.android.settings} is now in focus and seems to be in full-screen mode
03-18 02:26:54.665 E/ActivityTrigger( 1609): activityResumeTrigger: not whiteListedcom.android.settings/com.android.settings.FallbackHome/27
03-18 02:26:54.666 D/CompatibilityInfo( 1609): mCompatibilityFlags - 4
03-18 02:26:54.666 D/CompatibilityInfo( 1609): applicationDensity - 240
03-18 02:26:54.666 D/CompatibilityInfo( 1609): applicationScale - 1.0
03-18 02:26:54.666 D/SystemServerTiming( 1609): ActivityManagerStartApps took to complete: 132ms
03-18 02:26:54.667 D/SystemServerTiming( 1609): PhaseActivityManagerReady took to complete: 513ms
03-18 02:26:54.667 I/SystemServer( 1609): StartBTScanningService
03-18 02:26:54.667 I/SystemServer( 1609): System::BTScanningService
03-18 02:26:54.667 W/zygote64( 1609): Long monitor contention with owner main (1609) at void com.android.server.am.ActivityManagerService.systemReady(java.lang.Runnable, android.util.TimingsTraceLog)(ActivityManagerService.java:14499) waiters=1 in android.app.ContentProviderHolder com.android.server.am.ActivityManagerService.getContentProviderImpl(android.app.IApplicationThread, java.lang.String, android.os.IBinder, boolean, int) for 116ms
03-18 02:26:54.668 D/CompatibilityInfo( 1609): mCompatibilityFlags - 4
03-18 02:26:54.668 D/CompatibilityInfo( 1609): applicationDensity - 240
03-18 02:26:54.668 D/CompatibilityInfo( 1609): applicationScale - 1.0
03-18 02:26:54.673 D/CompatibilityInfo( 1609): mCompatibilityFlags - 4
03-18 02:26:54.673 D/CompatibilityInfo( 1609): applicationDensity - 240
03-18 02:26:54.673 D/CompatibilityInfo( 1609): applicationScale - 1.0
03-18 02:26:54.677 D/SystemUIBootTiming( 1816): StartServicesNotificationChannels took to complete: 139ms
03-18 02:26:54.677 I/CLD80211( 1212): lowi-server: initialized exit socket pair
03-18 02:26:54.677 I/CLD80211( 1212): lowi-server: nlctrl family id: 16 group: oem_msgs mcast_id: 15
03-18 02:26:54.677 I/BluetoothVendorJni( 1782): classInitNative: succeeds
03-18 02:26:54.678 D/BluetoothAdapterState( 1782): make() - Creating AdapterState
03-18 02:26:54.678 I/LOWI-8.5.0.3.c( 1212): [LOWI-Scan] lowi_close_record:Scan completed in 1ms and Recieved 0 APs scan results
03-18 02:26:54.678 I/LOWI-8.5.0.3.c( 1212): [LOWI-Scan] No frequency specified. Can not trigger fresh scan, cached scan failed
03-18 02:26:54.680 D/SystemUIBootTiming( 1816): StartServicesCommandQueueStart took to complete: 3ms
03-18 02:26:54.680 D/CompatibilityInfo( 1609): mCompatibilityFlags - 4
03-18 02:26:54.680 D/CompatibilityInfo( 1609): applicationDensity - 240
03-18 02:26:54.681 D/CompatibilityInfo( 1609): applicationScale - 1.0
03-18 02:26:54.683 I/bt_btif ( 1782): init
03-18 02:26:54.683 E/QMI_FW  ( 1212): QMUXD: WARNING qmi_qmux_if_pwr_up_init failed! rc=-6
03-18 02:26:54.684 D/bt_osi_allocation_tracker( 1782): canary initialized
03-18 02:26:54.684 I/bt_osi_thread( 1782): run_thread: thread id 1960, thread name stack_manager started
03-18 02:26:54.685 I/WifiHAL (  804): mpdu_size_threshold : 128, aggressive_statistics_gathering : 0
03-18 02:26:54.689 W/Looper  ( 1609): Dispatch took 128ms on android.ui, h=Handler (com.android.server.am.ActivityManagerService$UiHandler) {af29a00} cb=null msg=53
03-18 02:26:54.689 D/SystemServerTiming( 1609): StartBTScanningService took to complete: 22ms
03-18 02:26:54.689 W/LocationProviderProxy-fused( 1609): Odd, no component found for service com.android.location.service.FusedLocationProvider
03-18 02:26:54.690 I/WifiVendorHal( 1609): Vendor Hal started successfully
03-18 02:26:54.690 D/SystemServerInitThreadPool( 1609): Shutdown successful
03-18 02:26:54.690 D/SystemServerTiming( 1609): StartServices took to complete: 3510ms
03-18 02:26:54.691 I/SystemServer( 1609): Enabled StrictMode for system server main thread.
03-18 02:26:54.691 I/BluetoothAdapterState( 1782): Entering OffState
03-18 02:26:54.691 I/bt_stack_manager( 1782): event_init_stack is initializing the stack
03-18 02:26:54.692 D/WificondControl( 1609): Setting up driver for client mode
03-18 02:26:54.692 I/bt_utils( 1782): init_soc_type
03-18 02:26:54.694 I/bt_utils( 1782): qcom.bluetooth.soc set to cherokee
03-18 02:26:54.694 D/ConditionProviders.SCP( 1609): onConnected
03-18 02:26:54.695 I/wificond( 1136): create scanner for interface with index: 5
03-18 02:26:54.695 D/ZenLog  ( 1609): set_zen_mode: off,readXml
03-18 02:26:54.695 I/wificond( 1136): subscribe scan result for interface with index: 5
03-18 02:26:54.696 E/bt_btif_config( 1782): Config is missing adapter section
03-18 02:26:54.696 W/bt_btif_config( 1782): init unable to load config file: /data/misc/bluedroid/bt_config.conf; using backup.
03-18 02:26:54.697 D/ConditionProviders( 1609): Subscribing to condition://android/event?userId=-10000&calendar=&reply=1 with ComponentInfo{android/com.android.server.notification.EventConditionProvider}
03-18 02:26:54.697 E/bt_btif_config( 1782): Config is missing adapter section
03-18 02:26:54.697 W/bt_btif_config( 1782): init unable to load backup; attempting to transcode legacy file.
03-18 02:26:54.697 E/bt_btif_config_transcode( 1782): btif_config_transcode unable to load XML file '/data/misc/bluedroid/bt_config.xml': 3
03-18 02:26:54.697 E/bt_btif_config( 1782): init unable to transcode legacy file; creating empty config.
03-18 02:26:54.699 I/bt_osi_thread( 1782): run_thread: thread id 1966, thread name alarm_default_ca started
03-18 02:26:54.701 W//system/bin/hwservicemanager(  638): getTransport: Cannot find entry android.hardware.wifi.offload@1.0::IOffload/default in either framework or device manifest.
03-18 02:26:54.701 I/bt_osi_thread( 1782): run_thread: thread id 1968, thread name alarm_dispatcher started
03-18 02:26:54.701 E/wificond( 1136): No Offload Service available
03-18 02:26:54.701 I/wificond( 1136): Offload HAL not supported 
03-18 02:26:54.702 D/ZenLog  ( 1609): subscribe: condition://android/event?userId=-10000&calendar=&reply=1,ok
03-18 02:26:54.702 D/ConditionProviders( 1609): Subscribing to condition://android/schedule?days=1.2.3.4.5&start=22.0&end=7.0&exitAtAlarm=false with ComponentInfo{android/com.android.server.notification.ScheduleConditionProvider}
03-18 02:26:54.703 D/ZenLog  ( 1609): subscribe: condition://android/schedule?days=1.2.3.4.5&start=22.0&end=7.0&exitAtAlarm=false,ok
03-18 02:26:54.703 D/ConditionProviders( 1609): Subscribing to condition://android/schedule?days=6.7&start=23.30&end=10.0&exitAtAlarm=false with ComponentInfo{android/com.android.server.notification.ScheduleConditionProvider}
03-18 02:26:54.703 D/ZenLog  ( 1609): subscribe: condition://android/schedule?days=6.7&start=23.30&end=10.0&exitAtAlarm=false,ok
03-18 02:26:54.703 I/bt_btif_core( 1782): btif_init_bluetooth entered
03-18 02:26:54.705 D/CommandListener( 1133): Clearing all IP addresses on wlan0
03-18 02:26:54.715 D/bt_osi_config( 1782): config_parse no key/value separator found on line 339.
03-18 02:26:54.716 W/bt_device_interop( 1782):  feature:: 0, key :: 08:62:66, value :: Address_Based
03-18 02:26:54.716 W/bt_device_interop( 1782):  feature:: 0, key :: 38:2C:4A:C9, value :: Address_Based
03-18 02:26:54.716 W/bt_device_interop( 1782):  feature:: 0, key :: 38:2C:4A:E6, value :: Address_Based
03-18 02:26:54.716 W/bt_device_interop( 1782):  feature:: 0, key :: 54:A0:50:D9, value :: Address_Based
03-18 02:26:54.716 W/bt_device_interop( 1782):  feature:: 0, key :: AC:9E:17, value :: Address_Based
03-18 02:26:54.716 W/bt_device_interop( 1782):  feature:: 0, key :: F0:79:59, value :: Address_Based
03-18 02:26:54.716 W/bt_device_interop( 1782):  feature:: 0, key :: 80:E4:DA:70, value :: Address_Based
03-18 02:26:54.717 W/bt_device_interop( 1782):  feature:: 0, key :: 1C:96:5A, value :: Address_Based
03-18 02:26:54.717 W/bt_device_interop( 1782):  feature:: 0, key :: 80:EA:CA, value :: Address_Based
03-18 02:26:54.717 W/bt_device_interop( 1782):  feature:: 0, key :: 51:01:00, value :: Address_Based
03-18 02:26:54.717 W/bt_device_interop( 1782):  feature:: 0, key :: 61:01:00, value :: Address_Based
03-18 02:26:54.717 W/bt_device_interop( 1782):  feature:: 1, key :: 9C:DF:03, value :: Address_Based
03-18 02:26:54.717 W/bt_device_interop( 1782):  feature:: 2, key :: A0:E9:DB, value :: Address_Based
03-18 02:26:54.717 W/bt_device_interop( 1782):  feature:: 2, key :: 00:14:02, value :: Address_Based
03-18 02:26:54.717 W/bt_device_interop( 1782):  feature:: 2, key :: 1C:48:F9, value :: Address_Based
03-18 02:26:54.717 W/bt_device_interop( 1782):  feature:: 2, key :: 44:5E:F3, value :: Address_Based
03-18 02:26:54.717 W/bt_device_interop( 1782):  feature:: 2, key :: D4:9C:28, value :: Address_Based
03-18 02:26:54.717 W/bt_device_interop( 1782):  feature:: 2, key :: 00:18:6B, value :: Address_Based
03-18 02:26:54.717 W/bt_device_interop( 1782):  feature:: 2, key :: B8:AD:3E, value :: Address_Based
03-18 02:26:54.717 W/bt_device_interop( 1782):  feature:: 2, key :: 00:11:B1, value :: Address_Based
03-18 02:26:54.717 W/bt_device_interop( 1782):  feature:: 2, key :: A4:15:66, value :: Address_Based
03-18 02:26:54.717 W/bt_device_interop( 1782):  feature:: 2, key :: 00:14:F1, value :: Address_Based
03-18 02:26:54.717 W/bt_device_interop( 1782):  feature:: 2, key :: 00:26:7E, value :: Address_Based
03-18 02:26:54.717 W/bt_device_interop( 1782):  feature:: 2, key :: 90:03:B7, value :: Address_Based
03-18 02:26:54.718 W/bt_device_interop( 1782):  feature:: 2, key :: 04:F8:C2, value :: Address_Based
03-18 02:26:54.718 W/bt_device_interop( 1782):  feature:: 2, key :: 00:18:91, value :: Address_Based
03-18 02:26:54.718 W/bt_device_interop( 1782):  feature:: 2, key :: 00:24:1C, value :: Address_Based
03-18 02:26:54.718 W/bt_device_interop( 1782):  feature:: 3, key :: 34:C7:31, value :: Address_Based
03-18 02:26:54.718 W/bt_device_interop( 1782):  feature:: 3, key :: 00:07:04, value :: Address_Based
03-18 02:26:54.718 W/bt_device_interop( 1782):  feature:: 3, key :: E0:75:0A, value :: Address_Based
03-18 02:26:54.718 W/bt_device_interop( 1782):  feature:: 3, key :: Audi, value :: Name_Based
03-18 02:26:54.718 W/bt_device_interop( 1782):  feature:: 3, key :: BMW, value :: Name_Based
03-18 02:26:54.718 W/bt_device_interop( 1782):  feature:: 3, key :: Parrot, value :: Name_Based
03-18 02:26:54.718 W/bt_device_interop( 1782):  feature:: 3, key :: Car, value :: Name_Based
03-18 02:26:54.718 W/bt_device_interop( 1782):  feature:: 3, key :: NISSAN, value :: Name_Based
03-18 02:26:54.718 W/bt_device_interop( 1782):  feature:: 4, key :: 00:0F:F6, value :: Address_Based
03-18 02:26:54.718 W/bt_device_interop( 1782):  feature:: 5, key :: 00:18:91, value :: Address_Based
03-18 02:26:54.718 W/bt_device_interop( 1782):  feature:: 5, key :: 00:21:4F, value :: Address_Based
03-18 02:26:54.718 W/bt_device_interop( 1782):  feature:: 5, key :: 20:15:06, value :: Address_Based
03-18 02:26:54.719 W/bt_device_interop( 1782):  feature:: 5, key :: 9C:DF:03, value :: Address_Based
03-18 02:26:54.719 W/bt_device_interop( 1782):  feature:: 5, key :: 04:52:C7, value :: Address_Based
